 electromagnetAndLoadCell_slrt

 Timestamp is 5ac658ed (Thu Apr  5 13:12:13 2018)

 Preferred load address is 10000000

 Start         Length     Name                   Class
 0001:00000000 00061b28H .text$mn                CODE
 0002:00000000 00000104H .CRT$XCA                DATA
 0002:00000104 00000104H .CRT$XCZ                DATA
 0002:00000208 00000104H .CRT$XIA                DATA
 0002:0000030c 00000110H .CRT$XIC                DATA
 0002:0000041c 00000104H .CRT$XIZ                DATA
 0002:00000520 00000104H .CRT$XPA                DATA
 0002:00000624 0000010cH .CRT$XPX                DATA
 0002:00000730 00000104H .CRT$XPXA               DATA
 0002:00000834 00000104H .CRT$XPZ                DATA
 0002:00000938 00000104H .CRT$XTA                DATA
 0002:00000a3c 00000104H .CRT$XTZ                DATA
 0002:00000b40 0000c9b4H .rdata                  DATA
 0002:0000d4f4 0000038cH .rdata$r                DATA
 0002:0000d880 00000110H .rdata$sxdata           DATA
 0002:0000d990 000001c4H .rdata$zzzdbg           DATA
 0002:0000db54 00000104H .rtc$IAA                DATA
 0002:0000dc58 00000104H .rtc$IZZ                DATA
 0002:0000dd5c 00000104H .rtc$TAA                DATA
 0002:0000de60 00000108H .rtc$TZZ                DATA
 0002:0000df68 00000ac8H .xdata$x                DATA
 0002:0000ea30 000001f4H .edata                  DATA
 0003:00000000 00000f90H .data                   DATA
 0003:00000f90 000001f0H .data$r                 DATA
 0003:00001180 00013f20H .bss                    DATA
 0004:00000000 000001d4H .idata$5                DATA
 0004:000001d4 00000014H .idata$2                DATA
 0004:000001e8 00000014H .idata$3                DATA
 0004:000001fc 000001d4H .idata$4                DATA
 0004:000003d0 00000843H .idata$6                DATA
 0005:00000000 00000224H .gfids$x                DATA
 0005:00000224 000001a5H .gfids$y                DATA
 0006:00000000 00000104H .00cfg                  DATA

  Address         Publics by Value              Rva+Base       Lib:Object

 0000:00000000       ___dynamic_value_reloc_table 00000000     <absolute>
 0000:00000000       ___guard_iat_count         00000000     <absolute>
 0000:00000000       ___guard_longjmp_table     00000000     <absolute>
 0000:00000000       __except_list              00000000     <absolute>
 0000:00000000       ___guard_iat_table         00000000     <absolute>
 0000:00000000       ___guard_longjmp_count     00000000     <absolute>
 0000:00000000       ___guard_fids_count        00000000     <absolute>
 0000:00000000       ___guard_fids_table        00000000     <absolute>
 0000:00000003       ___safe_se_handler_count   00000003     <absolute>
 0000:00000100       ___guard_flags             00000100     <absolute>
 0000:00000000       ___ImageBase               10000000     <linker-defined>
 0001:00005ec0       _MdlInitialize             10006ec0 f   electromagnetAndLoadCell.obj
 0001:00005ed0       _MdlInitializeSampleTimes  10006ed0 f   electromagnetAndLoadCell.obj
 0001:00005ee0       _MdlInitializeSizes        10006ee0 f   electromagnetAndLoadCell.obj
 0001:00005ef0       _MdlOutputs                10006ef0 f   electromagnetAndLoadCell.obj
 0001:00005f50       _MdlStart                  10006f50 f   electromagnetAndLoadCell.obj
 0001:00005f60       _MdlTerminate              10006f60 f   electromagnetAndLoadCell.obj
 0001:00005f90       _MdlUpdate                 10006f90 f   electromagnetAndLoadCell.obj
 0001:00006020       ___local_stdio_printf_options 10007020 f i electromagnetAndLoadCell.obj
 0001:00006030       __vfprintf_l               10007030 f i electromagnetAndLoadCell.obj
 0001:00006060       _electromagnetAndLoadCell  10007060 f   electromagnetAndLoadCell.obj
 0001:00006e30       _printf                    10007e30 f i electromagnetAndLoadCell.obj
 0001:00006e70       _rt_mxCreateCharMatrixFromStrings 10007e70 f   rt_matrx.obj
 0001:00006fd0       _rt_mxCreateDoubleMatrix   10007fd0 f   rt_matrx.obj
 0001:00007030       _rt_mxCreateNumericArray   10008030 f   rt_matrx.obj
 0001:000070b0       _rt_mxCreateString         100080b0 f   rt_matrx.obj
 0001:00007140       _rt_mxDuplicateArray       10008140 f   rt_matrx.obj
 0001:000071a0       _rt_mxGetDimensions        100081a0 f   rt_matrx.obj
 0001:000071e0       _rt_mxGetEps               100081e0 f   rt_matrx.obj
 0001:000071f0       _rt_mxGetString            100081f0 f   rt_matrx.obj
 0001:00007270       _rtPrintfNoOp              10008270 f   rt_printf.obj
 0001:00007280       _electromagnetAndLoadCell_GetCAPIStaticMap 10008280 f   electromagnetAndLoadCell_capi.obj
 0001:00007290       _electromagnetAndLoadCell_InitializeDataMapInfo 10008290 f   electromagnetAndLoadCell_capi.obj
 0001:00007320       _rtGetInf                  10008320 f   rtGetInf.obj
 0001:00007350       _rtGetInfF                 10008350 f   rtGetInf.obj
 0001:00007370       _rtGetMinusInf             10008370 f   rtGetInf.obj
 0001:000073a0       _rtGetMinusInfF            100083a0 f   rtGetInf.obj
 0001:000073c0       _rtGetNaN                  100083c0 f   rtGetNaN.obj
 0001:000073f0       _rtGetNaNF                 100083f0 f   rtGetNaN.obj
 0001:00007410       _rtIsInf                   10008410 f   rt_nonfinite.obj
 0001:00007450       _rtIsInfF                  10008450 f   rt_nonfinite.obj
 0001:00007490       _rtIsNaN                   10008490 f   rt_nonfinite.obj
 0001:000074b0       _rtIsNaNF                  100084b0 f   rt_nonfinite.obj
 0001:000074d0       _rt_InitInfAndNaN          100084d0 f   rt_nonfinite.obj
 0001:00007530       _rt_CleanUpForStateLogWithMMI 10008530 f   rt_logging_mmi.obj
 0001:00007640       _rt_FillStateSigInfoFromMMI 10008640 f   rt_logging_mmi.obj
 0001:000079e0       _rtwCAPI_CountSysRan       100089e0 f   rtw_modelmap_utils.obj
 0001:00007a80       _rtwCAPI_EncodePath        10008a80 f   rtw_modelmap_utils.obj
 0001:00007b80       _rtwCAPI_FillSysRan        10008b80 f   rtw_modelmap_utils.obj
 0001:00007c70       _rtwCAPI_FreeFullPaths     10008c70 f   rtw_modelmap_utils.obj
 0001:00007d00       _rtwCAPI_GetFullStateBlockPath 10008d00 f   rtw_modelmap_utils.obj
 0001:00007eb0       _rtwCAPI_GetNumContStateRecords 10008eb0 f   rtw_modelmap_utils.obj
 0001:00007f70       _rtwCAPI_GetNumSigLogRecords 10008f70 f   rtw_modelmap_utils.obj
 0001:00007fc0       _rtwCAPI_GetNumSigLogRecordsForRTWLogging 10008fc0 f   rtw_modelmap_utils.obj
 0001:00008060       _rtwCAPI_GetNumStateRecords 10009060 f   rtw_modelmap_utils.obj
 0001:000080b0       _rtwCAPI_GetNumStateRecordsForRTWLogging 100090b0 f   rtw_modelmap_utils.obj
 0001:00008150       _rtwCAPI_GetSigAddrFromMap 10009150 f   rtw_modelmap_utils.obj
 0001:00008210       _rtwCAPI_GetSigLogRecordInfo 10009210 f   rtw_modelmap_utils.obj
 0001:00008640       _rtwCAPI_GetStateRecordInfo 10009640 f   rtw_modelmap_utils.obj
 0001:00008af0       _rtwCAPI_GetStateWidth     10009af0 f   rtw_modelmap_utils.obj
 0001:00008b50       _rtwCAPI_HasStates         10009b50 f   rtw_modelmap_utils.obj
 0001:00008bc0       _rtwCAPI_UpdateFullPaths   10009bc0 f   rtw_modelmap_utils.obj
 0001:00008da0       __vsnprintf_l              10009da0 f i rt_logging.obj
 0001:00008de0       __vsprintf_l               10009de0 f i rt_logging.obj
 0001:00008e20       _fprintf                   10009e20 f i rt_logging.obj
 0001:00009730       _rt_CreateLogVar           1000a730 f   rt_logging.obj
 0001:000097c0       _rt_CreateLogVarWithConvert 1000a7c0 f   rt_logging.obj
 0001:0000a140       _rt_CreateStructLogVar     1000b140 f   rt_logging.obj
 0001:0000aea0       _rt_GetMxIdFromDTypeId     1000bea0 f   rt_logging.obj
 0001:0000aed0       _rt_GetMxIdFromDTypeIdForRSim 1000bed0 f   rt_logging.obj
 0001:0000d7a0       _rt_StartDataLogging       1000e7a0 f   rt_logging.obj
 0001:0000dc60       _rt_StartDataLoggingWithStartTime 1000ec60 f   rt_logging.obj
 0001:0000e5c0       _rt_StopDataLogging        1000f5c0 f   rt_logging.obj
 0001:0000e5e0       _rt_StopDataLoggingImpl    1000f5e0 f   rt_logging.obj
 0001:0000e910       _rt_UpdateLogVar           1000f910 f   rt_logging.obj
 0001:0000fa30       _rt_UpdateStructLogVar     10010a30 f   rt_logging.obj
 0001:0000fac0       _rt_UpdateTXXFYLogVars     10010ac0 f   rt_logging.obj
 0001:0000fdf0       _rt_UpdateTXYLogVars       10010df0 f   rt_logging.obj
 0001:00010040       _sprintf                   10011040 f i rt_logging.obj
 0001:00010080       _DllMain@12                10011080 f   xpctarget.obj
 0001:00010090       _SLRTSetErrorStatus        10011090 f   xpctarget.obj
 0001:000100b0       _changeStepSize            100110b0 f   xpctarget.obj
 0001:00010100       _electromagnetAndLoadCell_ChangeStepSize 10011100 f   xpctarget.obj
 0001:00010150       _getDLMVersion             10011150 f   xpctarget.obj
 0001:00010160       _getRefMdlPath             10011160 f   xpctarget.obj
 0001:000101e0       _getRefMdlSignalNumber     100111e0 f   xpctarget.obj
 0001:00010290       _getrlmdlinfo              10011290 f   xpctarget.obj
 0001:00010470       _updateDiscreteEvents      10011470 f   xpctarget.obj
 0001:00010480       _getNumRef                 10011480 f   appmappingData.obj
 0001:00010490       _vprintf                   10011490 f i legacy_stdio.obj
 0001:000104d0       _adquanserq8               100114d0 f   adquanserq8.obj
 0001:00010bf0       _daquanserq8               10011bf0 f   daquanserq8.obj
 0001:00011560       _GetPCIDeviceFull          10012560 f   xpcruntime:xpcimports.obj
 0001:000115a0       _ShowPCIDevice             100125a0 f   xpcruntime:xpcimports.obj
 0001:00011d60       _xpcGetPciConfigAtSlot     10012d60 f   xpcruntime:xpcimports.obj
 0001:00012070       _xpcInitProcs              10013070 f   xpcruntime:xpcimports.obj
 0001:000133d0       _xpceuploadevent           100143d0 f   xpcruntime:xpcimports.obj
 0001:000133e0       __ftoui3                   100143e0 f   LIBCMT:_ftol3_.obj
 0001:000133ef       __ftoul3                   100143ef f   LIBCMT:_ftol3_.obj
 0001:000133fe       __ftol3                    100143fe f   LIBCMT:_ftol3_.obj
 0001:0001340b       __ftol3_NaN                1001440b f   LIBCMT:_ftol3_.obj
 0001:00013423       __ftol3_work               10014423 f   LIBCMT:_ftol3_.obj
 0001:000134a9       __ftol3_common             100144a9 f   LIBCMT:_ftol3_.obj
 0001:0001356b       __ftol3_arg_error          1001456b f   LIBCMT:_ftol3_.obj
 0001:0001357d       __ftol3_except             1001457d f   LIBCMT:_ftol3_.obj
 0001:000135c1       __dtoui3                   100145c1 f   LIBCMT:_ftol3_.obj
 0001:000135d0       __dtoul3                   100145d0 f   LIBCMT:_ftol3_.obj
 0001:000135df       __dtol3                    100145df f   LIBCMT:_ftol3_.obj
 0001:000135ec       __dtol3_NaN                100145ec f   LIBCMT:_ftol3_.obj
 0001:00013609       __dtol3_work               10014609 f   LIBCMT:_ftol3_.obj
 0001:000136f0       __ultod3                   100146f0 f   LIBCMT:_ftol3_.obj
 0001:00013730       __ltod3                    10014730 f   LIBCMT:_ftol3_.obj
 0001:00013834       ___raise_securityfailure   10014834 f   LIBCMT:gs_report.obj
 0001:00013866       ___report_gsfailure        10014866 f   LIBCMT:gs_report.obj
 0001:0001399f       ___report_rangecheckfailure 1001499f f   LIBCMT:gs_report.obj
 0001:000139ae       ___report_securityfailure  100149ae f   LIBCMT:gs_report.obj
 0001:00013ab2       ___report_securityfailureEx 10014ab2 f   LIBCMT:gs_report.obj
 0001:00013c0d       @__security_check_cookie@4 10014c0d f   LIBCMT:_secchk_.obj
 0001:00013c22       ___isa_available_init      10014c22 f   LIBCMT:_cpu_disp_.obj
 0001:000141ea       __CRT_INIT@12              100151ea f   LIBCMT:dll_dllmain.obj
 0001:000141f5       __DllMainCRTStartup@12     100151f5 f   LIBCMT:dll_dllmain.obj
 0001:00014220       ??$__crt_fast_decode_pointer@PAP6AXXZ@@YAPAP6AXXZQAP6AXXZ@Z 10015220 f i LIBCMT:utility.obj
 0001:00014239       ??$__crt_fast_encode_pointer@PAP6AXXZ@@YAPAP6AXXZQAP6AXXZ@Z 10015239 f i LIBCMT:utility.obj
 0001:0001425d       ?__crt_rotate_pointer_value@@YAIIH@Z 1001525d f i LIBCMT:utility.obj
 0001:0001426d       ?configure_argv@__scrt_narrow_argv_policy@@SAHXZ 1001526d f i LIBCMT:utility.obj
 0001:00014311       _NtCurrentTeb              10015311 f i LIBCMT:utility.obj
 0001:00014318       ___scrt_acquire_startup_lock 10015318 f   LIBCMT:utility.obj
 0001:0001435a       ___scrt_dllmain_after_initialize_c 1001535a f   LIBCMT:utility.obj
 0001:0001438f       ___scrt_dllmain_before_initialize_c 1001538f f   LIBCMT:utility.obj
 0001:000143a0       ___scrt_dllmain_crt_thread_attach 100153a0 f   LIBCMT:utility.obj
 0001:000143c6       ___scrt_dllmain_crt_thread_detach 100153c6 f   LIBCMT:utility.obj
 0001:000143d6       ___scrt_dllmain_exception_filter 100153d6 f   LIBCMT:utility.obj
 0001:00014415       ___scrt_dllmain_uninitialize_c 10015415 f   LIBCMT:utility.obj
 0001:00014440       ___scrt_dllmain_uninitialize_critical 10015440 f   LIBCMT:utility.obj
 0001:00014450       ___scrt_initialize_crt     10015450 f   LIBCMT:utility.obj
 0001:00014497       ___scrt_initialize_onexit_tables 10015497 f   LIBCMT:utility.obj
 0001:00014553       ___scrt_is_nonwritable_in_current_image 10015553 f   LIBCMT:utility.obj
 0001:000145ff       ___scrt_release_startup_lock 100155ff f   LIBCMT:utility.obj
 0001:00014623       ___scrt_uninitialize_crt   10015623 f   LIBCMT:utility.obj
 0001:00014655       __onexit                   10015655 f   LIBCMT:utility.obj
 0001:0001469e       _at_quick_exit             1001569e f   LIBCMT:utility.obj
 0001:000146db       _atexit                    100156db f   LIBCMT:utility.obj
 0001:000146f5       ___security_init_cookie    100156f5 f   LIBCMT:gs_support.obj
 0001:000147b8       ?__scrt_initialize_type_info@@YAXXZ 100157b8 f   LIBCMT:tncleanup.obj
 0001:000147c7       ?__scrt_uninitialize_type_info@@YAXXZ 100157c7 f   LIBCMT:tncleanup.obj
 0001:000147d6       ___local_stdio_scanf_options 100157d6 f i LIBCMT:default_local_stdio_options.obj
 0001:000147dc       ___scrt_initialize_default_local_stdio_options 100157dc f   LIBCMT:default_local_stdio_options.obj
 0001:00014800       ___scrt_get_dyn_tls_init_callback 10015800 f   LIBCMT:dyn_tls_init.obj
 0001:00014806       ___scrt_fastfail           10015806 f   LIBCMT:utility_desktop.obj
 0001:00014967       ___scrt_get_show_window_mode 10015967 f   LIBCMT:utility_desktop.obj
 0001:000149a6       ___scrt_initialize_winrt   100159a6 f   LIBCMT:utility_desktop.obj
 0001:000149a9       ___scrt_is_managed_app     100159a9 f   LIBCMT:utility_desktop.obj
 0001:000149fe       ___scrt_set_unhandled_exception_filter 100159fe f   LIBCMT:utility_desktop.obj
 0001:00014a0d       ___scrt_unhandled_exception_filter@4 10015a0d f   LIBCMT:utility_desktop.obj
 0001:00014a5e       __crt_debugger_hook        10015a5e f   LIBCMT:utility_desktop.obj
 0001:00014a68       __RTC_Initialize           10015a68 f   LIBCMT:_initsect_.obj
 0001:00014a9d       __RTC_Terminate            10015a9d f   LIBCMT:_initsect_.obj
 0001:00014ad2       @_guard_check_icall@4      10015ad2 f i LIBCMT:checkcfg.obj
 0001:00014ae0       __SEH_prolog4              10015ae0 f   LIBCMT:_sehprolg4_.obj
 0001:00014b26       __SEH_epilog4              10015b26 f   LIBCMT:_sehprolg4_.obj
 0001:00014b51       __get_startup_argv_mode    10015b51 f   LIBCMT:argv_mode.obj
 0001:00014b55       ___scrt_is_ucrt_dll_in_use 10015b55 f   LIBCMT:ucrt_detection.obj
 0001:00014b64       @_guard_check_icall_nop@4  10015b64 f i LIBCMT:guard_support.obj
 0001:00014b65       __guard_icall_checks_enforced 10015b65 f i LIBCMT:guard_support.obj
 0001:00014b7c       _GetModuleHandleA@4        10015b7c f   kernel32:KERNEL32.dll
 0001:00014b82       _GetProcAddress@8          10015b82 f   kernel32:KERNEL32.dll
 0001:00014b88       _UnhandledExceptionFilter@4 10015b88 f   kernel32:KERNEL32.dll
 0001:00014b8e       _SetUnhandledExceptionFilter@4 10015b8e f   kernel32:KERNEL32.dll
 0001:00014b94       _GetCurrentProcess@0       10015b94 f   kernel32:KERNEL32.dll
 0001:00014b9a       _TerminateProcess@8        10015b9a f   kernel32:KERNEL32.dll
 0001:00014ba0       _IsProcessorFeaturePresent@4 10015ba0 f   kernel32:KERNEL32.dll
 0001:00014ba6       _QueryPerformanceCounter@4 10015ba6 f   kernel32:KERNEL32.dll
 0001:00014bac       _GetCurrentProcessId@0     10015bac f   kernel32:KERNEL32.dll
 0001:00014bb2       _GetCurrentThreadId@0      10015bb2 f   kernel32:KERNEL32.dll
 0001:00014bb8       _GetSystemTimeAsFileTime@4 10015bb8 f   kernel32:KERNEL32.dll
 0001:00014bbe       _InitializeSListHead@4     10015bbe f   kernel32:KERNEL32.dll
 0001:00014bc4       _IsDebuggerPresent@0       10015bc4 f   kernel32:KERNEL32.dll
 0001:00014bca       _GetStartupInfoW@4         10015bca f   kernel32:KERNEL32.dll
 0001:00014bd0       _GetModuleHandleW@4        10015bd0 f   kernel32:KERNEL32.dll
 0001:00014be0       _memset                    10015be0 f   libvcruntime:memset.obj
 0001:00014d90       _memcpy                    10015d90 f   libvcruntime:memcpy.obj
 0001:00015470       _memmove                   10016470 f   libvcruntime:memmove.obj
 0001:00015b50       _strchr                    10016b50 f   libvcruntime:strchr.obj
 0001:00015bbe       ___from_strstr_to_strchr   10016bbe     libvcruntime:strchr.obj
 0001:00015d10       __except_handler4          10016d10 f   libvcruntime:_chandler4_.obj
 0001:00015ecf       ___vcrt_initialize         10016ecf f   libvcruntime:initialization.obj
 0001:00015f02       ___vcrt_thread_attach      10016f02 f   libvcruntime:initialization.obj
 0001:00015f0f       ___vcrt_thread_detach      10016f0f f   libvcruntime:initialization.obj
 0001:00015f1c       ___vcrt_uninitialize       10016f1c f   libvcruntime:initialization.obj
 0001:00015f42       ___vcrt_uninitialize_critical 10016f42 f   libvcruntime:initialization.obj
 0001:00015f5d       ??$?RD@__crt_internal_free_policy@@QBEXQBD@Z 10016f5d f i libvcruntime:std_type_info.obj
 0001:00015f71       ??$?RX@__crt_internal_free_policy@@QBEXQBX@Z 10016f71 f i libvcruntime:std_type_info.obj
 0001:00015f85       ??$__crt_interlocked_compare_exchange_pointer@$$CBD$$T$$T@@YAPBDPDSBD$$T1@Z 10016f85 f i libvcruntime:std_type_info.obj
 0001:00015f9b       ??$__crt_interlocked_compare_exchange_pointer@$$CBDPAD$$T@@YAPBDPDSBDQAD$$T@Z 10016f9b f i libvcruntime:std_type_info.obj
 0001:00015fb1       ??$__crt_interlocked_read_pointer@$$CBD@@YAPBDPDSBD@Z 10016fb1 f i libvcruntime:std_type_info.obj
 0001:00015fc5       ??0?$__crt_unique_heap_ptr@DU__crt_internal_free_policy@@@@QAE@QAD@Z 10016fc5 f i libvcruntime:std_type_info.obj
 0001:00015fd6       ??0?$__crt_unique_heap_ptr@XU__crt_internal_free_policy@@@@QAE@QAX@Z 10016fd6 f i libvcruntime:std_type_info.obj
 0001:00015fe7       ??1?$__crt_unique_heap_ptr@DU__crt_internal_free_policy@@@@QAE@XZ 10016fe7 f i libvcruntime:std_type_info.obj
 0001:00015ffb       ??1?$__crt_unique_heap_ptr@XU__crt_internal_free_policy@@@@QAE@XZ 10016ffb f i libvcruntime:std_type_info.obj
 0001:0001601b       ??B?$__crt_unique_heap_ptr@DU__crt_internal_free_policy@@@@QBE_NXZ 1001701b f i libvcruntime:std_type_info.obj
 0001:00016022       ??B?$__crt_unique_heap_ptr@XU__crt_internal_free_policy@@@@QBE_NXZ 10017022 f i libvcruntime:std_type_info.obj
 0001:00016051       ?detach@?$__crt_unique_heap_ptr@XU__crt_internal_free_policy@@@@QAEPAXXZ 10017051 f i libvcruntime:std_type_info.obj
 0001:00016057       ?get@?$__crt_unique_heap_ptr@DU__crt_internal_free_policy@@@@QBEPADXZ 10017057 f i libvcruntime:std_type_info.obj
 0001:0001605a       ?get@?$__crt_unique_heap_ptr@XU__crt_internal_free_policy@@@@QBEPAXXZ 1001705a f i libvcruntime:std_type_info.obj
 0001:0001605d       ?is_valid@?$__crt_unique_heap_ptr@DU__crt_internal_free_policy@@@@QBE_NXZ 1001705d f i libvcruntime:std_type_info.obj
 0001:00016064       ?is_valid@?$__crt_unique_heap_ptr@XU__crt_internal_free_policy@@@@QBE_NXZ 10017064 f i libvcruntime:std_type_info.obj
 0001:0001606b       ?release@?$__crt_unique_heap_ptr@DU__crt_internal_free_policy@@@@QAEXXZ 1001706b f i libvcruntime:std_type_info.obj
 0001:0001607f       ?release@?$__crt_unique_heap_ptr@XU__crt_internal_free_policy@@@@QAEXXZ 1001707f f i libvcruntime:std_type_info.obj
 0001:00016093       ___std_type_info_compare   10017093 f   libvcruntime:std_type_info.obj
 0001:000160de       ___std_type_info_destroy_list 100170de f   libvcruntime:std_type_info.obj
 0001:00016109       ___std_type_info_hash      10017109 f   libvcruntime:std_type_info.obj
 0001:00016138       ___std_type_info_name      10017138 f   libvcruntime:std_type_info.obj
 0001:00016240       __local_unwind4            10017240 f   libvcruntime:_exsup4_.obj
 0001:00016316       __seh_longjmp_unwind4@4    10017316 f   libvcruntime:_exsup4_.obj
 0001:0001633e       @_EH4_CallFilterFunc@8     1001733e f   libvcruntime:_exsup4_.obj
 0001:00016355       @_EH4_TransferToHandler@8  10017355 f   libvcruntime:_exsup4_.obj
 0001:0001636e       @_EH4_GlobalUnwind2@8      1001736e f   libvcruntime:_exsup4_.obj
 0001:00016387       @_EH4_LocalUnwind@16       10017387 f   libvcruntime:_exsup4_.obj
 0001:000163f5       ___except_validate_context_record 100173f5 f   libvcruntime:jbcxrval.obj
 0001:000163f6       ___except_validate_jump_buffer 100173f6 f   libvcruntime:jbcxrval.obj
 0001:000163f7       ??$?RU__vcrt_ptd@@@__crt_internal_free_policy@@QBEXQBU__vcrt_ptd@@@Z 100173f7 f i libvcruntime:per_thread_data.obj
 0001:0001640b       ??0?$__crt_unique_heap_ptr@U__vcrt_ptd@@U__crt_internal_free_policy@@@@QAE@QAU__vcrt_ptd@@@Z 1001740b f i libvcruntime:per_thread_data.obj
 0001:0001642e       ??1?$__crt_unique_heap_ptr@U__vcrt_ptd@@U__crt_internal_free_policy@@@@QAE@XZ 1001742e f i libvcruntime:per_thread_data.obj
 0001:0001644d       ??B?$__crt_unique_heap_ptr@U__vcrt_ptd@@U__crt_internal_free_policy@@@@QBE_NXZ 1001744d f i libvcruntime:per_thread_data.obj
 0001:00016454       ?detach@?$__crt_unique_heap_ptr@U__vcrt_ptd@@U__crt_internal_free_policy@@@@QAEPAU__vcrt_ptd@@XZ 10017454 f i libvcruntime:per_thread_data.obj
 0001:0001645a       ?get@?$__crt_unique_heap_ptr@U__vcrt_ptd@@U__crt_internal_free_policy@@@@QBEPAU__vcrt_ptd@@XZ 1001745a f i libvcruntime:per_thread_data.obj
 0001:0001645d       ?is_valid@?$__crt_unique_heap_ptr@U__vcrt_ptd@@U__crt_internal_free_policy@@@@QBE_NXZ 1001745d f i libvcruntime:per_thread_data.obj
 0001:00016464       ?release@?$__crt_unique_heap_ptr@U__vcrt_ptd@@U__crt_internal_free_policy@@@@QAEXXZ 10017464 f i libvcruntime:per_thread_data.obj
 0001:00016498       ___vcrt_freefls@4          10017498 f   libvcruntime:per_thread_data.obj
 0001:000164bb       ___vcrt_freeptd            100174bb f   libvcruntime:per_thread_data.obj
 0001:000164fe       ___vcrt_getptd             100174fe f   libvcruntime:per_thread_data.obj
 0001:0001650f       ___vcrt_getptd_noexit      1001750f f   libvcruntime:per_thread_data.obj
 0001:000165c5       ___vcrt_initialize_ptd     100175c5 f   libvcruntime:per_thread_data.obj
 0001:00016604       ___vcrt_uninitialize_ptd   10017604 f   libvcruntime:per_thread_data.obj
 0001:00016625       ___vcrt_initialize_locks   10017625 f   libvcruntime:locks.obj
 0001:00016670       ___vcrt_lock               10017670 f   libvcruntime:locks.obj
 0001:0001668a       ___vcrt_uninitialize_locks 1001768a f   libvcruntime:locks.obj
 0001:000166c4       ___vcrt_unlock             100176c4 f   libvcruntime:locks.obj
 0001:000166de       ??$?BX@__crt_fast_encoded_nullptr_t@@QBEPAXXZ 100176de f i libvcruntime:winapi_downlevel.obj
 0001:000166fc       ??$__crt_fast_decode_pointer@PAX@@YAPAXQAX@Z 100176fc f i libvcruntime:winapi_downlevel.obj
 0001:00016715       ??$__crt_fast_encode_pointer@PAX@@YAPAXQAX@Z 10017715 f i libvcruntime:winapi_downlevel.obj
 0001:00016739       ??$__crt_interlocked_compare_exchange_pointer@UHINSTANCE__@@$$T$$T@@YAPAUHINSTANCE__@@PDSAU0@$$T1@Z 10017739 f i libvcruntime:winapi_downlevel.obj
 0001:0001674f       ??$__crt_interlocked_compare_exchange_pointer@X$$T$$T@@YAPAXPDSAX$$T1@Z 1001774f f i libvcruntime:winapi_downlevel.obj
 0001:00016765       ??$__crt_interlocked_exchange_pointer@UHINSTANCE__@@PAU1@@@YAPAUHINSTANCE__@@PDSAU0@QAU0@@Z 10017765 f i libvcruntime:winapi_downlevel.obj
 0001:00016775       ??$__crt_interlocked_exchange_pointer@UHINSTANCE__@@PAX@@YAPAUHINSTANCE__@@PDSAU0@QAX@Z 10017775 f i libvcruntime:winapi_downlevel.obj
 0001:00016785       ??$__crt_interlocked_exchange_pointer@XPAX@@YAPAXPDSAXQAX@Z 10017785 f i libvcruntime:winapi_downlevel.obj
 0001:00016795       ??$__crt_interlocked_read_pointer@UHINSTANCE__@@@@YAPAUHINSTANCE__@@PDSAU0@@Z 10017795 f i libvcruntime:winapi_downlevel.obj
 0001:000167a9       ??$__crt_interlocked_read_pointer@X@@YAPAXPDSAX@Z 100177a9 f i libvcruntime:winapi_downlevel.obj
 0001:000167bd       ?__crt_fast_encode_pointer@@YA?AU__crt_fast_encoded_nullptr_t@@$$T@Z 100177bd f i libvcruntime:winapi_downlevel.obj
 0001:00016b01       ___vcrt_EventRegister      10017b01 f   libvcruntime:winapi_downlevel.obj
 0001:00016b51       ___vcrt_EventSetInformation 10017b51 f   libvcruntime:winapi_downlevel.obj
 0001:00016ba4       ___vcrt_EventUnregister    10017ba4 f   libvcruntime:winapi_downlevel.obj
 0001:00016bec       ___vcrt_EventWriteTransfer 10017bec f   libvcruntime:winapi_downlevel.obj
 0001:00016c47       ___vcrt_FlsAlloc           10017c47 f   libvcruntime:winapi_downlevel.obj
 0001:00016c8f       ___vcrt_FlsFree            10017c8f f   libvcruntime:winapi_downlevel.obj
 0001:00016cd7       ___vcrt_FlsGetValue        10017cd7 f   libvcruntime:winapi_downlevel.obj
 0001:00016d1f       ___vcrt_FlsSetValue        10017d1f f   libvcruntime:winapi_downlevel.obj
 0001:00016d6b       ___vcrt_InitializeCriticalSectionEx 10017d6b f   libvcruntime:winapi_downlevel.obj
 0001:00016dc2       ___vcrt_initialize_winapi_thunks 10017dc2 f   libvcruntime:winapi_downlevel.obj
 0001:00016e0a       ___vcrt_uninitialize_winapi_thunks 10017e0a f   libvcruntime:winapi_downlevel.obj
 0001:00016e48       ??$?B$$A6AXXZ@__crt_fast_encoded_nullptr_t@@QBEP6AXXZXZ 10017e48 f i libvcruntime:purevirt_data.obj
 0001:00016e66       ??$__crt_fast_encode_pointer@P6AXXZ@@YAP6AXXZQ6AXXZ@Z 10017e66 f i libvcruntime:purevirt_data.obj
 0001:00016e8a       ___vcrt_initialize_pure_virtual_call_handler 10017e8a f   libvcruntime:purevirt_data.obj
 0001:00016eae       ??$__vcrt_va_start_verify_argument_type@QBD@@YAXXZ 10017eae f i libvcruntime:undname.obj
 0001:00016eaf       ??0Block@_HeapManager@@QAE@XZ 10017eaf f i libvcruntime:undname.obj
 0001:00016eb5       ??0DName@@QAE@AAPBDD@Z     10017eb5 f   libvcruntime:undname.obj
 0001:00016f9c       ??0DName@@QAE@ABV0@@Z      10017f9c f i libvcruntime:undname.obj
 0001:00016fb7       ??0DName@@QAE@D@Z          10017fb7 f   libvcruntime:undname.obj
 0001:00016fee       ??0DName@@QAE@PAV0@@Z      10017fee f   libvcruntime:undname.obj
 0001:0001704e       ??0DName@@QAE@PBD@Z        1001804e f   libvcruntime:undname.obj
 0001:00017096       ??0DName@@QAE@W4DNameStatus@@@Z 10018096 f   libvcruntime:undname.obj
 0001:000170e9       ??0DName@@QAE@XZ           100180e9 f i libvcruntime:undname.obj
 0001:000170fe       ??0DName@@QAE@_J@Z         100180fe f   libvcruntime:undname.obj
 0001:000171b8       ??0DName@@QAE@_K@Z         100181b8 f   libvcruntime:undname.obj
 0001:00017242       ??0DNameNode@@IAE@XZ       10018242 f   libvcruntime:undname.obj
 0001:0001724d       ??0DNameStatusNode@@AAE@W4DNameStatus@@@Z 1001824d f   libvcruntime:undname.obj
 0001:00017278       ??0Replicator@@QAE@XZ      10018278 f i libvcruntime:undname.obj
 0001:0001727e       ??0UnDecorator@@QAE@PADPBDHP6APADJ@ZK@Z 1001827e f i libvcruntime:undname.obj
 0001:00017301       ??0charNode@@QAE@D@Z       10018301 f   libvcruntime:undname.obj
 0001:0001731b       ??0pDNameNode@@QAE@PAVDName@@@Z 1001831b f   libvcruntime:undname.obj
 0001:0001734d       ??0pairNode@@QAE@PAVDNameNode@@0@Z 1001834d f   libvcruntime:undname.obj
 0001:00017373       ??0pcharNode@@QAE@PBDH@Z   10018373 f   libvcruntime:undname.obj
 0001:000173e2       ??2@YAPAXIAAV_HeapManager@@H@Z 100183e2 f i libvcruntime:undname.obj
 0001:000173fc       ??4DName@@QAEAAV0@ABV0@@Z  100183fc f   libvcruntime:undname.obj
 0001:00017417       ??4DName@@QAEAAV0@D@Z      10018417 f i libvcruntime:undname.obj
 0001:0001744e       ??4DName@@QAEAAV0@PAV0@@Z  1001844e f   libvcruntime:undname.obj
 0001:000174a9       ??4DName@@QAEAAV0@PBD@Z    100184a9 f   libvcruntime:undname.obj
 0001:000174e7       ??4DName@@QAEAAV0@W4DNameStatus@@@Z 100184e7 f   libvcruntime:undname.obj
 0001:00017529       ??AReplicator@@QBE?AVDName@@H@Z 10018529 f   libvcruntime:undname.obj
 0001:00017574       ??BUnDecorator@@QAEPADXZ   10018574 f i libvcruntime:undname.obj
 0001:0001774b       ??H@YA?AVDName@@DABV0@@Z   1001874b f i libvcruntime:undname.obj
 0001:00017778       ??H@YA?AVDName@@PBDABV0@@Z 10018778 f i libvcruntime:undname.obj
 0001:000177a5       ??H@YA?AVDName@@W4DNameStatus@@ABV0@@Z 100187a5 f i libvcruntime:undname.obj
 0001:000177d2       ??HDName@@QBE?AV0@ABV0@@Z  100187d2 f   libvcruntime:undname.obj
 0001:000177fc       ??HDName@@QBE?AV0@D@Z      100187fc f   libvcruntime:undname.obj
 0001:00017826       ??HDName@@QBE?AV0@PAV0@@Z  10018826 f   libvcruntime:undname.obj
 0001:00017850       ??HDName@@QBE?AV0@PBD@Z    10018850 f   libvcruntime:undname.obj
 0001:0001787a       ??HDName@@QBE?AV0@W4DNameStatus@@@Z 1001887a f   libvcruntime:undname.obj
 0001:000178a4       ??YDName@@QAEAAV0@ABV0@@Z  100188a4 f   libvcruntime:undname.obj
 0001:000178f7       ??YDName@@QAEAAV0@D@Z      100188f7 f   libvcruntime:undname.obj
 0001:0001795b       ??YDName@@QAEAAV0@PAV0@@Z  1001895b f   libvcruntime:undname.obj
 0001:000179d9       ??YDName@@QAEAAV0@PBD@Z    100189d9 f   libvcruntime:undname.obj
 0001:00017a52       ??YDName@@QAEAAV0@W4DNameStatus@@@Z 10018a52 f   libvcruntime:undname.obj
 0001:00017aa2       ??YReplicator@@QAEAAV0@ABVDName@@@Z 10018aa2 f   libvcruntime:undname.obj
 0001:00017afe       ??_5DName@@QAEAAV0@ABV0@@Z 10018afe f   libvcruntime:undname.obj
 0001:00017b21       ?Constructor@_HeapManager@@QAEXP6APAXI@ZP6AXPAX@Z@Z 10018b21 f i libvcruntime:undname.obj
 0001:00017b45       ?Destructor@_HeapManager@@QAEXXZ 10018b45 f i libvcruntime:undname.obj
 0001:00017b8c       ?UScore@UnDecorator@@SAPBDW4Tokens@@@Z 10018b8c f   libvcruntime:undname.obj
 0001:00017bb0       ?append@DName@@AAEXPAVDNameNode@@@Z 10018bb0 f   libvcruntime:undname.obj
 0001:00017c07       ?composeDeclaration@UnDecorator@@CA?AVDName@@ABV2@@Z 10018c07 f i libvcruntime:undname.obj
 0001:00018c42       ?doAccessSpecifiers@UnDecorator@@SAHXZ 10019c42 f i libvcruntime:undname.obj
 0001:00018c53       ?doAllocationLanguage@UnDecorator@@SAHXZ 10019c53 f i libvcruntime:undname.obj
 0001:00018c64       ?doAllocationModel@UnDecorator@@SAHXZ 10019c64 f i libvcruntime:undname.obj
 0001:00018c75       ?doEcsu@UnDecorator@@SAHXZ 10019c75 f i libvcruntime:undname.obj
 0001:00018c86       ?doEllipsis@UnDecorator@@SAHXZ 10019c86 f i libvcruntime:undname.obj
 0001:00018c97       ?doFunctionReturns@UnDecorator@@SAHXZ 10019c97 f i libvcruntime:undname.obj
 0001:00018ca8       ?doMSKeywords@UnDecorator@@SAHXZ 10019ca8 f i libvcruntime:undname.obj
 0001:00018cb8       ?doMemberTypes@UnDecorator@@SAHXZ 10019cb8 f i libvcruntime:undname.obj
 0001:00018cc9       ?doNameOnly@UnDecorator@@SAHXZ 10019cc9 f i libvcruntime:undname.obj
 0001:00018cd6       ?doNoIdentCharCheck@UnDecorator@@SAHXZ 10019cd6 f i libvcruntime:undname.obj
 0001:00018ce3       ?doPchar@DName@@AAEXPBDH@Z 10019ce3 f   libvcruntime:undname.obj
 0001:00018d8f       ?doPtr64@UnDecorator@@SAHXZ 10019d8f f i libvcruntime:undname.obj
 0001:00018da0       ?doRestrictionSpec@UnDecorator@@SAHXZ 10019da0 f i libvcruntime:undname.obj
 0001:00018db1       ?doThisTypes@UnDecorator@@SAHXZ 10019db1 f i libvcruntime:undname.obj
 0001:00018dc7       ?doThrowTypes@UnDecorator@@SAHXZ 10019dc7 f i libvcruntime:undname.obj
 0001:00018dd8       ?doTypeOnly@UnDecorator@@SAHXZ 10019dd8 f i libvcruntime:undname.obj
 0001:00018de5       ?doUnderScore@UnDecorator@@SAHXZ 10019de5 f i libvcruntime:undname.obj
 0001:00018df2       ?getArgumentList@UnDecorator@@CA?AVDName@@XZ 10019df2 f   libvcruntime:undname.obj
 0001:00018f41       ?getArgumentTypes@UnDecorator@@CA?AVDName@@XZ 10019f41 f   libvcruntime:undname.obj
 0001:00019059       ?getArrayType@UnDecorator@@CA?AVDName@@ABV2@@Z 1001a059 f i libvcruntime:undname.obj
 0001:000192db       ?getBasedType@UnDecorator@@CA?AVDName@@XZ 1001a2db f   libvcruntime:undname.obj
 0001:0001939a       ?getBasicDataType@UnDecorator@@CA?AVDName@@ABV2@@Z 1001a39a f   libvcruntime:undname.obj
 0001:00019884       ?getCallIndex@UnDecorator@@CA?AVDName@@XZ 1001a884 f i libvcruntime:undname.obj
 0001:0001989d       ?getCallingConvention@UnDecorator@@CA?AVDName@@XZ 1001a89d f   libvcruntime:undname.obj
 0001:0001998b       ?getDataIndirectType@UnDecorator@@CA?AVDName@@ABV2@PBD0H@Z 1001a98b f   libvcruntime:undname.obj
 0001:0001a136       ?getDataIndirectType@UnDecorator@@CA?AVDName@@XZ 1001b136 f i libvcruntime:undname.obj
 0001:0001a17d       ?getDataType@UnDecorator@@CA?AVDName@@PAV2@@Z 1001b17d f   libvcruntime:undname.obj
 0001:0001a283       ?getDecoratedName@UnDecorator@@CA?AVDName@@XZ 1001b283 f   libvcruntime:undname.obj
 0001:0001a562       ?getDimension@UnDecorator@@CA?AVDName@@_N@Z 1001b562 f   libvcruntime:undname.obj
 0001:0001a6e6       ?getDispatchTarget@UnDecorator@@CA?AVDName@@XZ 1001b6e6 f   libvcruntime:undname.obj
 0001:0001a757       ?getDisplacement@UnDecorator@@CA?AVDName@@XZ 1001b757 f i libvcruntime:undname.obj
 0001:0001a770       ?getECSUDataType@UnDecorator@@CA?AVDName@@XZ 1001b770 f   libvcruntime:undname.obj
 0001:0001a8d4       ?getECSUName@UnDecorator@@CA?AVDName@@XZ 1001b8d4 f i libvcruntime:undname.obj
 0001:0001a8e9       ?getEnumType@UnDecorator@@CA?AVDName@@XZ 1001b8e9 f i libvcruntime:undname.obj
 0001:0001aa10       ?getExtendedDataIndirectType@UnDecorator@@CA?AVDName@@AAPBDAA_NH@Z 1001ba10 f   libvcruntime:undname.obj
 0001:0001ac23       ?getExternalDataType@UnDecorator@@CA?AVDName@@ABV2@@Z 1001bc23 f i libvcruntime:undname.obj
 0001:0001acba       ?getFunctionIndirectType@UnDecorator@@CA?AVDName@@ABV2@@Z 1001bcba f   libvcruntime:undname.obj
 0001:0001b1c5       ?getGuardNumber@UnDecorator@@CA?AVDName@@XZ 1001c1c5 f i libvcruntime:undname.obj
 0001:0001b1de       ?getLastChar@DName@@QBEDXZ 1001c1de f i libvcruntime:undname.obj
 0001:0001b204       ?getLastChar@DNameStatusNode@@UBEDXZ 1001c204 f i libvcruntime:undname.obj
 0001:0001b213       ?getLastChar@charNode@@UBEDXZ 1001c213 f i libvcruntime:undname.obj
 0001:0001b217       ?getLastChar@pDNameNode@@UBEDXZ 1001c217 f i libvcruntime:undname.obj
 0001:0001b228       ?getLastChar@pairNode@@UBEDXZ 1001c228 f i libvcruntime:undname.obj
 0001:0001b267       ?getLastChar@pcharNode@@UBEDXZ 1001c267 f i libvcruntime:undname.obj
 0001:0001b27d       ?getLexicalFrame@UnDecorator@@CA?AVDName@@XZ 1001c27d f i libvcruntime:undname.obj
 0001:0001b2c9       ?getMemory@_HeapManager@@QAEPAXIH@Z 1001c2c9 f   libvcruntime:undname.obj
 0001:0001b37a       ?getNumberOfDimensions@UnDecorator@@CAHXZ 1001c37a f   libvcruntime:undname.obj
 0001:0001b3f3       ?getOperatorName@UnDecorator@@CA?AVDName@@_NPA_N@Z 1001c3f3 f i libvcruntime:undname.obj
 0001:0001bba3       ?getPointerType@UnDecorator@@CA?AVDName@@ABV2@0@Z 1001cba3 f i libvcruntime:undname.obj
 0001:0001bbc8       ?getPointerTypeArray@UnDecorator@@CA?AVDName@@ABV2@0@Z 1001cbc8 f i libvcruntime:undname.obj
 0001:0001bbed       ?getPrimaryDataType@UnDecorator@@CA?AVDName@@ABV2@@Z 1001cbed f   libvcruntime:undname.obj
 0001:0001be5e       ?getPtrRefDataType@UnDecorator@@CA?AVDName@@ABV2@H@Z 1001ce5e f   libvcruntime:undname.obj
 0001:0001bfa0       ?getPtrRefType@UnDecorator@@CA?AVDName@@ABV2@0PBD@Z 1001cfa0 f   libvcruntime:undname.obj
 0001:0001c0db       ?getReferenceType@UnDecorator@@CA?AVDName@@ABV2@0PBD@Z 1001d0db f i libvcruntime:undname.obj
 0001:0001c0fe       ?getRestrictionSpec@UnDecorator@@CA?AVDName@@XZ 1001d0fe f   libvcruntime:undname.obj
 0001:0001c22c       ?getReturnType@UnDecorator@@CA?AVDName@@PAV2@@Z 1001d22c f   libvcruntime:undname.obj
 0001:0001c266       ?getScope@UnDecorator@@CA?AVDName@@XZ 1001d266 f   libvcruntime:undname.obj
 0001:0001c73b       ?getScopedName@UnDecorator@@CA?AVDName@@XZ 1001d73b f   libvcruntime:undname.obj
 0001:0001c874       ?getSignedDimension@UnDecorator@@CA?AVDName@@XZ 1001d874 f   libvcruntime:undname.obj
 0001:0001c8db       ?getStorageConvention@UnDecorator@@CA?AVDName@@XZ 1001d8db f i libvcruntime:undname.obj
 0001:0001c8f0       ?getString@DName@@QBEPADPAD0@Z 1001d8f0 f i libvcruntime:undname.obj
 0001:0001c927       ?getString@DName@@QBEPADPADH@Z 1001d927 f i libvcruntime:undname.obj
 0001:0001c992       ?getString@DNameStatusNode@@UBEPADPAD0@Z 1001d992 f i libvcruntime:undname.obj
 0001:0001c9c2       ?getString@charNode@@UBEPADPAD0@Z 1001d9c2 f i libvcruntime:undname.obj
 0001:0001c9dc       ?getString@pDNameNode@@UBEPADPAD0@Z 1001d9dc f i libvcruntime:undname.obj
 0001:0001c9f8       ?getString@pairNode@@UBEPADPAD0@Z 1001d9f8 f i libvcruntime:undname.obj
 0001:0001ca4d       ?getString@pcharNode@@UBEPADPAD0@Z 1001da4d f i libvcruntime:undname.obj
 0001:0001ca6e       ?getStringEncoding@UnDecorator@@CA?AVDName@@PADH@Z 1001da6e f   libvcruntime:undname.obj
 0001:0001cb39       ?getStringHelper@@YAPADPAD00H@Z 1001db39 f i libvcruntime:undname.obj
 0001:0001cb7d       ?getSymbolName@UnDecorator@@CA?AVDName@@XZ 1001db7d f i libvcruntime:undname.obj
 0001:0001cbd7       ?getTemplateArgumentList@UnDecorator@@CA?AVDName@@XZ 1001dbd7 f   libvcruntime:undname.obj
 0001:0001cf24       ?getTemplateConstant@UnDecorator@@CA?AVDName@@XZ 1001df24 f   libvcruntime:undname.obj
 0001:0001d339       ?getTemplateName@UnDecorator@@CA?AVDName@@_N@Z 1001e339 f   libvcruntime:undname.obj
 0001:0001d4e4       ?getThisType@UnDecorator@@CA?AVDName@@XZ 1001e4e4 f i libvcruntime:undname.obj
 0001:0001d52c       ?getThrowTypes@UnDecorator@@CA?AVDName@@XZ 1001e52c f   libvcruntime:undname.obj
 0001:0001d5d8       ?getTypeEncoding@UnDecorator@@CAHXZ 1001e5d8 f i libvcruntime:undname.obj
 0001:0001d9d4       ?getVCallThunkType@UnDecorator@@CA?AVDName@@XZ 1001e9d4 f i libvcruntime:undname.obj
 0001:0001da1d       ?getVbTableType@UnDecorator@@CA?AVDName@@ABV2@@Z 1001ea1d f i libvcruntime:undname.obj
 0001:0001da37       ?getVdispMapType@UnDecorator@@CA?AVDName@@ABV2@@Z 1001ea37 f i libvcruntime:undname.obj
 0001:0001daa2       ?getVfTableType@UnDecorator@@CA?AVDName@@ABV2@@Z 1001eaa2 f i libvcruntime:undname.obj
 0001:0001dc60       ?getZName@UnDecorator@@CA?AVDName@@_N0@Z 1001ec60 f   libvcruntime:undname.obj
 0001:0001df30       ?haveTemplateParameters@UnDecorator@@SAHXZ 1001ef30 f i libvcruntime:undname.obj
 0001:0001df3d       ?isArray@DName@@QBEHXZ     1001ef3d f i libvcruntime:undname.obj
 0001:0001df49       ?isComArray@DName@@QBEHXZ  1001ef49 f i libvcruntime:undname.obj
 0001:0001df55       ?isEmpty@DName@@QBEHXZ     1001ef55 f i libvcruntime:undname.obj
 0001:0001df5f       ?isFull@Replicator@@QBEHXZ 1001ef5f f i libvcruntime:undname.obj
 0001:0001df6a       ?isNoTE@DName@@QBEHXZ      1001ef6a f i libvcruntime:undname.obj
 0001:0001df76       ?isPinPtr@DName@@QBEHXZ    1001ef76 f i libvcruntime:undname.obj
 0001:0001df82       ?isPtrRef@DName@@QBEHXZ    1001ef82 f i libvcruntime:undname.obj
 0001:0001df8e       ?isUDC@DName@@QBEHXZ       1001ef8e f i libvcruntime:undname.obj
 0001:0001dfa3       ?isUDTThunk@DName@@QBEHXZ  1001efa3 f i libvcruntime:undname.obj
 0001:0001dfb8       ?isVCallThunk@DName@@QBEHXZ 1001efb8 f i libvcruntime:undname.obj
 0001:0001dfc4       ?isValid@DName@@QBEHXZ     1001efc4 f i libvcruntime:undname.obj
 0001:0001dfd0       ?length@DName@@QBEHXZ      1001efd0 f i libvcruntime:undname.obj
 0001:0001dff5       ?length@DNameStatusNode@@UBEHXZ 1001eff5 f i libvcruntime:undname.obj
 0001:0001dff9       ?length@charNode@@UBEHXZ   1001eff9 f i libvcruntime:undname.obj
 0001:0001dffd       ?length@pDNameNode@@UBEHXZ 1001effd f i libvcruntime:undname.obj
 0001:0001e00e       ?length@pairNode@@UBEHXZ   1001f00e f i libvcruntime:undname.obj
 0001:0001e06a       ?length@pcharNode@@UBEHXZ  1001f06a f i libvcruntime:undname.obj
 0001:0001e06e       ?make@DNameStatusNode@@SAPAV1@W4DNameStatus@@@Z 1001f06e f i libvcruntime:undname.obj
 0001:0001e115       ?setIsArray@DName@@QAEXXZ  1001f115 f i libvcruntime:undname.obj
 0001:0001e11f       ?setIsComArray@DName@@QAEXXZ 1001f11f f i libvcruntime:undname.obj
 0001:0001e129       ?setIsNoTE@DName@@QAEXXZ   1001f129 f i libvcruntime:undname.obj
 0001:0001e133       ?setIsPinPtr@DName@@QAEXXZ 1001f133 f i libvcruntime:undname.obj
 0001:0001e13d       ?setIsUDC@DName@@QAEXXZ    1001f13d f i libvcruntime:undname.obj
 0001:0001e14d       ?setIsVCallThunk@DName@@QAEXXZ 1001f14d f i libvcruntime:undname.obj
 0001:0001e157       ?setPtrRef@DName@@QAEAAV1@XZ 1001f157 f i libvcruntime:undname.obj
 0001:0001e163       ?status@DName@@QBE?AW4DNameStatus@@XZ 1001f163 f i libvcruntime:undname.obj
 0001:0001e1e8       ___unDName                 1001f1e8 f   libvcruntime:undname.obj
 0001:0001e2a2       ___unDNameEx               1001f2a2 f   libvcruntime:undname.obj
 0001:0001e35c       __vsprintf_s_l             1001f35c f i libvcruntime:undname.obj
 0001:0001e394       _sprintf_s                 1001f394 f i libvcruntime:undname.obj
 0001:0001e3c0       __global_unwind2           1001f3c0 f   libvcruntime:_exsup_.obj
 0001:0001e425       __local_unwind2            1001f425 f   libvcruntime:_exsup_.obj
 0001:0001e4a9       __abnormal_termination     1001f4a9 f   libvcruntime:_exsup_.obj
 0001:0001e4cc       __NLG_Notify1              1001f4cc f   libvcruntime:_exsup_.obj
 0001:0001e4d5       __NLG_Notify               1001f4d5 f   libvcruntime:_exsup_.obj
 0001:0001e4ec       __NLG_Dispatch             1001f4ec     libvcruntime:_exsup_.obj
 0001:0001e4ec       __NLG_Dispatch2            1001f4ec     libvcruntime:_exsup_.obj
 0001:0001e4f4       __NLG_Call                 1001f4f4 f   libvcruntime:_exsup_.obj
 0001:0001e4f6       __NLG_Return2              1001f4f6     libvcruntime:_exsup_.obj
 0001:0001e544       ??$__crt_fast_decode_pointer@P6AXXZ@@YAP6AXXZQ6AXXZ@Z 1001f544 f i libvcruntime:purevirt.obj
 0001:0001e55d       ??$__crt_interlocked_compare_exchange_pointer@$$A6AXXZ$$T$$T@@YAP6AXXZPDS6AXXZ$$T1@Z 1001f55d f i libvcruntime:purevirt.obj
 0001:0001e573       ??$__crt_interlocked_exchange_pointer@$$A6AXXZP6AXXZ@@YAP6AXXZPDS6AXXZQ6AXXZ@Z 1001f573 f i libvcruntime:purevirt.obj
 0001:0001e583       ??$__crt_interlocked_read_pointer@$$A6AXXZ@@YAP6AXXZPDS6AXXZ@Z 1001f583 f i libvcruntime:purevirt.obj
 0001:0001e597       __get_purecall_handler     1001f597 f   libvcruntime:purevirt.obj
 0001:0001e5bd       __purecall                 1001f5bd f   libvcruntime:purevirt.obj
 0001:0001e5de       __set_purecall_handler     1001f5de f   libvcruntime:purevirt.obj
 0001:0001e60c       _malloc                    1001f60c f   libucrt:malloc.obj
 0001:0001e619       ??$?RPAU__crt_stdio_stream_data@@@__crt_internal_free_policy@@QBEXQBQAU__crt_stdio_stream_data@@@Z 1001f619 f i libucrt:_file.obj
 0001:0001e62f       ??0?$__crt_unique_heap_ptr@PAU__crt_stdio_stream_data@@U__crt_internal_free_policy@@@@QAE@QAPAU__crt_stdio_stream_data@@@Z 1001f62f f i libucrt:_file.obj
 0001:0001e643       ??0__crt_stdio_stream@@QAE@QAU_iobuf@@@Z 1001f643 f i libucrt:_file.obj
 0001:0001e657       ??1?$__crt_unique_heap_ptr@PAU__crt_stdio_stream_data@@U__crt_internal_free_policy@@@@QAE@XZ 1001f657 f i libucrt:_file.obj
 0001:0001e66d       ??C__crt_stdio_stream@@QBEPAU__crt_stdio_stream_data@@XZ 1001f66d f i libucrt:_file.obj
 0001:0001e670       ?detach@?$__crt_unique_heap_ptr@PAU__crt_stdio_stream_data@@U__crt_internal_free_policy@@@@QAEPAPAU__crt_stdio_stream_data@@XZ 1001f670 f i libucrt:_file.obj
 0001:0001e676       ?release@?$__crt_unique_heap_ptr@PAU__crt_stdio_stream_data@@U__crt_internal_free_policy@@@@QAEXXZ 1001f676 f i libucrt:_file.obj
 0001:0001e68c       ___acrt_initialize_stdio   1001f68c f   libucrt:_file.obj
 0001:0001e786       ___acrt_iob_func           1001f786 f   libucrt:_file.obj
 0001:0001e79a       ___acrt_uninitialize_stdio 1001f79a f   libucrt:_file.obj
 0001:0001e7f9       __get_stream_buffer_pointers 1001f7f9 f   libucrt:_file.obj
 0001:0001e850       __lock_file                1001f850 f   libucrt:_file.obj
 0001:0001e869       __unlock_file              1001f869 f   libucrt:_file.obj
 0001:0001e882       ??$?0ABV?$stream_output_adapter@D@__crt_stdio_output@@AB_KABQBDABQAU__crt_locale_pointers@@ABQAD@?$format_validation_base@DV?$stream_output_adapter@D@__crt_stdio_output@@@__crt_stdio_output@@IAE@ABV?$stream_output_adapter@D@1@AB_KABQBDABQAU__crt_locale_pointers@@ABQAD@Z 1001f882 f i libucrt:output.obj
 0001:0001e8ad       ??$?0ABV?$stream_output_adapter@D@__crt_stdio_output@@AB_KABQBDABQAU__crt_locale_pointers@@ABQAD@?$positional_parameter_base@DV?$stream_output_adapter@D@__crt_stdio_output@@@__crt_stdio_output@@IAE@ABV?$stream_output_adapter@D@1@AB_KABQBDABQAU__crt_locale_pointers@@ABQAD@Z 1001f8ad f i libucrt:output.obj
 0001:0001e907       ??$?0ABV?$stream_output_adapter@D@__crt_stdio_output@@AB_KABQBDABQAU__crt_locale_pointers@@ABQAD@?$standard_base@DV?$stream_output_adapter@D@__crt_stdio_output@@@__crt_stdio_output@@IAE@ABV?$stream_output_adapter@D@1@AB_KABQBDABQAU__crt_locale_pointers@@ABQAD@Z 1001f907 f i libucrt:output.obj
 0001:0001e949       ??$?0ABV?$stream_output_adapter@_W@__crt_stdio_output@@AB_KABQB_WABQAU__crt_locale_pointers@@ABQAD@?$format_validation_base@_WV?$stream_output_adapter@_W@__crt_stdio_output@@@__crt_stdio_output@@IAE@ABV?$stream_output_adapter@_W@1@AB_KABQB_WABQAU__crt_locale_pointers@@ABQAD@Z 1001f949 f i libucrt:output.obj
 0001:0001e974       ??$?0ABV?$stream_output_adapter@_W@__crt_stdio_output@@AB_KABQB_WABQAU__crt_locale_pointers@@ABQAD@?$positional_parameter_base@_WV?$stream_output_adapter@_W@__crt_stdio_output@@@__crt_stdio_output@@IAE@ABV?$stream_output_adapter@_W@1@AB_KABQB_WABQAU__crt_locale_pointers@@ABQAD@Z 1001f974 f i libucrt:output.obj
 0001:0001e9ce       ??$?0ABV?$stream_output_adapter@_W@__crt_stdio_output@@AB_KABQB_WABQAU__crt_locale_pointers@@ABQAD@?$standard_base@_WV?$stream_output_adapter@_W@__crt_stdio_output@@@__crt_stdio_output@@IAE@ABV?$stream_output_adapter@_W@1@AB_KABQB_WABQAU__crt_locale_pointers@@ABQAD@Z 1001f9ce f i libucrt:output.obj
 0001:0001ea10       ??$?0ABV?$string_output_adapter@D@__crt_stdio_output@@AB_KABQBDABQAU__crt_locale_pointers@@ABQAD@?$format_validation_base@DV?$string_output_adapter@D@__crt_stdio_output@@@__crt_stdio_output@@IAE@ABV?$string_output_adapter@D@1@AB_KABQBDABQAU__crt_locale_pointers@@ABQAD@Z 1001fa10 f i libucrt:output.obj
 0001:0001ea3b       ??$?0ABV?$string_output_adapter@D@__crt_stdio_output@@AB_KABQBDABQAU__crt_locale_pointers@@ABQAD@?$positional_parameter_base@DV?$string_output_adapter@D@__crt_stdio_output@@@__crt_stdio_output@@IAE@ABV?$string_output_adapter@D@1@AB_KABQBDABQAU__crt_locale_pointers@@ABQAD@Z 1001fa3b f i libucrt:output.obj
 0001:0001ea95       ??$?0ABV?$string_output_adapter@D@__crt_stdio_output@@AB_KABQBDABQAU__crt_locale_pointers@@ABQAD@?$standard_base@DV?$string_output_adapter@D@__crt_stdio_output@@@__crt_stdio_output@@IAE@ABV?$string_output_adapter@D@1@AB_KABQBDABQAU__crt_locale_pointers@@ABQAD@Z 1001fa95 f i libucrt:output.obj
 0001:0001ead7       ??$?0ABV?$string_output_adapter@_W@__crt_stdio_output@@AB_KABQB_WABQAU__crt_locale_pointers@@ABQAD@?$format_validation_base@_WV?$string_output_adapter@_W@__crt_stdio_output@@@__crt_stdio_output@@IAE@ABV?$string_output_adapter@_W@1@AB_KABQB_WABQAU__crt_locale_pointers@@ABQAD@Z 1001fad7 f i libucrt:output.obj
 0001:0001eb02       ??$?0ABV?$string_output_adapter@_W@__crt_stdio_output@@AB_KABQB_WABQAU__crt_locale_pointers@@ABQAD@?$positional_parameter_base@_WV?$string_output_adapter@_W@__crt_stdio_output@@@__crt_stdio_output@@IAE@ABV?$string_output_adapter@_W@1@AB_KABQB_WABQAU__crt_locale_pointers@@ABQAD@Z 1001fb02 f i libucrt:output.obj
 0001:0001eb5c       ??$?0ABV?$string_output_adapter@_W@__crt_stdio_output@@AB_KABQB_WABQAU__crt_locale_pointers@@ABQAD@?$standard_base@_WV?$string_output_adapter@_W@__crt_stdio_output@@@__crt_stdio_output@@IAE@ABV?$string_output_adapter@_W@1@AB_KABQB_WABQAU__crt_locale_pointers@@ABQAD@Z 1001fb5c f i libucrt:output.obj
 0001:0001eb9e       ??$?RV<lambda_2293f24e3ce1ad6fe22ccfb9dec07671>@@AAV<lambda_2565fc715a641e539f44ad02d6823606>@@V<lambda_d3217f279b832965d9ca670dc2993570>@@@?$__crt_seh_guarded_call@H@@QAEH$$QAV<lambda_2293f24e3ce1ad6fe22ccfb9dec07671>@@AAV<lambda_2565fc715a641e539f44ad02d6823606>@@$$QAV<lambda_d3217f279b832965d9ca670dc2993570>@@@Z 1001fb9e f i libucrt:output.obj
 0001:0001ec03       ??$?RV<lambda_4d4ac866be0fa3c441830420fabdd2cb>@@AAV<lambda_63a10c2dc8dbb9e4dd1890be52af7c93>@@V<lambda_002af9fa0f8fe472b648c51882d4fc32>@@@?$__crt_seh_guarded_call@H@@QAEH$$QAV<lambda_4d4ac866be0fa3c441830420fabdd2cb>@@AAV<lambda_63a10c2dc8dbb9e4dd1890be52af7c93>@@$$QAV<lambda_002af9fa0f8fe472b648c51882d4fc32>@@@Z 1001fc03 f i libucrt:output.obj
 0001:0001ec68       ??$?RV<lambda_5be909dfbae0a631386585770cd7b676>@@AAV<lambda_e516058a9c289d98c8ca9fea99247804>@@V<lambda_afe2e0cdc5e0ecf6f0d6f5e2f8985e38>@@@?$__crt_seh_guarded_call@H@@QAEH$$QAV<lambda_5be909dfbae0a631386585770cd7b676>@@AAV<lambda_e516058a9c289d98c8ca9fea99247804>@@$$QAV<lambda_afe2e0cdc5e0ecf6f0d6f5e2f8985e38>@@@Z 1001fc68 f i libucrt:output.obj
 0001:0001eccd       ??$?RV<lambda_823d65812123d985753d53e2a8c25d20>@@AAV<lambda_0a97c9e57da7be065955385c79108ff2>@@V<lambda_4d2973f3ad2d226f00468307185dca1b>@@@?$__crt_seh_guarded_call@H@@QAEH$$QAV<lambda_823d65812123d985753d53e2a8c25d20>@@AAV<lambda_0a97c9e57da7be065955385c79108ff2>@@$$QAV<lambda_4d2973f3ad2d226f00468307185dca1b>@@@Z 1001fccd f i libucrt:output.obj
 0001:0001ed32       ??$?RV<lambda_ab9923ffb5d694ec0d78876dd103e44f>@@AAV<lambda_481dd5778c961fbcd3b60b650e9b9dc4>@@V<lambda_7923d86c9e3f319b415918ec4b39749c>@@@?$__crt_seh_guarded_call@H@@QAEH$$QAV<lambda_ab9923ffb5d694ec0d78876dd103e44f>@@AAV<lambda_481dd5778c961fbcd3b60b650e9b9dc4>@@$$QAV<lambda_7923d86c9e3f319b415918ec4b39749c>@@@Z 1001fd32 f i libucrt:output.obj
 0001:0001ed97       ??$?RV<lambda_db08b09ef7aa9d4f8620ce68402612bc>@@AAV<lambda_4f2c1eaeead2a5fc776db5b62ea0fb9b>@@V<lambda_3ae262bc35d4ba6a3825c4f6bcaaf95c>@@@?$__crt_seh_guarded_call@H@@QAEH$$QAV<lambda_db08b09ef7aa9d4f8620ce68402612bc>@@AAV<lambda_4f2c1eaeead2a5fc776db5b62ea0fb9b>@@$$QAV<lambda_3ae262bc35d4ba6a3825c4f6bcaaf95c>@@@Z 1001fd97 f i libucrt:output.obj
 0001:0001edfc       ??$__acrt_lock_stream_and_call@V<lambda_0a97c9e57da7be065955385c79108ff2>@@@@YAHQAU_iobuf@@$$QAV<lambda_0a97c9e57da7be065955385c79108ff2>@@@Z 1001fdfc f i libucrt:output.obj
 0001:0001ee2e       ??$__acrt_lock_stream_and_call@V<lambda_2565fc715a641e539f44ad02d6823606>@@@@YAHQAU_iobuf@@$$QAV<lambda_2565fc715a641e539f44ad02d6823606>@@@Z 1001fe2e f i libucrt:output.obj
 0001:0001ee60       ??$__acrt_lock_stream_and_call@V<lambda_481dd5778c961fbcd3b60b650e9b9dc4>@@@@YAHQAU_iobuf@@$$QAV<lambda_481dd5778c961fbcd3b60b650e9b9dc4>@@@Z 1001fe60 f i libucrt:output.obj
 0001:0001ee92       ??$__acrt_lock_stream_and_call@V<lambda_4f2c1eaeead2a5fc776db5b62ea0fb9b>@@@@YAHQAU_iobuf@@$$QAV<lambda_4f2c1eaeead2a5fc776db5b62ea0fb9b>@@@Z 1001fe92 f i libucrt:output.obj
 0001:0001eec4       ??$__acrt_lock_stream_and_call@V<lambda_63a10c2dc8dbb9e4dd1890be52af7c93>@@@@YAHQAU_iobuf@@$$QAV<lambda_63a10c2dc8dbb9e4dd1890be52af7c93>@@@Z 1001fec4 f i libucrt:output.obj
 0001:0001eef6       ??$__acrt_lock_stream_and_call@V<lambda_e516058a9c289d98c8ca9fea99247804>@@@@YAHQAU_iobuf@@$$QAV<lambda_e516058a9c289d98c8ca9fea99247804>@@@Z 1001fef6 f i libucrt:output.obj
 0001:0001ef28       ??$__crt_interlocked_read@J@@YAJPDJ@Z 1001ff28 f i libucrt:output.obj
 0001:00020173       ??$count@D@formatting_buffer@__crt_stdio_output@@QBEIXZ 10021173 f i libucrt:output.obj
 0001:00020191       ??$data@D@formatting_buffer@__crt_stdio_output@@QAEPADXZ 10021191 f i libucrt:output.obj
 0001:000201a1       ??$data@_W@formatting_buffer@__crt_stdio_output@@QAEPA_WXZ 100211a1 f i libucrt:output.obj
 0001:000201b1       ??$ensure_buffer_is_big_enough@D@formatting_buffer@__crt_stdio_output@@QAE_NI@Z 100211b1 f i libucrt:output.obj
 0001:00020258       ??$extract_argument_from_va_list@C_J@?$positional_parameter_base@DV?$stream_output_adapter@D@__crt_stdio_output@@@__crt_stdio_output@@IAE_NAA_J@Z 10021258 f i libucrt:output.obj
 0001:000202f6       ??$extract_argument_from_va_list@C_J@?$positional_parameter_base@DV?$string_output_adapter@D@__crt_stdio_output@@@__crt_stdio_output@@IAE_NAA_J@Z 100212f6 f i libucrt:output.obj
 0001:00020394       ??$extract_argument_from_va_list@C_J@?$positional_parameter_base@_WV?$stream_output_adapter@_W@__crt_stdio_output@@@__crt_stdio_output@@IAE_NAA_J@Z 10021394 f i libucrt:output.obj
 0001:00020432       ??$extract_argument_from_va_list@C_J@?$positional_parameter_base@_WV?$string_output_adapter@_W@__crt_stdio_output@@@__crt_stdio_output@@IAE_NAA_J@Z 10021432 f i libucrt:output.obj
 0001:000204d0       ??$extract_argument_from_va_list@C_J@?$standard_base@DV?$stream_output_adapter@D@__crt_stdio_output@@@__crt_stdio_output@@IAE_NAA_J@Z 100214d0 f i libucrt:output.obj
 0001:000204f6       ??$extract_argument_from_va_list@C_J@?$standard_base@DV?$string_output_adapter@D@__crt_stdio_output@@@__crt_stdio_output@@IAE_NAA_J@Z 100214f6 f i libucrt:output.obj
 0001:0002051c       ??$extract_argument_from_va_list@C_J@?$standard_base@_WV?$stream_output_adapter@_W@__crt_stdio_output@@@__crt_stdio_output@@IAE_NAA_J@Z 1002151c f i libucrt:output.obj
 0001:00020542       ??$extract_argument_from_va_list@C_J@?$standard_base@_WV?$string_output_adapter@_W@__crt_stdio_output@@@__crt_stdio_output@@IAE_NAA_J@Z 10021542 f i libucrt:output.obj
 0001:00020568       ??$extract_argument_from_va_list@E_J@?$positional_parameter_base@DV?$stream_output_adapter@D@__crt_stdio_output@@@__crt_stdio_output@@IAE_NAA_J@Z 10021568 f i libucrt:output.obj
 0001:00020606       ??$extract_argument_from_va_list@E_J@?$positional_parameter_base@DV?$string_output_adapter@D@__crt_stdio_output@@@__crt_stdio_output@@IAE_NAA_J@Z 10021606 f i libucrt:output.obj
 0001:000206a4       ??$extract_argument_from_va_list@E_J@?$positional_parameter_base@_WV?$stream_output_adapter@_W@__crt_stdio_output@@@__crt_stdio_output@@IAE_NAA_J@Z 100216a4 f i libucrt:output.obj
 0001:00020742       ??$extract_argument_from_va_list@E_J@?$positional_parameter_base@_WV?$string_output_adapter@_W@__crt_stdio_output@@@__crt_stdio_output@@IAE_NAA_J@Z 10021742 f i libucrt:output.obj
 0001:000207e0       ??$extract_argument_from_va_list@E_J@?$standard_base@DV?$stream_output_adapter@D@__crt_stdio_output@@@__crt_stdio_output@@IAE_NAA_J@Z 100217e0 f i libucrt:output.obj
 0001:00020806       ??$extract_argument_from_va_list@E_J@?$standard_base@DV?$string_output_adapter@D@__crt_stdio_output@@@__crt_stdio_output@@IAE_NAA_J@Z 10021806 f i libucrt:output.obj
 0001:0002082c       ??$extract_argument_from_va_list@E_J@?$standard_base@_WV?$stream_output_adapter@_W@__crt_stdio_output@@@__crt_stdio_output@@IAE_NAA_J@Z 1002182c f i libucrt:output.obj
 0001:00020852       ??$extract_argument_from_va_list@E_J@?$standard_base@_WV?$string_output_adapter@_W@__crt_stdio_output@@@__crt_stdio_output@@IAE_NAA_J@Z 10021852 f i libucrt:output.obj
 0001:00020878       ??$extract_argument_from_va_list@F_J@?$positional_parameter_base@DV?$stream_output_adapter@D@__crt_stdio_output@@@__crt_stdio_output@@IAE_NAA_J@Z 10021878 f i libucrt:output.obj
 0001:00020916       ??$extract_argument_from_va_list@F_J@?$positional_parameter_base@DV?$string_output_adapter@D@__crt_stdio_output@@@__crt_stdio_output@@IAE_NAA_J@Z 10021916 f i libucrt:output.obj
 0001:000209b4       ??$extract_argument_from_va_list@F_J@?$positional_parameter_base@_WV?$stream_output_adapter@_W@__crt_stdio_output@@@__crt_stdio_output@@IAE_NAA_J@Z 100219b4 f i libucrt:output.obj
 0001:00020a52       ??$extract_argument_from_va_list@F_J@?$positional_parameter_base@_WV?$string_output_adapter@_W@__crt_stdio_output@@@__crt_stdio_output@@IAE_NAA_J@Z 10021a52 f i libucrt:output.obj
 0001:00020af0       ??$extract_argument_from_va_list@F_J@?$standard_base@DV?$stream_output_adapter@D@__crt_stdio_output@@@__crt_stdio_output@@IAE_NAA_J@Z 10021af0 f i libucrt:output.obj
 0001:00020b16       ??$extract_argument_from_va_list@F_J@?$standard_base@DV?$string_output_adapter@D@__crt_stdio_output@@@__crt_stdio_output@@IAE_NAA_J@Z 10021b16 f i libucrt:output.obj
 0001:00020b3c       ??$extract_argument_from_va_list@F_J@?$standard_base@_WV?$stream_output_adapter@_W@__crt_stdio_output@@@__crt_stdio_output@@IAE_NAA_J@Z 10021b3c f i libucrt:output.obj
 0001:00020b62       ??$extract_argument_from_va_list@F_J@?$standard_base@_WV?$string_output_adapter@_W@__crt_stdio_output@@@__crt_stdio_output@@IAE_NAA_J@Z 10021b62 f i libucrt:output.obj
 0001:00020b88       ??$extract_argument_from_va_list@GD@?$positional_parameter_base@DV?$stream_output_adapter@D@__crt_stdio_output@@@__crt_stdio_output@@IAE_NAAD@Z 10021b88 f i libucrt:output.obj
 0001:00020c25       ??$extract_argument_from_va_list@GD@?$positional_parameter_base@DV?$string_output_adapter@D@__crt_stdio_output@@@__crt_stdio_output@@IAE_NAAD@Z 10021c25 f i libucrt:output.obj
 0001:00020cc2       ??$extract_argument_from_va_list@GD@?$standard_base@DV?$stream_output_adapter@D@__crt_stdio_output@@@__crt_stdio_output@@IAE_NAAD@Z 10021cc2 f i libucrt:output.obj
 0001:00020ce2       ??$extract_argument_from_va_list@GD@?$standard_base@DV?$string_output_adapter@D@__crt_stdio_output@@@__crt_stdio_output@@IAE_NAAD@Z 10021ce2 f i libucrt:output.obj
 0001:00020d02       ??$extract_argument_from_va_list@G_J@?$positional_parameter_base@DV?$stream_output_adapter@D@__crt_stdio_output@@@__crt_stdio_output@@IAE_NAA_J@Z 10021d02 f i libucrt:output.obj
 0001:00020da0       ??$extract_argument_from_va_list@G_J@?$positional_parameter_base@DV?$string_output_adapter@D@__crt_stdio_output@@@__crt_stdio_output@@IAE_NAA_J@Z 10021da0 f i libucrt:output.obj
 0001:00020e3e       ??$extract_argument_from_va_list@G_J@?$positional_parameter_base@_WV?$stream_output_adapter@_W@__crt_stdio_output@@@__crt_stdio_output@@IAE_NAA_J@Z 10021e3e f i libucrt:output.obj
 0001:00020edc       ??$extract_argument_from_va_list@G_J@?$positional_parameter_base@_WV?$string_output_adapter@_W@__crt_stdio_output@@@__crt_stdio_output@@IAE_NAA_J@Z 10021edc f i libucrt:output.obj
 0001:00020f7a       ??$extract_argument_from_va_list@G_J@?$standard_base@DV?$stream_output_adapter@D@__crt_stdio_output@@@__crt_stdio_output@@IAE_NAA_J@Z 10021f7a f i libucrt:output.obj
 0001:00020fa0       ??$extract_argument_from_va_list@G_J@?$standard_base@DV?$string_output_adapter@D@__crt_stdio_output@@@__crt_stdio_output@@IAE_NAA_J@Z 10021fa0 f i libucrt:output.obj
 0001:00020fc6       ??$extract_argument_from_va_list@G_J@?$standard_base@_WV?$stream_output_adapter@_W@__crt_stdio_output@@@__crt_stdio_output@@IAE_NAA_J@Z 10021fc6 f i libucrt:output.obj
 0001:00020fec       ??$extract_argument_from_va_list@G_J@?$standard_base@_WV?$string_output_adapter@_W@__crt_stdio_output@@@__crt_stdio_output@@IAE_NAA_J@Z 10021fec f i libucrt:output.obj
 0001:00021012       ??$extract_argument_from_va_list@H_J@?$positional_parameter_base@DV?$stream_output_adapter@D@__crt_stdio_output@@@__crt_stdio_output@@IAE_NAA_J@Z 10022012 f i libucrt:output.obj
 0001:000210ae       ??$extract_argument_from_va_list@H_J@?$positional_parameter_base@DV?$string_output_adapter@D@__crt_stdio_output@@@__crt_stdio_output@@IAE_NAA_J@Z 100220ae f i libucrt:output.obj
 0001:0002114a       ??$extract_argument_from_va_list@H_J@?$positional_parameter_base@_WV?$stream_output_adapter@_W@__crt_stdio_output@@@__crt_stdio_output@@IAE_NAA_J@Z 1002214a f i libucrt:output.obj
 0001:000211e6       ??$extract_argument_from_va_list@H_J@?$positional_parameter_base@_WV?$string_output_adapter@_W@__crt_stdio_output@@@__crt_stdio_output@@IAE_NAA_J@Z 100221e6 f i libucrt:output.obj
 0001:00021282       ??$extract_argument_from_va_list@H_J@?$standard_base@DV?$stream_output_adapter@D@__crt_stdio_output@@@__crt_stdio_output@@IAE_NAA_J@Z 10022282 f i libucrt:output.obj
 0001:000212a7       ??$extract_argument_from_va_list@H_J@?$standard_base@DV?$string_output_adapter@D@__crt_stdio_output@@@__crt_stdio_output@@IAE_NAA_J@Z 100222a7 f i libucrt:output.obj
 0001:000212cc       ??$extract_argument_from_va_list@H_J@?$standard_base@_WV?$stream_output_adapter@_W@__crt_stdio_output@@@__crt_stdio_output@@IAE_NAA_J@Z 100222cc f i libucrt:output.obj
 0001:000212f1       ??$extract_argument_from_va_list@H_J@?$standard_base@_WV?$string_output_adapter@_W@__crt_stdio_output@@@__crt_stdio_output@@IAE_NAA_J@Z 100222f1 f i libucrt:output.obj
 0001:00021316       ??$extract_argument_from_va_list@I_J@?$positional_parameter_base@DV?$stream_output_adapter@D@__crt_stdio_output@@@__crt_stdio_output@@IAE_NAA_J@Z 10022316 f i libucrt:output.obj
 0001:000213bd       ??$extract_argument_from_va_list@I_J@?$positional_parameter_base@DV?$string_output_adapter@D@__crt_stdio_output@@@__crt_stdio_output@@IAE_NAA_J@Z 100223bd f i libucrt:output.obj
 0001:00021464       ??$extract_argument_from_va_list@I_J@?$positional_parameter_base@_WV?$stream_output_adapter@_W@__crt_stdio_output@@@__crt_stdio_output@@IAE_NAA_J@Z 10022464 f i libucrt:output.obj
 0001:0002150b       ??$extract_argument_from_va_list@I_J@?$positional_parameter_base@_WV?$string_output_adapter@_W@__crt_stdio_output@@@__crt_stdio_output@@IAE_NAA_J@Z 1002250b f i libucrt:output.obj
 0001:000215b2       ??$extract_argument_from_va_list@I_J@?$standard_base@DV?$stream_output_adapter@D@__crt_stdio_output@@@__crt_stdio_output@@IAE_NAA_J@Z 100225b2 f i libucrt:output.obj
 0001:000215d7       ??$extract_argument_from_va_list@I_J@?$standard_base@DV?$string_output_adapter@D@__crt_stdio_output@@@__crt_stdio_output@@IAE_NAA_J@Z 100225d7 f i libucrt:output.obj
 0001:000215fc       ??$extract_argument_from_va_list@I_J@?$standard_base@_WV?$stream_output_adapter@_W@__crt_stdio_output@@@__crt_stdio_output@@IAE_NAA_J@Z 100225fc f i libucrt:output.obj
 0001:00021621       ??$extract_argument_from_va_list@I_J@?$standard_base@_WV?$string_output_adapter@_W@__crt_stdio_output@@@__crt_stdio_output@@IAE_NAA_J@Z 10022621 f i libucrt:output.obj
 0001:00021646       ??$extract_argument_from_va_list@PADPAD@?$positional_parameter_base@DV?$stream_output_adapter@D@__crt_stdio_output@@@__crt_stdio_output@@IAE_NAAPAD@Z 10022646 f i libucrt:output.obj
 0001:000216e3       ??$extract_argument_from_va_list@PADPAD@?$positional_parameter_base@DV?$string_output_adapter@D@__crt_stdio_output@@@__crt_stdio_output@@IAE_NAAPAD@Z 100226e3 f i libucrt:output.obj
 0001:00021780       ??$extract_argument_from_va_list@PADPAD@?$positional_parameter_base@_WV?$stream_output_adapter@_W@__crt_stdio_output@@@__crt_stdio_output@@IAE_NAAPAD@Z 10022780 f i libucrt:output.obj
 0001:0002181d       ??$extract_argument_from_va_list@PADPAD@?$positional_parameter_base@_WV?$string_output_adapter@_W@__crt_stdio_output@@@__crt_stdio_output@@IAE_NAAPAD@Z 1002281d f i libucrt:output.obj
 0001:000218ba       ??$extract_argument_from_va_list@PADPAD@?$standard_base@DV?$stream_output_adapter@D@__crt_stdio_output@@@__crt_stdio_output@@IAE_NAAPAD@Z 100228ba f i libucrt:output.obj
 0001:000218da       ??$extract_argument_from_va_list@PADPAD@?$standard_base@DV?$string_output_adapter@D@__crt_stdio_output@@@__crt_stdio_output@@IAE_NAAPAD@Z 100228da f i libucrt:output.obj
 0001:000218fa       ??$extract_argument_from_va_list@PADPAD@?$standard_base@_WV?$stream_output_adapter@_W@__crt_stdio_output@@@__crt_stdio_output@@IAE_NAAPAD@Z 100228fa f i libucrt:output.obj
 0001:0002191a       ??$extract_argument_from_va_list@PADPAD@?$standard_base@_WV?$string_output_adapter@_W@__crt_stdio_output@@@__crt_stdio_output@@IAE_NAAPAD@Z 1002291a f i libucrt:output.obj
 0001:0002193a       ??$extract_argument_from_va_list@PAUansi_string@?1??type_case_Z@?$output_processor@DV?$stream_output_adapter@D@__crt_stdio_output@@V?$format_validation_base@DV?$stream_output_adapter@D@__crt_stdio_output@@@2@@__crt_stdio_output@@AAE_NXZ@PAU1?1??234@AAE_NXZ@@?$standard_base@DV?$stream_output_adapter@D@__crt_stdio_output@@@__crt_stdio_output@@IAE_NAAPAUansi_string@?1??type_case_Z@?$output_processor@DV?$stream_output_adapter@D@__crt_stdio_output@@V?$format_validation_base@DV?$stream_output_adapter@D@__crt_stdio_output@@@2@@1@AAE_NXZ@@Z 1002293a f i libucrt:output.obj
 0001:0002195a       ??$extract_argument_from_va_list@PAUansi_string@?1??type_case_Z@?$output_processor@DV?$stream_output_adapter@D@__crt_stdio_output@@V?$positional_parameter_base@DV?$stream_output_adapter@D@__crt_stdio_output@@@2@@__crt_stdio_output@@AAE_NXZ@PAU1?1??234@AAE_NXZ@@?$positional_parameter_base@DV?$stream_output_adapter@D@__crt_stdio_output@@@__crt_stdio_output@@IAE_NAAPAUansi_string@?1??type_case_Z@?$output_processor@DV?$stream_output_adapter@D@__crt_stdio_output@@V?$positional_parameter_base@DV?$stream_output_adapter@D@__crt_stdio_output@@@2@@1@AAE_NXZ@@Z 1002295a f i libucrt:output.obj
 0001:000219f7       ??$extract_argument_from_va_list@PAUansi_string@?1??type_case_Z@?$output_processor@DV?$stream_output_adapter@D@__crt_stdio_output@@V?$positional_parameter_base@DV?$stream_output_adapter@D@__crt_stdio_output@@@2@@__crt_stdio_output@@AAE_NXZ@PAU1?1??234@AAE_NXZ@@?$standard_base@DV?$stream_output_adapter@D@__crt_stdio_output@@@__crt_stdio_output@@IAE_NAAPAUansi_string@?1??type_case_Z@?$output_processor@DV?$stream_output_adapter@D@__crt_stdio_output@@V?$positional_parameter_base@DV?$stream_output_adapter@D@__crt_stdio_output@@@2@@1@AAE_NXZ@@Z 100229f7 f i libucrt:output.obj
 0001:00021a17       ??$extract_argument_from_va_list@PAUansi_string@?1??type_case_Z@?$output_processor@DV?$stream_output_adapter@D@__crt_stdio_output@@V?$standard_base@DV?$stream_output_adapter@D@__crt_stdio_output@@@2@@__crt_stdio_output@@AAE_NXZ@PAU1?1??234@AAE_NXZ@@?$standard_base@DV?$stream_output_adapter@D@__crt_stdio_output@@@__crt_stdio_output@@IAE_NAAPAUansi_string@?1??type_case_Z@?$output_processor@DV?$stream_output_adapter@D@__crt_stdio_output@@V?$standard_base@DV?$stream_output_adapter@D@__crt_stdio_output@@@2@@1@AAE_NXZ@@Z 10022a17 f i libucrt:output.obj
 0001:00021a37       ??$extract_argument_from_va_list@PAUansi_string@?1??type_case_Z@?$output_processor@DV?$string_output_adapter@D@__crt_stdio_output@@V?$format_validation_base@DV?$string_output_adapter@D@__crt_stdio_output@@@2@@__crt_stdio_output@@AAE_NXZ@PAU1?1??234@AAE_NXZ@@?$standard_base@DV?$string_output_adapter@D@__crt_stdio_output@@@__crt_stdio_output@@IAE_NAAPAUansi_string@?1??type_case_Z@?$output_processor@DV?$string_output_adapter@D@__crt_stdio_output@@V?$format_validation_base@DV?$string_output_adapter@D@__crt_stdio_output@@@2@@1@AAE_NXZ@@Z 10022a37 f i libucrt:output.obj
 0001:00021a57       ??$extract_argument_from_va_list@PAUansi_string@?1??type_case_Z@?$output_processor@DV?$string_output_adapter@D@__crt_stdio_output@@V?$positional_parameter_base@DV?$string_output_adapter@D@__crt_stdio_output@@@2@@__crt_stdio_output@@AAE_NXZ@PAU1?1??234@AAE_NXZ@@?$positional_parameter_base@DV?$string_output_adapter@D@__crt_stdio_output@@@__crt_stdio_output@@IAE_NAAPAUansi_string@?1??type_case_Z@?$output_processor@DV?$string_output_adapter@D@__crt_stdio_output@@V?$positional_parameter_base@DV?$string_output_adapter@D@__crt_stdio_output@@@2@@1@AAE_NXZ@@Z 10022a57 f i libucrt:output.obj
 0001:00021af4       ??$extract_argument_from_va_list@PAUansi_string@?1??type_case_Z@?$output_processor@DV?$string_output_adapter@D@__crt_stdio_output@@V?$positional_parameter_base@DV?$string_output_adapter@D@__crt_stdio_output@@@2@@__crt_stdio_output@@AAE_NXZ@PAU1?1??234@AAE_NXZ@@?$standard_base@DV?$string_output_adapter@D@__crt_stdio_output@@@__crt_stdio_output@@IAE_NAAPAUansi_string@?1??type_case_Z@?$output_processor@DV?$string_output_adapter@D@__crt_stdio_output@@V?$positional_parameter_base@DV?$string_output_adapter@D@__crt_stdio_output@@@2@@1@AAE_NXZ@@Z 10022af4 f i libucrt:output.obj
 0001:00021b14       ??$extract_argument_from_va_list@PAUansi_string@?1??type_case_Z@?$output_processor@DV?$string_output_adapter@D@__crt_stdio_output@@V?$standard_base@DV?$string_output_adapter@D@__crt_stdio_output@@@2@@__crt_stdio_output@@AAE_NXZ@PAU1?1??234@AAE_NXZ@@?$standard_base@DV?$string_output_adapter@D@__crt_stdio_output@@@__crt_stdio_output@@IAE_NAAPAUansi_string@?1??type_case_Z@?$output_processor@DV?$string_output_adapter@D@__crt_stdio_output@@V?$standard_base@DV?$string_output_adapter@D@__crt_stdio_output@@@2@@1@AAE_NXZ@@Z 10022b14 f i libucrt:output.obj
 0001:00021b34       ??$extract_argument_from_va_list@PAUansi_string@?1??type_case_Z@?$output_processor@_WV?$stream_output_adapter@_W@__crt_stdio_output@@V?$format_validation_base@_WV?$stream_output_adapter@_W@__crt_stdio_output@@@2@@__crt_stdio_output@@AAE_NXZ@PAU1?1??234@AAE_NXZ@@?$standard_base@_WV?$stream_output_adapter@_W@__crt_stdio_output@@@__crt_stdio_output@@IAE_NAAPAUansi_string@?1??type_case_Z@?$output_processor@_WV?$stream_output_adapter@_W@__crt_stdio_output@@V?$format_validation_base@_WV?$stream_output_adapter@_W@__crt_stdio_output@@@2@@1@AAE_NXZ@@Z 10022b34 f i libucrt:output.obj
 0001:00021b54       ??$extract_argument_from_va_list@PAUansi_string@?1??type_case_Z@?$output_processor@_WV?$stream_output_adapter@_W@__crt_stdio_output@@V?$positional_parameter_base@_WV?$stream_output_adapter@_W@__crt_stdio_output@@@2@@__crt_stdio_output@@AAE_NXZ@PAU1?1??234@AAE_NXZ@@?$positional_parameter_base@_WV?$stream_output_adapter@_W@__crt_stdio_output@@@__crt_stdio_output@@IAE_NAAPAUansi_string@?1??type_case_Z@?$output_processor@_WV?$stream_output_adapter@_W@__crt_stdio_output@@V?$positional_parameter_base@_WV?$stream_output_adapter@_W@__crt_stdio_output@@@2@@1@AAE_NXZ@@Z 10022b54 f i libucrt:output.obj
 0001:00021bf1       ??$extract_argument_from_va_list@PAUansi_string@?1??type_case_Z@?$output_processor@_WV?$stream_output_adapter@_W@__crt_stdio_output@@V?$positional_parameter_base@_WV?$stream_output_adapter@_W@__crt_stdio_output@@@2@@__crt_stdio_output@@AAE_NXZ@PAU1?1??234@AAE_NXZ@@?$standard_base@_WV?$stream_output_adapter@_W@__crt_stdio_output@@@__crt_stdio_output@@IAE_NAAPAUansi_string@?1??type_case_Z@?$output_processor@_WV?$stream_output_adapter@_W@__crt_stdio_output@@V?$positional_parameter_base@_WV?$stream_output_adapter@_W@__crt_stdio_output@@@2@@1@AAE_NXZ@@Z 10022bf1 f i libucrt:output.obj
 0001:00021c11       ??$extract_argument_from_va_list@PAUansi_string@?1??type_case_Z@?$output_processor@_WV?$stream_output_adapter@_W@__crt_stdio_output@@V?$standard_base@_WV?$stream_output_adapter@_W@__crt_stdio_output@@@2@@__crt_stdio_output@@AAE_NXZ@PAU1?1??234@AAE_NXZ@@?$standard_base@_WV?$stream_output_adapter@_W@__crt_stdio_output@@@__crt_stdio_output@@IAE_NAAPAUansi_string@?1??type_case_Z@?$output_processor@_WV?$stream_output_adapter@_W@__crt_stdio_output@@V?$standard_base@_WV?$stream_output_adapter@_W@__crt_stdio_output@@@2@@1@AAE_NXZ@@Z 10022c11 f i libucrt:output.obj
 0001:00021c31       ??$extract_argument_from_va_list@PAUansi_string@?1??type_case_Z@?$output_processor@_WV?$string_output_adapter@_W@__crt_stdio_output@@V?$format_validation_base@_WV?$string_output_adapter@_W@__crt_stdio_output@@@2@@__crt_stdio_output@@AAE_NXZ@PAU1?1??234@AAE_NXZ@@?$standard_base@_WV?$string_output_adapter@_W@__crt_stdio_output@@@__crt_stdio_output@@IAE_NAAPAUansi_string@?1??type_case_Z@?$output_processor@_WV?$string_output_adapter@_W@__crt_stdio_output@@V?$format_validation_base@_WV?$string_output_adapter@_W@__crt_stdio_output@@@2@@1@AAE_NXZ@@Z 10022c31 f i libucrt:output.obj
 0001:00021c51       ??$extract_argument_from_va_list@PAUansi_string@?1??type_case_Z@?$output_processor@_WV?$string_output_adapter@_W@__crt_stdio_output@@V?$positional_parameter_base@_WV?$string_output_adapter@_W@__crt_stdio_output@@@2@@__crt_stdio_output@@AAE_NXZ@PAU1?1??234@AAE_NXZ@@?$positional_parameter_base@_WV?$string_output_adapter@_W@__crt_stdio_output@@@__crt_stdio_output@@IAE_NAAPAUansi_string@?1??type_case_Z@?$output_processor@_WV?$string_output_adapter@_W@__crt_stdio_output@@V?$positional_parameter_base@_WV?$string_output_adapter@_W@__crt_stdio_output@@@2@@1@AAE_NXZ@@Z 10022c51 f i libucrt:output.obj
 0001:00021cee       ??$extract_argument_from_va_list@PAUansi_string@?1??type_case_Z@?$output_processor@_WV?$string_output_adapter@_W@__crt_stdio_output@@V?$positional_parameter_base@_WV?$string_output_adapter@_W@__crt_stdio_output@@@2@@__crt_stdio_output@@AAE_NXZ@PAU1?1??234@AAE_NXZ@@?$standard_base@_WV?$string_output_adapter@_W@__crt_stdio_output@@@__crt_stdio_output@@IAE_NAAPAUansi_string@?1??type_case_Z@?$output_processor@_WV?$string_output_adapter@_W@__crt_stdio_output@@V?$positional_parameter_base@_WV?$string_output_adapter@_W@__crt_stdio_output@@@2@@1@AAE_NXZ@@Z 10022cee f i libucrt:output.obj
 0001:00021d0e       ??$extract_argument_from_va_list@PAUansi_string@?1??type_case_Z@?$output_processor@_WV?$string_output_adapter@_W@__crt_stdio_output@@V?$standard_base@_WV?$string_output_adapter@_W@__crt_stdio_output@@@2@@__crt_stdio_output@@AAE_NXZ@PAU1?1??234@AAE_NXZ@@?$standard_base@_WV?$string_output_adapter@_W@__crt_stdio_output@@@__crt_stdio_output@@IAE_NAAPAUansi_string@?1??type_case_Z@?$output_processor@_WV?$string_output_adapter@_W@__crt_stdio_output@@V?$standard_base@_WV?$string_output_adapter@_W@__crt_stdio_output@@@2@@1@AAE_NXZ@@Z 10022d0e f i libucrt:output.obj
 0001:00021d2e       ??$extract_argument_from_va_list@PAXPAX@?$positional_parameter_base@DV?$stream_output_adapter@D@__crt_stdio_output@@@__crt_stdio_output@@IAE_NAAPAX@Z 10022d2e f i libucrt:output.obj
 0001:00021dcb       ??$extract_argument_from_va_list@PAXPAX@?$positional_parameter_base@DV?$string_output_adapter@D@__crt_stdio_output@@@__crt_stdio_output@@IAE_NAAPAX@Z 10022dcb f i libucrt:output.obj
 0001:00021e68       ??$extract_argument_from_va_list@PAXPAX@?$positional_parameter_base@_WV?$stream_output_adapter@_W@__crt_stdio_output@@@__crt_stdio_output@@IAE_NAAPAX@Z 10022e68 f i libucrt:output.obj
 0001:00021f05       ??$extract_argument_from_va_list@PAXPAX@?$positional_parameter_base@_WV?$string_output_adapter@_W@__crt_stdio_output@@@__crt_stdio_output@@IAE_NAAPAX@Z 10022f05 f i libucrt:output.obj
 0001:00021fa2       ??$extract_argument_from_va_list@PAXPAX@?$standard_base@DV?$stream_output_adapter@D@__crt_stdio_output@@@__crt_stdio_output@@IAE_NAAPAX@Z 10022fa2 f i libucrt:output.obj
 0001:00021fc2       ??$extract_argument_from_va_list@PAXPAX@?$standard_base@DV?$string_output_adapter@D@__crt_stdio_output@@@__crt_stdio_output@@IAE_NAAPAX@Z 10022fc2 f i libucrt:output.obj
 0001:00021fe2       ??$extract_argument_from_va_list@PAXPAX@?$standard_base@_WV?$stream_output_adapter@_W@__crt_stdio_output@@@__crt_stdio_output@@IAE_NAAPAX@Z 10022fe2 f i libucrt:output.obj
 0001:00022002       ??$extract_argument_from_va_list@PAXPAX@?$standard_base@_WV?$string_output_adapter@_W@__crt_stdio_output@@@__crt_stdio_output@@IAE_NAAPAX@Z 10023002 f i libucrt:output.obj
 0001:00022022       ??$extract_argument_from_va_list@U_CRT_DOUBLE@@U1@@?$positional_parameter_base@DV?$stream_output_adapter@D@__crt_stdio_output@@@__crt_stdio_output@@IAE_NAAU_CRT_DOUBLE@@@Z 10023022 f i libucrt:output.obj
 0001:000220d3       ??$extract_argument_from_va_list@U_CRT_DOUBLE@@U1@@?$positional_parameter_base@DV?$string_output_adapter@D@__crt_stdio_output@@@__crt_stdio_output@@IAE_NAAU_CRT_DOUBLE@@@Z 100230d3 f i libucrt:output.obj
 0001:00022184       ??$extract_argument_from_va_list@U_CRT_DOUBLE@@U1@@?$positional_parameter_base@_WV?$stream_output_adapter@_W@__crt_stdio_output@@@__crt_stdio_output@@IAE_NAAU_CRT_DOUBLE@@@Z 10023184 f i libucrt:output.obj
 0001:00022235       ??$extract_argument_from_va_list@U_CRT_DOUBLE@@U1@@?$positional_parameter_base@_WV?$string_output_adapter@_W@__crt_stdio_output@@@__crt_stdio_output@@IAE_NAAU_CRT_DOUBLE@@@Z 10023235 f i libucrt:output.obj
 0001:000222e6       ??$extract_argument_from_va_list@U_CRT_DOUBLE@@U1@@?$standard_base@DV?$stream_output_adapter@D@__crt_stdio_output@@@__crt_stdio_output@@IAE_NAAU_CRT_DOUBLE@@@Z 100232e6 f i libucrt:output.obj
 0001:0002230e       ??$extract_argument_from_va_list@U_CRT_DOUBLE@@U1@@?$standard_base@DV?$string_output_adapter@D@__crt_stdio_output@@@__crt_stdio_output@@IAE_NAAU_CRT_DOUBLE@@@Z 1002330e f i libucrt:output.obj
 0001:00022336       ??$extract_argument_from_va_list@U_CRT_DOUBLE@@U1@@?$standard_base@_WV?$stream_output_adapter@_W@__crt_stdio_output@@@__crt_stdio_output@@IAE_NAAU_CRT_DOUBLE@@@Z 10023336 f i libucrt:output.obj
 0001:0002235e       ??$extract_argument_from_va_list@U_CRT_DOUBLE@@U1@@?$standard_base@_WV?$string_output_adapter@_W@__crt_stdio_output@@@__crt_stdio_output@@IAE_NAAU_CRT_DOUBLE@@@Z 1002335e f i libucrt:output.obj
 0001:00022386       ??$extract_argument_from_va_list@_J_J@?$positional_parameter_base@DV?$stream_output_adapter@D@__crt_stdio_output@@@__crt_stdio_output@@IAE_NAA_J@Z 10023386 f i libucrt:output.obj
 0001:00022437       ??$extract_argument_from_va_list@_J_J@?$positional_parameter_base@DV?$string_output_adapter@D@__crt_stdio_output@@@__crt_stdio_output@@IAE_NAA_J@Z 10023437 f i libucrt:output.obj
 0001:000224e8       ??$extract_argument_from_va_list@_J_J@?$positional_parameter_base@_WV?$stream_output_adapter@_W@__crt_stdio_output@@@__crt_stdio_output@@IAE_NAA_J@Z 100234e8 f i libucrt:output.obj
 0001:00022599       ??$extract_argument_from_va_list@_J_J@?$positional_parameter_base@_WV?$string_output_adapter@_W@__crt_stdio_output@@@__crt_stdio_output@@IAE_NAA_J@Z 10023599 f i libucrt:output.obj
 0001:0002264a       ??$extract_argument_from_va_list@_J_J@?$standard_base@DV?$stream_output_adapter@D@__crt_stdio_output@@@__crt_stdio_output@@IAE_NAA_J@Z 1002364a f i libucrt:output.obj
 0001:00022672       ??$extract_argument_from_va_list@_J_J@?$standard_base@DV?$string_output_adapter@D@__crt_stdio_output@@@__crt_stdio_output@@IAE_NAA_J@Z 10023672 f i libucrt:output.obj
 0001:0002269a       ??$extract_argument_from_va_list@_J_J@?$standard_base@_WV?$stream_output_adapter@_W@__crt_stdio_output@@@__crt_stdio_output@@IAE_NAA_J@Z 1002369a f i libucrt:output.obj
 0001:000226c2       ??$extract_argument_from_va_list@_J_J@?$standard_base@_WV?$string_output_adapter@_W@__crt_stdio_output@@@__crt_stdio_output@@IAE_NAA_J@Z 100236c2 f i libucrt:output.obj
 0001:000226ea       ??$extract_argument_from_va_list@_K_J@?$positional_parameter_base@DV?$stream_output_adapter@D@__crt_stdio_output@@@__crt_stdio_output@@IAE_NAA_J@Z 100236ea f i libucrt:output.obj
 0001:0002279b       ??$extract_argument_from_va_list@_K_J@?$positional_parameter_base@DV?$string_output_adapter@D@__crt_stdio_output@@@__crt_stdio_output@@IAE_NAA_J@Z 1002379b f i libucrt:output.obj
 0001:0002284c       ??$extract_argument_from_va_list@_K_J@?$positional_parameter_base@_WV?$stream_output_adapter@_W@__crt_stdio_output@@@__crt_stdio_output@@IAE_NAA_J@Z 1002384c f i libucrt:output.obj
 0001:000228fd       ??$extract_argument_from_va_list@_K_J@?$positional_parameter_base@_WV?$string_output_adapter@_W@__crt_stdio_output@@@__crt_stdio_output@@IAE_NAA_J@Z 100238fd f i libucrt:output.obj
 0001:000229ae       ??$extract_argument_from_va_list@_K_J@?$standard_base@DV?$stream_output_adapter@D@__crt_stdio_output@@@__crt_stdio_output@@IAE_NAA_J@Z 100239ae f i libucrt:output.obj
 0001:000229d6       ??$extract_argument_from_va_list@_K_J@?$standard_base@DV?$string_output_adapter@D@__crt_stdio_output@@@__crt_stdio_output@@IAE_NAA_J@Z 100239d6 f i libucrt:output.obj
 0001:000229fe       ??$extract_argument_from_va_list@_K_J@?$standard_base@_WV?$stream_output_adapter@_W@__crt_stdio_output@@@__crt_stdio_output@@IAE_NAA_J@Z 100239fe f i libucrt:output.obj
[...]
 0003:000068e0       _CANAC2_2_send_mb3         100788e0     <common>
 0003:00006c00       _CANAC2_1_receive_mb3      10078c00     <common>
 0003:00006f20       _CANAC2_1_send_mb3         10078f20     <common>
 0003:00007240       _CANAC2_2_receiveindex_mb2 10079240     <common>
 0003:00007560       _CANAC2_2_receivemaxindex_mb2 10079560     <common>
 0003:00007580       _CANAC2_2_sendindex_mb2    10079580     <common>
 0003:000078a0       _CANAC2_2_sendmaxindex_mb2 100798a0     <common>
 0003:000078c0       _CANAC2_1_receiveindex_mb2 100798c0     <common>
 0003:00007be0       _CANAC2_1_receivemaxindex_mb2 10079be0     <common>
 0003:00007c00       _CANAC2_1_sendindex_mb2    10079c00     <common>
 0003:00007f20       _CANAC2_1_sendmaxindex_mb2 10079f20     <common>
 0003:00007f40       _CANAC2_2_receive_mb2      10079f40     <common>
 0003:00008260       _CANAC2_2_send_mb2         1007a260     <common>
 0003:00008580       _CANAC2_1_receive_mb2      1007a580     <common>
 0003:000088a0       _CANAC2_1_send_mb2         1007a8a0     <common>
 0003:00008bc0       _CANAC2_2_receiveindex_mb1 1007abc0     <common>
 0003:00008ee0       _CANAC2_2_receivemaxindex_mb1 1007aee0     <common>
 0003:00008f00       _CANAC2_2_sendindex_mb1    1007af00     <common>
 0003:00009220       _CANAC2_2_sendmaxindex_mb1 1007b220     <common>
 0003:00009240       _CANAC2_1_receiveindex_mb1 1007b240     <common>
 0003:00009560       _CANAC2_1_receivemaxindex_mb1 1007b560     <common>
 0003:00009580       _CANAC2_1_sendindex_mb1    1007b580     <common>
 0003:000098a0       _CANAC2_1_sendmaxindex_mb1 1007b8a0     <common>
 0003:000098c0       _CANAC2_2_receive_mb1      1007b8c0     <common>
 0003:00009be0       _CANAC2_2_send_mb1         1007bbe0     <common>
 0003:00009f00       _CANAC2_1_receive_mb1      1007bf00     <common>
 0003:0000a220       _CANAC2_1_send_mb1         1007c220     <common>
 0003:0000a540       _CANAC2_2_receiveindex     1007c540     <common>
 0003:0000a860       _CANAC2_2_receivemaxindex  1007c860     <common>
 0003:0000a880       _CANAC2_2_sendindex        1007c880     <common>
 0003:0000aba0       _CANAC2_2_sendmaxindex     1007cba0     <common>
 0003:0000abc0       _CANAC2_1_receiveindex     1007cbc0     <common>
 0003:0000aee0       _CANAC2_1_receivemaxindex  1007cee0     <common>
 0003:0000af00       _CANAC2_1_sendindex        1007cf00     <common>
 0003:0000b220       _CANAC2_1_sendmaxindex     1007d220     <common>
 0003:0000b240       _CANAC2_2_receive          1007d240     <common>
 0003:0000b560       _CANAC2_2_send             1007d560     <common>
 0003:0000b880       _CANAC2_1_receive          1007d880     <common>
 0003:0000bba0       _CANAC2_1_send             1007dba0     <common>
 0003:0000bec0       _siepowercan_can_object_buffer_port2 1007dec0     <common>
 0003:0000fee0       _siepowercan_can_object_buffer_port1 10081ee0     <common>
 0003:00013ee0       _rtNaNF                    10085ee0     <common>
 0003:00013ef4       _rtMinusInfF               10085ef4     <common>
 0003:00013ef8       _rtInfF                    10085ef8     <common>
 0003:00013f00       _rtNaN                     10085f00     <common>
 0003:00013f08       _rtMinusInf                10085f08     <common>
 0003:00013f10       _rtInf                     10085f10     <common>
 0003:00013f18       ?_OptionsStorage@?1??__local_stdio_printf_options@@9@9 10085f18     <common>
 0003:000141c0       _electromagnetAndLoadCell_M_ 100861c0     <common>
 0003:00014d80       _electromagnetAndLoadCell_DW 10086d80     <common>
 0003:00014e20       _electromagnetAndLoadCell_B 10086e20     <common>
 0003:00014e30       _CloseClientSocket         10086e30     <common>
 0003:00014e98       _ConnectClientSocket       10086e98     <common>
 0003:00014e9c       _BindClientSocket          10086e9c     <common>
 0003:00014ea0       _CreateClientSocket        10086ea0     <common>
 0003:00014ea4       _CloseServerSocket         10086ea4     <common>
 0003:00014ea8       _ConnectServerSocket       10086ea8     <common>
 0003:00014eac       _OpenServerListen          10086eac     <common>
 0003:00014eb0       _CreateServerSocket        10086eb0     <common>
 0003:00014eb4       _SocketReceive             10086eb4     <common>
 0003:00014eb8       _SocketSend                10086eb8     <common>
 0003:00014ebc       _GetSocketState            10086ebc     <common>
 0003:00014ec0       _GetSocket                 10086ec0     <common>
 0003:00014ec4       _socket                    10086ec4     <common>
 0003:00014ec8       _inet_addr                 10086ec8     <common>
 0003:00014ecc       _sendto                    10086ecc     <common>
 0003:00014ed0       _recvfrom                  10086ed0     <common>
 0003:00014ed4       _listen                    10086ed4     <common>
 0003:00014ed8       _ioctlsocket               10086ed8     <common>
 0003:00014edc       _connect                   10086edc     <common>
 0003:00014ee0       _closesocket               10086ee0     <common>
 0003:00014ee4       _setsockopt                10086ee4     <common>
 0003:00014ee8       _bind                      10086ee8     <common>
 0003:00014eec       _accept                    10086eec     <common>
 0003:00014ef0       _GetHostTarIPAdd           10086ef0     <common>
 0003:00014ef4       _GetDCUUsage               10086ef4     <common>
 0003:00014ef8       _DeleteRoute               10086ef8     <common>
 0003:00014efc       _AddGatewayRoute           10086efc     <common>
 0003:00014f00       _SetIP                     10086f00     <common>
 0003:00014f04       _CloseInterface            10086f04     <common>
 0003:00014f08       _OpenInterface             10086f08     <common>
 0003:00014f0c       _SetIPTASKPriority         10086f0c     <common>
 0003:00014f10       _isUsedByRTIP              10086f10     <common>
 0003:00014f14       _slrtWarning               10086f14     <common>
 0003:00014f18       _slrtGetCPUTCelsius        10086f18     <common>
 0003:00014f1c       _geterrorstring            10086f1c     <common>
 0003:00014f20       _getlasterror              10086f20     <common>
 0003:00014f24       _slrtLogEvent              10086f24     <common>
 0003:00014f28       _slrtGetDefaultDrive       10086f28     <common>
 0003:00014f2c       _slrtfsFread               10086f2c     <common>
 0003:00014f30       _slrtfsGetFileStatus       10086f30     <common>
 0003:00014f34       _slrtfsOpenFileAsync       10086f34     <common>
 0003:00014f38       _slrtfsCloseFileAsync      10086f38     <common>
 0003:00014f3c       _slrtfsGetFileErrorMessage 10086f3c     <common>
 0003:00014f40       _slrtfsGetFileError        10086f40     <common>
 0003:00014f44       _slrtfsWriteToFile         10086f44     <common>
 0003:00014f48       _slrtfsCloseFile           10086f48     <common>
 0003:00014f4c       _slrtfsOpenFile            10086f4c     <common>
 0003:00014f50       _slrtGetSgCRBSpace         10086f50     <common>
 0003:00014f54       _slrtGetCRBScratchSpace    10086f54     <common>
 0003:00014f58       _slrteSetupMSI             10086f58     <common>
 0003:00014f5c       _slTestRegAssessment       10086f5c     <common>
 0003:00014f60       _slTestTerminate           10086f60     <common>
 0003:00014f64       _slTestEvalOnFail          10086f64     <common>
 0003:00014f68       _slTestLogAssessments      10086f68     <common>
 0003:00014f6c       _slTestInitialize          10086f6c     <common>
 0003:00014f70       _unRegisterPTPTimeRead     10086f70     <common>
 0003:00014f74       _registerPTPTimeRead       10086f74     <common>
 0003:00014f78       _slrteGetCurrentStepSize   10086f78     <common>
 0003:00014f7c       _slrteSetStepSizeDelta     10086f7c     <common>
 0003:00014f80       _xpceGetIntTimerGranularityNS 10086f80     <common>
 0003:00014f84       _xpceDAQUpdateTimeStamp    10086f84     <common>
 0003:00014f88       _xpceDAQPostEvent          10086f88     <common>
 0003:00014f8c       _StreamVideo               10086f8c     <common>
 0003:00014f90       _StopVideoDisplay          10086f90     <common>
 0003:00014f94       _StartVideoDisplay         10086f94     <common>
 0003:00014f98       _DestroyVideoDisplay       10086f98     <common>
 0003:00014f9c       _CreateVideoDisplay        10086f9c     <common>
 0003:00014fa0       _ConvertUImage             10086fa0     <common>
 0003:00014fa4       _StopVideo                 10086fa4     <common>
 0003:00014fa8       _ReadFrameBuffer           10086fa8     <common>
 0003:00014fac       _StartVideo                10086fac     <common>
 0003:00014fb0       _GetVideoConfigs           10086fb0     <common>
 0003:00014fb4       _FindUsbVideoDevice        10086fb4     <common>
 0003:00014fb8       _xpceDeleteSemaphore       10086fb8     <common>
 0003:00014fbc       _xpceSignalSemaphore       10086fbc     <common>
 0003:00014fc0       _xpceWaitSemaphore         10086fc0     <common>
 0003:00014fc4       _xpceCreateSemaphore       10086fc4     <common>
 0003:00014fc8       _TBGiveSpinFast            10086fc8     <common>
 0003:00014fcc       _TBTakeSpinFast            10086fcc     <common>
 0003:00014fd0       _TBDeleteSpin              10086fd0     <common>
 0003:00014fd4       _TBCreateSpin              10086fd4     <common>
 0003:00014fd8       _xpceScopeAcqOK            10086fd8     <common>
 0003:00014fdc       _rl32eRestartAcquisition   10086fdc     <common>
 0003:00014fe0       _rl32eSetTargetScopeSigFt  10086fe0     <common>
 0003:00014fe4       _rl32eSetTargetScope       10086fe4     <common>
 0003:00014fe8       _xpceFSScopeSet            10086fe8     <common>
 0003:00014fec       _rl32eSetScope             10086fec     <common>
 0003:00014ff0       _rl32eAddSignal            10086ff0     <common>
 0003:00014ff4       _rl32eGetSignalNo          10086ff4     <common>
 0003:00014ff8       _rl32eDefScope             10086ff8     <common>
 0003:00014ffc       _rl32eScopeExists          10086ffc     <common>
 0003:00015000       _xpceGetParamDims          10087000     <common>
 0003:00015004       _xpceGetParameter          10087004     <common>
 0003:00015008       _xpceSetParameter          10087008     <common>
 0003:0001500c       _xpceGetSignalValue        1008700c     <common>
 0003:00015010       _xpceAssignPCIInterrupt    10087010     <common>
 0003:00015014       _rl32eGetPCIInfoAtSlot     10087014     <common>
 0003:00015018       _rl32eGetPCIInfo           10087018     <common>
 0003:0001501c       _rl32eShowPCIInfo          1008701c     <common>
 0003:00015020       _rl32eShowPCIDev           10087020     <common>
 0003:00015024       _xpceGetTET                10087024     <common>
 0003:00015028       _xpceaddEvent              10087028     <common>
 0003:0001502c       _xpceDeRegisterISR         1008702c     <common>
 0003:00015030       _xpceRegisterISR           10087030     <common>
 0003:00015034       _xpcIsModelInit            10087034     <common>
 0003:00015038       _xpcGetElapsedTime         10087038     <common>
 0003:0001503c       _xpcBusyWait               1008703c     <common>
 0003:00015040       _xpcFreePhysicalMemory     10087040     <common>
 0003:00015044       _xpcAllocPhysicalMemory    10087044     <common>
 0003:00015048       _xpcReserveMemoryRegion    10087048     <common>
 0003:0001504c       _xpcOutpB                  1008704c     <common>
 0003:00015050       _xpcOutpW                  10087050     <common>
 0003:00015054       _xpcOutpDW                 10087054     <common>
 0003:00015058       _xpcInpB                   10087058     <common>
 0003:0001505c       _xpcInpW                   1008705c     <common>
 0003:00015060       _xpcInpDW                  10087060     <common>
 0003:00015064       ___scrt_ucrt_dll_is_in_use 10087064     <common>
 0003:00015070       ___dyn_tls_init_callback   10087070     <common>
 0003:0001507c       __pDestructExceptionObject 1008707c     <common>
 0003:00015088       __pmatherr                 10087088     <common>
 0003:00015094       ___use_sse2_mathfcns       10087094     <common>
 0004:00000000       __imp__GetModuleHandleA@4  10088000     kernel32:KERNEL32.dll
 0004:00000004       __imp__GetProcAddress@8    10088004     kernel32:KERNEL32.dll
 0004:00000008       __imp__UnhandledExceptionFilter@4 10088008     kernel32:KERNEL32.dll
 0004:0000000c       __imp__SetUnhandledExceptionFilter@4 1008800c     kernel32:KERNEL32.dll
 0004:00000010       __imp__GetCurrentProcess@0 10088010     kernel32:KERNEL32.dll
 0004:00000014       __imp__TerminateProcess@8  10088014     kernel32:KERNEL32.dll
 0004:00000018       __imp__IsProcessorFeaturePresent@4 10088018     kernel32:KERNEL32.dll
 0004:0000001c       __imp__QueryPerformanceCounter@4 1008801c     kernel32:KERNEL32.dll
 0004:00000020       __imp__GetCurrentProcessId@0 10088020     kernel32:KERNEL32.dll
 0004:00000024       __imp__GetCurrentThreadId@0 10088024     kernel32:KERNEL32.dll
 0004:00000028       __imp__GetSystemTimeAsFileTime@4 10088028     kernel32:KERNEL32.dll
 0004:0000002c       __imp__InitializeSListHead@4 1008802c     kernel32:KERNEL32.dll
 0004:00000030       __imp__IsDebuggerPresent@0 10088030     kernel32:KERNEL32.dll
 0004:00000034       __imp__GetStartupInfoW@4   10088034     kernel32:KERNEL32.dll
 0004:00000038       __imp__GetModuleHandleW@4  10088038     kernel32:KERNEL32.dll
 0004:0000003c       __imp__InterlockedPushEntrySList@8 1008803c     kernel32:KERNEL32.dll
 0004:00000040       __imp__InterlockedFlushSList@4 10088040     kernel32:KERNEL32.dll
 0004:00000044       __imp__RtlUnwind@16        10088044     kernel32:KERNEL32.dll
 0004:00000048       __imp__GetLastError@0      10088048     kernel32:KERNEL32.dll
 0004:0000004c       __imp__SetLastError@4      1008804c     kernel32:KERNEL32.dll
 0004:00000050       __imp__EnterCriticalSection@4 10088050     kernel32:KERNEL32.dll
 0004:00000054       __imp__LeaveCriticalSection@4 10088054     kernel32:KERNEL32.dll
 0004:00000058       __imp__DeleteCriticalSection@4 10088058     kernel32:KERNEL32.dll
 0004:0000005c       __imp__InitializeCriticalSectionAndSpinCount@8 1008805c     kernel32:KERNEL32.dll
 0004:00000060       __imp__TlsAlloc@0          10088060     kernel32:KERNEL32.dll
 0004:00000064       __imp__TlsGetValue@4       10088064     kernel32:KERNEL32.dll
 0004:00000068       __imp__TlsSetValue@8       10088068     kernel32:KERNEL32.dll
 0004:0000006c       __imp__TlsFree@4           1008806c     kernel32:KERNEL32.dll
 0004:00000070       __imp__FreeLibrary@4       10088070     kernel32:KERNEL32.dll
 0004:00000074       __imp__LoadLibraryExW@12   10088074     kernel32:KERNEL32.dll
 0004:00000078       __imp__GetStdHandle@4      10088078     kernel32:KERNEL32.dll
 0004:0000007c       __imp__GetFileType@4       1008807c     kernel32:KERNEL32.dll
 0004:00000080       __imp__GetModuleFileNameA@12 10088080     kernel32:KERNEL32.dll
 0004:00000084       __imp__GetModuleFileNameW@12 10088084     kernel32:KERNEL32.dll
 0004:00000088       __imp__GetModuleHandleExW@12 10088088     kernel32:KERNEL32.dll
 0004:0000008c       __imp__WriteConsoleW@20    1008808c     kernel32:KERNEL32.dll
 0004:00000090       __imp__ExitProcess@4       10088090     kernel32:KERNEL32.dll
 0004:00000094       __imp__RaiseException@16   10088094     kernel32:KERNEL32.dll
 0004:00000098       __imp__MultiByteToWideChar@24 10088098     kernel32:KERNEL32.dll
 0004:0000009c       __imp__WideCharToMultiByte@32 1008809c     kernel32:KERNEL32.dll
 0004:000000a0       __imp__HeapFree@12         100880a0     kernel32:KERNEL32.dll
 0004:000000a4       __imp__HeapAlloc@12        100880a4     kernel32:KERNEL32.dll
 0004:000000a8       __imp__GetDateFormatW@24   100880a8     kernel32:KERNEL32.dll
 0004:000000ac       __imp__GetTimeFormatW@24   100880ac     kernel32:KERNEL32.dll
 0004:000000b0       __imp__CompareStringW@24   100880b0     kernel32:KERNEL32.dll
 0004:000000b4       __imp__LCMapStringW@24     100880b4     kernel32:KERNEL32.dll
 0004:000000b8       __imp__GetLocaleInfoW@16   100880b8     kernel32:KERNEL32.dll
 0004:000000bc       __imp__IsValidLocale@8     100880bc     kernel32:KERNEL32.dll
 0004:000000c0       __imp__GetUserDefaultLCID@0 100880c0     kernel32:KERNEL32.dll
 0004:000000c4       __imp__EnumSystemLocalesW@8 100880c4     kernel32:KERNEL32.dll
 0004:000000c8       __imp__GetCurrentThread@0  100880c8     kernel32:KERNEL32.dll
 0004:000000cc       __imp__GetACP@0            100880cc     kernel32:KERNEL32.dll
 0004:000000d0       __imp__WriteFile@20        100880d0     kernel32:KERNEL32.dll
 0004:000000d4       __imp__OutputDebugStringA@4 100880d4     kernel32:KERNEL32.dll
 0004:000000d8       __imp__OutputDebugStringW@4 100880d8     kernel32:KERNEL32.dll
 0004:000000dc       __imp__CloseHandle@4       100880dc     kernel32:KERNEL32.dll
 0004:000000e0       __imp__WaitForSingleObjectEx@12 100880e0     kernel32:KERNEL32.dll
 0004:000000e4       __imp__CreateThread@24     100880e4     kernel32:KERNEL32.dll
 0004:000000e8       __imp__SetConsoleCtrlHandler@8 100880e8     kernel32:KERNEL32.dll
 0004:000000ec       __imp__HeapReAlloc@16      100880ec     kernel32:KERNEL32.dll
 0004:000000f0       __imp__ReadFile@20         100880f0     kernel32:KERNEL32.dll
 0004:000000f4       __imp__GetConsoleMode@8    100880f4     kernel32:KERNEL32.dll
 0004:000000f8       __imp__ReadConsoleW@20     100880f8     kernel32:KERNEL32.dll
 0004:000000fc       __imp__GetConsoleCP@0      100880fc     kernel32:KERNEL32.dll
 0004:00000100       __imp__DeleteFileW@4       10088100     kernel32:KERNEL32.dll
 0004:00000104       __imp__SetFilePointerEx@20 10088104     kernel32:KERNEL32.dll
 0004:00000108       __imp__FindClose@4         10088108     kernel32:KERNEL32.dll
 0004:0000010c       __imp__FindFirstFileExA@24 1008810c     kernel32:KERNEL32.dll
 0004:00000110       __imp__FindFirstFileExW@24 10088110     kernel32:KERNEL32.dll
 0004:00000114       __imp__FindNextFileA@8     10088114     kernel32:KERNEL32.dll
 0004:00000118       __imp__FindNextFileW@8     10088118     kernel32:KERNEL32.dll
 0004:0000011c       __imp__IsValidCodePage@4   1008811c     kernel32:KERNEL32.dll
 0004:00000120       __imp__GetOEMCP@0          10088120     kernel32:KERNEL32.dll
 0004:00000124       __imp__GetCPInfo@8         10088124     kernel32:KERNEL32.dll
 0004:00000128       __imp__GetCommandLineA@0   10088128     kernel32:KERNEL32.dll
 0004:0000012c       __imp__GetCommandLineW@0   1008812c     kernel32:KERNEL32.dll
 0004:00000130       __imp__GetEnvironmentStringsW@0 10088130     kernel32:KERNEL32.dll
 0004:00000134       __imp__FreeEnvironmentStringsW@4 10088134     kernel32:KERNEL32.dll
 0004:00000138       __imp__SetEnvironmentVariableA@8 10088138     kernel32:KERNEL32.dll
 0004:0000013c       __imp__SetEnvironmentVariableW@8 1008813c     kernel32:KERNEL32.dll
 0004:00000140       __imp__GetProcessHeap@0    10088140     kernel32:KERNEL32.dll
 0004:00000144       __imp__GetStringTypeW@16   10088144     kernel32:KERNEL32.dll
 0004:00000148       __imp__FlushFileBuffers@4  10088148     kernel32:KERNEL32.dll
 0004:0000014c       __imp__SetStdHandle@8      1008814c     kernel32:KERNEL32.dll
 0004:00000150       __imp__CreateFileW@28      10088150     kernel32:KERNEL32.dll
 0004:00000154       __imp__HeapSize@12         10088154     kernel32:KERNEL32.dll
 0004:00000158       __imp__SetEndOfFile@4      10088158     kernel32:KERNEL32.dll
 0004:0000015c       __imp__EncodePointer@4     1008815c     kernel32:KERNEL32.dll
 0004:00000160       __imp__DecodePointer@4     10088160     kernel32:KERNEL32.dll
 0004:00000164       \177KERNEL32_NULL_THUNK_DATA 10088164     kernel32:KERNEL32.dll
 0004:000001d4       __IMPORT_DESCRIPTOR_KERNEL32 100881d4     kernel32:KERNEL32.dll
 0004:000001e8       __NULL_IMPORT_DESCRIPTOR   100881e8     kernel32:KERNEL32.dll
 0006:00000000       ___guard_check_icall_fptr  1008a000     LIBCMT:guard_support.obj
