 PIDcontrol_slrt

 Timestamp is 5acfd147 (Thu Apr 12 17:36:07 2018)

 Preferred load address is 10000000

 Start         Length     Name                   Class
 0001:00000000 00062e68H .text$mn                CODE
 0002:00000000 00000104H .CRT$XCA                DATA
 0002:00000104 00000104H .CRT$XCZ                DATA
 0002:00000208 00000104H .CRT$XIA                DATA
 0002:0000030c 00000110H .CRT$XIC                DATA
 0002:0000041c 00000104H .CRT$XIZ                DATA
 0002:00000520 00000104H .CRT$XPA                DATA
 0002:00000624 0000010cH .CRT$XPX                DATA
 0002:00000730 00000104H .CRT$XPXA               DATA
 0002:00000834 00000104H .CRT$XPZ                DATA
 0002:00000938 00000104H .CRT$XTA                DATA
 0002:00000a3c 00000104H .CRT$XTZ                DATA
 0002:00000b40 0000db78H .rdata                  DATA
 0002:0000e6b8 00000398H .rdata$r                DATA
 0002:0000ea50 00000110H .rdata$sxdata           DATA
 0002:0000eb60 000001b4H .rdata$zzzdbg           DATA
 0002:0000ed14 00000104H .rtc$IAA                DATA
 0002:0000ee18 00000104H .rtc$IZZ                DATA
 0002:0000ef1c 00000104H .rtc$TAA                DATA
 0002:0000f020 00000108H .rtc$TZZ                DATA
 0002:0000f128 00000ac8H .xdata$x                DATA
 0002:0000fbf0 000001e4H .edata                  DATA
 0003:00000000 00001310H .data                   DATA
 0003:00001310 000001f0H .data$r                 DATA
 0003:00001500 00014120H .bss                    DATA
 0004:00000000 000001d4H .idata$5                DATA
 0004:000001d4 00000014H .idata$2                DATA
 0004:000001e8 00000014H .idata$3                DATA
 0004:000001fc 000001d4H .idata$4                DATA
 0004:000003d0 00000843H .idata$6                DATA
 0005:00000000 00000224H .gfids$x                DATA
 0005:00000224 000001a5H .gfids$y                DATA
 0006:00000000 00000104H .00cfg                  DATA

  Address         Publics by Value              Rva+Base       Lib:Object

 0000:00000000       ___guard_fids_count        00000000     <absolute>
 0000:00000000       __except_list              00000000     <absolute>
 0000:00000000       ___guard_longjmp_count     00000000     <absolute>
 0000:00000000       ___dynamic_value_reloc_table 00000000     <absolute>
 0000:00000000       ___guard_iat_table         00000000     <absolute>
 0000:00000000       ___guard_fids_table        00000000     <absolute>
 0000:00000000       ___guard_longjmp_table     00000000     <absolute>
 0000:00000000       ___guard_iat_count         00000000     <absolute>
 0000:00000003       ___safe_se_handler_count   00000003     <absolute>
 0000:00000100       ___guard_flags             00000100     <absolute>
 0000:00000000       ___ImageBase               10000000     <linker-defined>
 0001:00005f20       _MdlInitialize             10006f20 f   PIDcontrol.obj
 0001:00005f30       _MdlInitializeSampleTimes  10006f30 f   PIDcontrol.obj
 0001:00005f40       _MdlInitializeSizes        10006f40 f   PIDcontrol.obj
 0001:00005f50       _MdlOutputs                10006f50 f   PIDcontrol.obj
 0001:00005f60       _MdlStart                  10006f60 f   PIDcontrol.obj
 0001:00005f70       _MdlTerminate              10006f70 f   PIDcontrol.obj
 0001:00005fa0       _MdlUpdate                 10006fa0 f   PIDcontrol.obj
 0001:00005fb0       _PIDcontrol                10006fb0 f   PIDcontrol.obj
 0001:00006a50       _PIDcontrol_If1Subsystem   10007a50 f   PIDcontrol.obj
 0001:00006a70       _PIDcontrol_derivatives    10007a70 f   PIDcontrol.obj
 0001:00006a90       _PIDcontrol_initialize     10007a90 f   PIDcontrol.obj
 0001:00007310       _PIDcontrol_output         10008310 f   PIDcontrol.obj
 0001:00007910       _PIDcontrol_terminate      10008910 f   PIDcontrol.obj
 0001:00007940       _PIDcontrol_update         10008940 f   PIDcontrol.obj
 0001:00007a90       ___local_stdio_printf_options 10008a90 f i PIDcontrol.obj
 0001:00007aa0       __vfprintf_l               10008aa0 f i PIDcontrol.obj
 0001:00007ad0       _printf                    10008ad0 f i PIDcontrol.obj
 0001:00007b10       _rt_ODECreateIntegrationData 10008b10 f   PIDcontrol.obj
 0001:00007b20       _rt_ODEDestroyIntegrationData 10008b20 f   PIDcontrol.obj
 0001:00007b30       _rt_ODEUpdateContinuousStates 10008b30 f   PIDcontrol.obj
 0001:00007d50       _rt_mxCreateCharMatrixFromStrings 10008d50 f   rt_matrx.obj
 0001:00007eb0       _rt_mxCreateDoubleMatrix   10008eb0 f   rt_matrx.obj
 0001:00007f10       _rt_mxCreateNumericArray   10008f10 f   rt_matrx.obj
 0001:00007f90       _rt_mxCreateString         10008f90 f   rt_matrx.obj
 0001:00008020       _rt_mxDuplicateArray       10009020 f   rt_matrx.obj
 0001:00008080       _rt_mxGetDimensions        10009080 f   rt_matrx.obj
 0001:000080c0       _rt_mxGetEps               100090c0 f   rt_matrx.obj
 0001:000080d0       _rt_mxGetString            100090d0 f   rt_matrx.obj
 0001:00008150       _rtPrintfNoOp              10009150 f   rt_printf.obj
 0001:00008160       _PIDcontrol_GetCAPIStaticMap 10009160 f   PIDcontrol_capi.obj
 0001:00008170       _PIDcontrol_InitializeDataMapInfo 10009170 f   PIDcontrol_capi.obj
 0001:00008200       _rtGetInf                  10009200 f   rtGetInf.obj
 0001:00008230       _rtGetInfF                 10009230 f   rtGetInf.obj
 0001:00008250       _rtGetMinusInf             10009250 f   rtGetInf.obj
 0001:00008280       _rtGetMinusInfF            10009280 f   rtGetInf.obj
 0001:000082a0       _rtGetNaN                  100092a0 f   rtGetNaN.obj
 0001:000082d0       _rtGetNaNF                 100092d0 f   rtGetNaN.obj
 0001:000082f0       _rtIsInf                   100092f0 f   rt_nonfinite.obj
 0001:00008330       _rtIsInfF                  10009330 f   rt_nonfinite.obj
 0001:00008370       _rtIsNaN                   10009370 f   rt_nonfinite.obj
 0001:00008390       _rtIsNaNF                  10009390 f   rt_nonfinite.obj
 0001:000083b0       _rt_InitInfAndNaN          100093b0 f   rt_nonfinite.obj
 0001:00008410       _rt_CleanUpForStateLogWithMMI 10009410 f   rt_logging_mmi.obj
 0001:00008520       _rt_FillStateSigInfoFromMMI 10009520 f   rt_logging_mmi.obj
 0001:000088c0       _rtwCAPI_CountSysRan       100098c0 f   rtw_modelmap_utils.obj
 0001:00008960       _rtwCAPI_EncodePath        10009960 f   rtw_modelmap_utils.obj
 0001:00008a60       _rtwCAPI_FillSysRan        10009a60 f   rtw_modelmap_utils.obj
 0001:00008b50       _rtwCAPI_FreeFullPaths     10009b50 f   rtw_modelmap_utils.obj
 0001:00008be0       _rtwCAPI_GetFullStateBlockPath 10009be0 f   rtw_modelmap_utils.obj
 0001:00008d90       _rtwCAPI_GetNumContStateRecords 10009d90 f   rtw_modelmap_utils.obj
 0001:00008e50       _rtwCAPI_GetNumSigLogRecords 10009e50 f   rtw_modelmap_utils.obj
 0001:00008ea0       _rtwCAPI_GetNumSigLogRecordsForRTWLogging 10009ea0 f   rtw_modelmap_utils.obj
 0001:00008f40       _rtwCAPI_GetNumStateRecords 10009f40 f   rtw_modelmap_utils.obj
 0001:00008f90       _rtwCAPI_GetNumStateRecordsForRTWLogging 10009f90 f   rtw_modelmap_utils.obj
 0001:00009030       _rtwCAPI_GetSigAddrFromMap 1000a030 f   rtw_modelmap_utils.obj
 0001:000090f0       _rtwCAPI_GetSigLogRecordInfo 1000a0f0 f   rtw_modelmap_utils.obj
 0001:00009520       _rtwCAPI_GetStateRecordInfo 1000a520 f   rtw_modelmap_utils.obj
 0001:000099d0       _rtwCAPI_GetStateWidth     1000a9d0 f   rtw_modelmap_utils.obj
 0001:00009a30       _rtwCAPI_HasStates         1000aa30 f   rtw_modelmap_utils.obj
 0001:00009aa0       _rtwCAPI_UpdateFullPaths   1000aaa0 f   rtw_modelmap_utils.obj
 0001:00009c80       __vsnprintf_l              1000ac80 f i rt_logging.obj
 0001:00009cc0       __vsprintf_l               1000acc0 f i rt_logging.obj
 0001:00009d00       _fprintf                   1000ad00 f i rt_logging.obj
 0001:0000a610       _rt_CreateLogVar           1000b610 f   rt_logging.obj
 0001:0000a6a0       _rt_CreateLogVarWithConvert 1000b6a0 f   rt_logging.obj
 0001:0000b020       _rt_CreateStructLogVar     1000c020 f   rt_logging.obj
 0001:0000bd80       _rt_GetMxIdFromDTypeId     1000cd80 f   rt_logging.obj
 0001:0000bdb0       _rt_GetMxIdFromDTypeIdForRSim 1000cdb0 f   rt_logging.obj
 0001:0000e680       _rt_StartDataLogging       1000f680 f   rt_logging.obj
 0001:0000eb40       _rt_StartDataLoggingWithStartTime 1000fb40 f   rt_logging.obj
 0001:0000f4a0       _rt_StopDataLogging        100104a0 f   rt_logging.obj
 0001:0000f4c0       _rt_StopDataLoggingImpl    100104c0 f   rt_logging.obj
 0001:0000f7f0       _rt_UpdateLogVar           100107f0 f   rt_logging.obj
 0001:00010910       _rt_UpdateStructLogVar     10011910 f   rt_logging.obj
 0001:000109a0       _rt_UpdateTXXFYLogVars     100119a0 f   rt_logging.obj
 0001:00010cd0       _rt_UpdateTXYLogVars       10011cd0 f   rt_logging.obj
 0001:00010f20       _sprintf                   10011f20 f i rt_logging.obj
 0001:00010f60       _DllMain@12                10011f60 f   xpctarget.obj
 0001:00010f70       _PIDcontrol_ChangeStepSize 10011f70 f   xpctarget.obj
 0001:00010fe0       _SLRTSetErrorStatus        10011fe0 f   xpctarget.obj
 0001:00011000       _changeStepSize            10012000 f   xpctarget.obj
 0001:00011070       _getDLMVersion             10012070 f   xpctarget.obj
 0001:00011080       _getRefMdlPath             10012080 f   xpctarget.obj
 0001:00011100       _getRefMdlSignalNumber     10012100 f   xpctarget.obj
 0001:000111b0       _getrlmdlinfo              100121b0 f   xpctarget.obj
 0001:00011390       _updateDiscreteEvents      10012390 f   xpctarget.obj
 0001:000113a0       _getNumRef                 100123a0 f   appmappingData.obj
 0001:000113b0       _vprintf                   100123b0 f i legacy_stdio.obj
 0001:000113f0       _daquanserq8               100123f0 f   daquanserq8.obj
 0001:00011d60       _encquanserq8              10012d60 f   encquanserq8.obj
 0001:000128a0       _GetPCIDeviceFull          100138a0 f   xpcruntime:xpcimports.obj
 0001:000128e0       _ShowPCIDevice             100138e0 f   xpcruntime:xpcimports.obj
 0001:000130a0       _xpcGetPciConfigAtSlot     100140a0 f   xpcruntime:xpcimports.obj
 0001:000133b0       _xpcInitProcs              100143b0 f   xpcruntime:xpcimports.obj
 0001:00014710       _xpceuploadevent           10015710 f   xpcruntime:xpcimports.obj
 0001:00014720       __ftoui3                   10015720 f   LIBCMT:_ftol3_.obj
 0001:0001472f       __ftoul3                   1001572f f   LIBCMT:_ftol3_.obj
 0001:0001473e       __ftol3                    1001573e f   LIBCMT:_ftol3_.obj
 0001:0001474b       __ftol3_NaN                1001574b f   LIBCMT:_ftol3_.obj
 0001:00014763       __ftol3_work               10015763 f   LIBCMT:_ftol3_.obj
 0001:000147e9       __ftol3_common             100157e9 f   LIBCMT:_ftol3_.obj
 0001:000148ab       __ftol3_arg_error          100158ab f   LIBCMT:_ftol3_.obj
 0001:000148bd       __ftol3_except             100158bd f   LIBCMT:_ftol3_.obj
 0001:00014901       __dtoui3                   10015901 f   LIBCMT:_ftol3_.obj
 0001:00014910       __dtoul3                   10015910 f   LIBCMT:_ftol3_.obj
 0001:0001491f       __dtol3                    1001591f f   LIBCMT:_ftol3_.obj
 0001:0001492c       __dtol3_NaN                1001592c f   LIBCMT:_ftol3_.obj
 0001:00014949       __dtol3_work               10015949 f   LIBCMT:_ftol3_.obj
 0001:00014a30       __ultod3                   10015a30 f   LIBCMT:_ftol3_.obj
 0001:00014a70       __ltod3                    10015a70 f   LIBCMT:_ftol3_.obj
 0001:00014b74       ___raise_securityfailure   10015b74 f   LIBCMT:gs_report.obj
 0001:00014ba6       ___report_gsfailure        10015ba6 f   LIBCMT:gs_report.obj
 0001:00014cdf       ___report_rangecheckfailure 10015cdf f   LIBCMT:gs_report.obj
 0001:00014cee       ___report_securityfailure  10015cee f   LIBCMT:gs_report.obj
 0001:00014df2       ___report_securityfailureEx 10015df2 f   LIBCMT:gs_report.obj
 0001:00014f4d       @__security_check_cookie@4 10015f4d f   LIBCMT:_secchk_.obj
 0001:00014f62       ___isa_available_init      10015f62 f   LIBCMT:_cpu_disp_.obj
 0001:0001552a       __CRT_INIT@12              1001652a f   LIBCMT:dll_dllmain.obj
 0001:00015535       __DllMainCRTStartup@12     10016535 f   LIBCMT:dll_dllmain.obj
 0001:00015560       ??$__crt_fast_decode_pointer@PAP6AXXZ@@YAPAP6AXXZQAP6AXXZ@Z 10016560 f i LIBCMT:utility.obj
 0001:00015579       ??$__crt_fast_encode_pointer@PAP6AXXZ@@YAPAP6AXXZQAP6AXXZ@Z 10016579 f i LIBCMT:utility.obj
 0001:0001559d       ?__crt_rotate_pointer_value@@YAIIH@Z 1001659d f i LIBCMT:utility.obj
 0001:000155ad       ?configure_argv@__scrt_narrow_argv_policy@@SAHXZ 100165ad f i LIBCMT:utility.obj
 0001:00015651       _NtCurrentTeb              10016651 f i LIBCMT:utility.obj
 0001:00015658       ___scrt_acquire_startup_lock 10016658 f   LIBCMT:utility.obj
 0001:0001569a       ___scrt_dllmain_after_initialize_c 1001669a f   LIBCMT:utility.obj
 0001:000156cf       ___scrt_dllmain_before_initialize_c 100166cf f   LIBCMT:utility.obj
 0001:000156e0       ___scrt_dllmain_crt_thread_attach 100166e0 f   LIBCMT:utility.obj
 0001:00015706       ___scrt_dllmain_crt_thread_detach 10016706 f   LIBCMT:utility.obj
 0001:00015716       ___scrt_dllmain_exception_filter 10016716 f   LIBCMT:utility.obj
 0001:00015755       ___scrt_dllmain_uninitialize_c 10016755 f   LIBCMT:utility.obj
 0001:00015780       ___scrt_dllmain_uninitialize_critical 10016780 f   LIBCMT:utility.obj
 0001:00015790       ___scrt_initialize_crt     10016790 f   LIBCMT:utility.obj
 0001:000157d7       ___scrt_initialize_onexit_tables 100167d7 f   LIBCMT:utility.obj
 0001:00015893       ___scrt_is_nonwritable_in_current_image 10016893 f   LIBCMT:utility.obj
 0001:0001593f       ___scrt_release_startup_lock 1001693f f   LIBCMT:utility.obj
 0001:00015963       ___scrt_uninitialize_crt   10016963 f   LIBCMT:utility.obj
 0001:00015995       __onexit                   10016995 f   LIBCMT:utility.obj
 0001:000159de       _at_quick_exit             100169de f   LIBCMT:utility.obj
 0001:00015a1b       _atexit                    10016a1b f   LIBCMT:utility.obj
 0001:00015a35       ___security_init_cookie    10016a35 f   LIBCMT:gs_support.obj
 0001:00015af8       ?__scrt_initialize_type_info@@YAXXZ 10016af8 f   LIBCMT:tncleanup.obj
 0001:00015b07       ?__scrt_uninitialize_type_info@@YAXXZ 10016b07 f   LIBCMT:tncleanup.obj
 0001:00015b16       ___local_stdio_scanf_options 10016b16 f i LIBCMT:default_local_stdio_options.obj
 0001:00015b1c       ___scrt_initialize_default_local_stdio_options 10016b1c f   LIBCMT:default_local_stdio_options.obj
 0001:00015b40       ___scrt_get_dyn_tls_init_callback 10016b40 f   LIBCMT:dyn_tls_init.obj
 0001:00015b46       ___scrt_fastfail           10016b46 f   LIBCMT:utility_desktop.obj
 0001:00015ca7       ___scrt_get_show_window_mode 10016ca7 f   LIBCMT:utility_desktop.obj
 0001:00015ce6       ___scrt_initialize_winrt   10016ce6 f   LIBCMT:utility_desktop.obj
 0001:00015ce9       ___scrt_is_managed_app     10016ce9 f   LIBCMT:utility_desktop.obj
 0001:00015d3e       ___scrt_set_unhandled_exception_filter 10016d3e f   LIBCMT:utility_desktop.obj
 0001:00015d4d       ___scrt_unhandled_exception_filter@4 10016d4d f   LIBCMT:utility_desktop.obj
 0001:00015d9e       __crt_debugger_hook        10016d9e f   LIBCMT:utility_desktop.obj
 0001:00015da8       __RTC_Initialize           10016da8 f   LIBCMT:_initsect_.obj
 0001:00015ddd       __RTC_Terminate            10016ddd f   LIBCMT:_initsect_.obj
 0001:00015e12       @_guard_check_icall@4      10016e12 f i LIBCMT:checkcfg.obj
 0001:00015e20       __SEH_prolog4              10016e20 f   LIBCMT:_sehprolg4_.obj
 0001:00015e66       __SEH_epilog4              10016e66 f   LIBCMT:_sehprolg4_.obj
 0001:00015e91       __get_startup_argv_mode    10016e91 f   LIBCMT:argv_mode.obj
 0001:00015e95       ___scrt_is_ucrt_dll_in_use 10016e95 f   LIBCMT:ucrt_detection.obj
 0001:00015ea4       @_guard_check_icall_nop@4  10016ea4 f i LIBCMT:guard_support.obj
 0001:00015ea5       __guard_icall_checks_enforced 10016ea5 f i LIBCMT:guard_support.obj
 0001:00015ebc       _GetModuleHandleA@4        10016ebc f   kernel32:KERNEL32.dll
 0001:00015ec2       _GetProcAddress@8          10016ec2 f   kernel32:KERNEL32.dll
 0001:00015ec8       _UnhandledExceptionFilter@4 10016ec8 f   kernel32:KERNEL32.dll
 0001:00015ece       _SetUnhandledExceptionFilter@4 10016ece f   kernel32:KERNEL32.dll
 0001:00015ed4       _GetCurrentProcess@0       10016ed4 f   kernel32:KERNEL32.dll
 0001:00015eda       _TerminateProcess@8        10016eda f   kernel32:KERNEL32.dll
 0001:00015ee0       _IsProcessorFeaturePresent@4 10016ee0 f   kernel32:KERNEL32.dll
 0001:00015ee6       _QueryPerformanceCounter@4 10016ee6 f   kernel32:KERNEL32.dll
 0001:00015eec       _GetCurrentProcessId@0     10016eec f   kernel32:KERNEL32.dll
 0001:00015ef2       _GetCurrentThreadId@0      10016ef2 f   kernel32:KERNEL32.dll
 0001:00015ef8       _GetSystemTimeAsFileTime@4 10016ef8 f   kernel32:KERNEL32.dll
 0001:00015efe       _InitializeSListHead@4     10016efe f   kernel32:KERNEL32.dll
 0001:00015f04       _IsDebuggerPresent@0       10016f04 f   kernel32:KERNEL32.dll
 0001:00015f0a       _GetStartupInfoW@4         10016f0a f   kernel32:KERNEL32.dll
 0001:00015f10       _GetModuleHandleW@4        10016f10 f   kernel32:KERNEL32.dll
 0001:00015f20       _memset                    10016f20 f   libvcruntime:memset.obj
 0001:000160d0       _memcpy                    100170d0 f   libvcruntime:memcpy.obj
 0001:000167b0       _memmove                   100177b0 f   libvcruntime:memmove.obj
 0001:00016e90       _strchr                    10017e90 f   libvcruntime:strchr.obj
 0001:00016efe       ___from_strstr_to_strchr   10017efe     libvcruntime:strchr.obj
 0001:00017050       __except_handler4          10018050 f   libvcruntime:_chandler4_.obj
 0001:0001720f       ___vcrt_initialize         1001820f f   libvcruntime:initialization.obj
 0001:00017242       ___vcrt_thread_attach      10018242 f   libvcruntime:initialization.obj
 0001:0001724f       ___vcrt_thread_detach      1001824f f   libvcruntime:initialization.obj
 0001:0001725c       ___vcrt_uninitialize       1001825c f   libvcruntime:initialization.obj
 0001:00017282       ___vcrt_uninitialize_critical 10018282 f   libvcruntime:initialization.obj
 0001:0001729d       ??$?RD@__crt_internal_free_policy@@QBEXQBD@Z 1001829d f i libvcruntime:std_type_info.obj
 0001:000172b1       ??$?RX@__crt_internal_free_policy@@QBEXQBX@Z 100182b1 f i libvcruntime:std_type_info.obj
 0001:000172c5       ??$__crt_interlocked_compare_exchange_pointer@$$CBD$$T$$T@@YAPBDPDSBD$$T1@Z 100182c5 f i libvcruntime:std_type_info.obj
 0001:000172db       ??$__crt_interlocked_compare_exchange_pointer@$$CBDPAD$$T@@YAPBDPDSBDQAD$$T@Z 100182db f i libvcruntime:std_type_info.obj
 0001:000172f1       ??$__crt_interlocked_read_pointer@$$CBD@@YAPBDPDSBD@Z 100182f1 f i libvcruntime:std_type_info.obj
 0001:00017305       ??0?$__crt_unique_heap_ptr@DU__crt_internal_free_policy@@@@QAE@QAD@Z 10018305 f i libvcruntime:std_type_info.obj
 0001:00017316       ??0?$__crt_unique_heap_ptr@XU__crt_internal_free_policy@@@@QAE@QAX@Z 10018316 f i libvcruntime:std_type_info.obj
 0001:00017327       ??1?$__crt_unique_heap_ptr@DU__crt_internal_free_policy@@@@QAE@XZ 10018327 f i libvcruntime:std_type_info.obj
 0001:0001733b       ??1?$__crt_unique_heap_ptr@XU__crt_internal_free_policy@@@@QAE@XZ 1001833b f i libvcruntime:std_type_info.obj
 0001:0001735b       ??B?$__crt_unique_heap_ptr@DU__crt_internal_free_policy@@@@QBE_NXZ 1001835b f i libvcruntime:std_type_info.obj
 0001:00017362       ??B?$__crt_unique_heap_ptr@XU__crt_internal_free_policy@@@@QBE_NXZ 10018362 f i libvcruntime:std_type_info.obj
 0001:00017391       ?detach@?$__crt_unique_heap_ptr@XU__crt_internal_free_policy@@@@QAEPAXXZ 10018391 f i libvcruntime:std_type_info.obj
 0001:00017397       ?get@?$__crt_unique_heap_ptr@DU__crt_internal_free_policy@@@@QBEPADXZ 10018397 f i libvcruntime:std_type_info.obj
 0001:0001739a       ?get@?$__crt_unique_heap_ptr@XU__crt_internal_free_policy@@@@QBEPAXXZ 1001839a f i libvcruntime:std_type_info.obj
 0001:0001739d       ?is_valid@?$__crt_unique_heap_ptr@DU__crt_internal_free_policy@@@@QBE_NXZ 1001839d f i libvcruntime:std_type_info.obj
 0001:000173a4       ?is_valid@?$__crt_unique_heap_ptr@XU__crt_internal_free_policy@@@@QBE_NXZ 100183a4 f i libvcruntime:std_type_info.obj
 0001:000173ab       ?release@?$__crt_unique_heap_ptr@DU__crt_internal_free_policy@@@@QAEXXZ 100183ab f i libvcruntime:std_type_info.obj
 0001:000173bf       ?release@?$__crt_unique_heap_ptr@XU__crt_internal_free_policy@@@@QAEXXZ 100183bf f i libvcruntime:std_type_info.obj
 0001:000173d3       ___std_type_info_compare   100183d3 f   libvcruntime:std_type_info.obj
 0001:0001741e       ___std_type_info_destroy_list 1001841e f   libvcruntime:std_type_info.obj
 0001:00017449       ___std_type_info_hash      10018449 f   libvcruntime:std_type_info.obj
 0001:00017478       ___std_type_info_name      10018478 f   libvcruntime:std_type_info.obj
 0001:00017580       __local_unwind4            10018580 f   libvcruntime:_exsup4_.obj
 0001:00017656       __seh_longjmp_unwind4@4    10018656 f   libvcruntime:_exsup4_.obj
 0001:0001767e       @_EH4_CallFilterFunc@8     1001867e f   libvcruntime:_exsup4_.obj
 0001:00017695       @_EH4_TransferToHandler@8  10018695 f   libvcruntime:_exsup4_.obj
 0001:000176ae       @_EH4_GlobalUnwind2@8      100186ae f   libvcruntime:_exsup4_.obj
 0001:000176c7       @_EH4_LocalUnwind@16       100186c7 f   libvcruntime:_exsup4_.obj
 0001:00017735       ___except_validate_context_record 10018735 f   libvcruntime:jbcxrval.obj
 0001:00017736       ___except_validate_jump_buffer 10018736 f   libvcruntime:jbcxrval.obj
 0001:00017737       ??$?RU__vcrt_ptd@@@__crt_internal_free_policy@@QBEXQBU__vcrt_ptd@@@Z 10018737 f i libvcruntime:per_thread_data.obj
 0001:0001774b       ??0?$__crt_unique_heap_ptr@U__vcrt_ptd@@U__crt_internal_free_policy@@@@QAE@QAU__vcrt_ptd@@@Z 1001874b f i libvcruntime:per_thread_data.obj
 0001:0001776e       ??1?$__crt_unique_heap_ptr@U__vcrt_ptd@@U__crt_internal_free_policy@@@@QAE@XZ 1001876e f i libvcruntime:per_thread_data.obj
 0001:0001778d       ??B?$__crt_unique_heap_ptr@U__vcrt_ptd@@U__crt_internal_free_policy@@@@QBE_NXZ 1001878d f i libvcruntime:per_thread_data.obj
 0001:00017794       ?detach@?$__crt_unique_heap_ptr@U__vcrt_ptd@@U__crt_internal_free_policy@@@@QAEPAU__vcrt_ptd@@XZ 10018794 f i libvcruntime:per_thread_data.obj
 0001:0001779a       ?get@?$__crt_unique_heap_ptr@U__vcrt_ptd@@U__crt_internal_free_policy@@@@QBEPAU__vcrt_ptd@@XZ 1001879a f i libvcruntime:per_thread_data.obj
 0001:0001779d       ?is_valid@?$__crt_unique_heap_ptr@U__vcrt_ptd@@U__crt_internal_free_policy@@@@QBE_NXZ 1001879d f i libvcruntime:per_thread_data.obj
 0001:000177a4       ?release@?$__crt_unique_heap_ptr@U__vcrt_ptd@@U__crt_internal_free_policy@@@@QAEXXZ 100187a4 f i libvcruntime:per_thread_data.obj
 0001:000177d8       ___vcrt_freefls@4          100187d8 f   libvcruntime:per_thread_data.obj
 0001:000177fb       ___vcrt_freeptd            100187fb f   libvcruntime:per_thread_data.obj
 0001:0001783e       ___vcrt_getptd             1001883e f   libvcruntime:per_thread_data.obj
 0001:0001784f       ___vcrt_getptd_noexit      1001884f f   libvcruntime:per_thread_data.obj
 0001:00017905       ___vcrt_initialize_ptd     10018905 f   libvcruntime:per_thread_data.obj
 0001:00017944       ___vcrt_uninitialize_ptd   10018944 f   libvcruntime:per_thread_data.obj
 0001:00017965       ___vcrt_initialize_locks   10018965 f   libvcruntime:locks.obj
 0001:000179b0       ___vcrt_lock               100189b0 f   libvcruntime:locks.obj
 0001:000179ca       ___vcrt_uninitialize_locks 100189ca f   libvcruntime:locks.obj
 0001:00017a04       ___vcrt_unlock             10018a04 f   libvcruntime:locks.obj
 0001:00017a1e       ??$?BX@__crt_fast_encoded_nullptr_t@@QBEPAXXZ 10018a1e f i libvcruntime:winapi_downlevel.obj
 0001:00017a3c       ??$__crt_fast_decode_pointer@PAX@@YAPAXQAX@Z 10018a3c f i libvcruntime:winapi_downlevel.obj
 0001:00017a55       ??$__crt_fast_encode_pointer@PAX@@YAPAXQAX@Z 10018a55 f i libvcruntime:winapi_downlevel.obj
 0001:00017a79       ??$__crt_interlocked_compare_exchange_pointer@UHINSTANCE__@@$$T$$T@@YAPAUHINSTANCE__@@PDSAU0@$$T1@Z 10018a79 f i libvcruntime:winapi_downlevel.obj
 0001:00017a8f       ??$__crt_interlocked_compare_exchange_pointer@X$$T$$T@@YAPAXPDSAX$$T1@Z 10018a8f f i libvcruntime:winapi_downlevel.obj
 0001:00017aa5       ??$__crt_interlocked_exchange_pointer@UHINSTANCE__@@PAU1@@@YAPAUHINSTANCE__@@PDSAU0@QAU0@@Z 10018aa5 f i libvcruntime:winapi_downlevel.obj
 0001:00017ab5       ??$__crt_interlocked_exchange_pointer@UHINSTANCE__@@PAX@@YAPAUHINSTANCE__@@PDSAU0@QAX@Z 10018ab5 f i libvcruntime:winapi_downlevel.obj
 0001:00017ac5       ??$__crt_interlocked_exchange_pointer@XPAX@@YAPAXPDSAXQAX@Z 10018ac5 f i libvcruntime:winapi_downlevel.obj
 0001:00017ad5       ??$__crt_interlocked_read_pointer@UHINSTANCE__@@@@YAPAUHINSTANCE__@@PDSAU0@@Z 10018ad5 f i libvcruntime:winapi_downlevel.obj
 0001:00017ae9       ??$__crt_interlocked_read_pointer@X@@YAPAXPDSAX@Z 10018ae9 f i libvcruntime:winapi_downlevel.obj
 0001:00017afd       ?__crt_fast_encode_pointer@@YA?AU__crt_fast_encoded_nullptr_t@@$$T@Z 10018afd f i libvcruntime:winapi_downlevel.obj
 0001:00017e41       ___vcrt_EventRegister      10018e41 f   libvcruntime:winapi_downlevel.obj
 0001:00017e91       ___vcrt_EventSetInformation 10018e91 f   libvcruntime:winapi_downlevel.obj
 0001:00017ee4       ___vcrt_EventUnregister    10018ee4 f   libvcruntime:winapi_downlevel.obj
 0001:00017f2c       ___vcrt_EventWriteTransfer 10018f2c f   libvcruntime:winapi_downlevel.obj
 0001:00017f87       ___vcrt_FlsAlloc           10018f87 f   libvcruntime:winapi_downlevel.obj
 0001:00017fcf       ___vcrt_FlsFree            10018fcf f   libvcruntime:winapi_downlevel.obj
 0001:00018017       ___vcrt_FlsGetValue        10019017 f   libvcruntime:winapi_downlevel.obj
 0001:0001805f       ___vcrt_FlsSetValue        1001905f f   libvcruntime:winapi_downlevel.obj
 0001:000180ab       ___vcrt_InitializeCriticalSectionEx 100190ab f   libvcruntime:winapi_downlevel.obj
 0001:00018102       ___vcrt_initialize_winapi_thunks 10019102 f   libvcruntime:winapi_downlevel.obj
 0001:0001814a       ___vcrt_uninitialize_winapi_thunks 1001914a f   libvcruntime:winapi_downlevel.obj
 0001:00018188       ??$?B$$A6AXXZ@__crt_fast_encoded_nullptr_t@@QBEP6AXXZXZ 10019188 f i libvcruntime:purevirt_data.obj
 0001:000181a6       ??$__crt_fast_encode_pointer@P6AXXZ@@YAP6AXXZQ6AXXZ@Z 100191a6 f i libvcruntime:purevirt_data.obj
 0001:000181ca       ___vcrt_initialize_pure_virtual_call_handler 100191ca f   libvcruntime:purevirt_data.obj
 0001:000181ee       ??$__vcrt_va_start_verify_argument_type@QBD@@YAXXZ 100191ee f i libvcruntime:undname.obj
 0001:000181ef       ??0Block@_HeapManager@@QAE@XZ 100191ef f i libvcruntime:undname.obj
 0001:000181f5       ??0DName@@QAE@AAPBDD@Z     100191f5 f   libvcruntime:undname.obj
 0001:000182dc       ??0DName@@QAE@ABV0@@Z      100192dc f i libvcruntime:undname.obj
 0001:000182f7       ??0DName@@QAE@D@Z          100192f7 f   libvcruntime:undname.obj
 0001:0001832e       ??0DName@@QAE@PAV0@@Z      1001932e f   libvcruntime:undname.obj
 0001:0001838e       ??0DName@@QAE@PBD@Z        1001938e f   libvcruntime:undname.obj
 0001:000183d6       ??0DName@@QAE@W4DNameStatus@@@Z 100193d6 f   libvcruntime:undname.obj
 0001:00018429       ??0DName@@QAE@XZ           10019429 f i libvcruntime:undname.obj
 0001:0001843e       ??0DName@@QAE@_J@Z         1001943e f   libvcruntime:undname.obj
 0001:000184f8       ??0DName@@QAE@_K@Z         100194f8 f   libvcruntime:undname.obj
 0001:00018582       ??0DNameNode@@IAE@XZ       10019582 f   libvcruntime:undname.obj
 0001:0001858d       ??0DNameStatusNode@@AAE@W4DNameStatus@@@Z 1001958d f   libvcruntime:undname.obj
 0001:000185b8       ??0Replicator@@QAE@XZ      100195b8 f i libvcruntime:undname.obj
 0001:000185be       ??0UnDecorator@@QAE@PADPBDHP6APADJ@ZK@Z 100195be f i libvcruntime:undname.obj
 0001:00018641       ??0charNode@@QAE@D@Z       10019641 f   libvcruntime:undname.obj
 0001:0001865b       ??0pDNameNode@@QAE@PAVDName@@@Z 1001965b f   libvcruntime:undname.obj
 0001:0001868d       ??0pairNode@@QAE@PAVDNameNode@@0@Z 1001968d f   libvcruntime:undname.obj
 0001:000186b3       ??0pcharNode@@QAE@PBDH@Z   100196b3 f   libvcruntime:undname.obj
 0001:00018722       ??2@YAPAXIAAV_HeapManager@@H@Z 10019722 f i libvcruntime:undname.obj
 0001:0001873c       ??4DName@@QAEAAV0@ABV0@@Z  1001973c f   libvcruntime:undname.obj
 0001:00018757       ??4DName@@QAEAAV0@D@Z      10019757 f i libvcruntime:undname.obj
 0001:0001878e       ??4DName@@QAEAAV0@PAV0@@Z  1001978e f   libvcruntime:undname.obj
 0001:000187e9       ??4DName@@QAEAAV0@PBD@Z    100197e9 f   libvcruntime:undname.obj
 0001:00018827       ??4DName@@QAEAAV0@W4DNameStatus@@@Z 10019827 f   libvcruntime:undname.obj
 0001:00018869       ??AReplicator@@QBE?AVDName@@H@Z 10019869 f   libvcruntime:undname.obj
 0001:000188b4       ??BUnDecorator@@QAEPADXZ   100198b4 f i libvcruntime:undname.obj
 0001:00018a8b       ??H@YA?AVDName@@DABV0@@Z   10019a8b f i libvcruntime:undname.obj
 0001:00018ab8       ??H@YA?AVDName@@PBDABV0@@Z 10019ab8 f i libvcruntime:undname.obj
 0001:00018ae5       ??H@YA?AVDName@@W4DNameStatus@@ABV0@@Z 10019ae5 f i libvcruntime:undname.obj
 0001:00018b12       ??HDName@@QBE?AV0@ABV0@@Z  10019b12 f   libvcruntime:undname.obj
 0001:00018b3c       ??HDName@@QBE?AV0@D@Z      10019b3c f   libvcruntime:undname.obj
 0001:00018b66       ??HDName@@QBE?AV0@PAV0@@Z  10019b66 f   libvcruntime:undname.obj
 0001:00018b90       ??HDName@@QBE?AV0@PBD@Z    10019b90 f   libvcruntime:undname.obj
 0001:00018bba       ??HDName@@QBE?AV0@W4DNameStatus@@@Z 10019bba f   libvcruntime:undname.obj
 0001:00018be4       ??YDName@@QAEAAV0@ABV0@@Z  10019be4 f   libvcruntime:undname.obj
 0001:00018c37       ??YDName@@QAEAAV0@D@Z      10019c37 f   libvcruntime:undname.obj
 0001:00018c9b       ??YDName@@QAEAAV0@PAV0@@Z  10019c9b f   libvcruntime:undname.obj
 0001:00018d19       ??YDName@@QAEAAV0@PBD@Z    10019d19 f   libvcruntime:undname.obj
 0001:00018d92       ??YDName@@QAEAAV0@W4DNameStatus@@@Z 10019d92 f   libvcruntime:undname.obj
 0001:00018de2       ??YReplicator@@QAEAAV0@ABVDName@@@Z 10019de2 f   libvcruntime:undname.obj
 0001:00018e3e       ??_5DName@@QAEAAV0@ABV0@@Z 10019e3e f   libvcruntime:undname.obj
 0001:00018e61       ?Constructor@_HeapManager@@QAEXP6APAXI@ZP6AXPAX@Z@Z 10019e61 f i libvcruntime:undname.obj
 0001:00018e85       ?Destructor@_HeapManager@@QAEXXZ 10019e85 f i libvcruntime:undname.obj
 0001:00018ecc       ?UScore@UnDecorator@@SAPBDW4Tokens@@@Z 10019ecc f   libvcruntime:undname.obj
 0001:00018ef0       ?append@DName@@AAEXPAVDNameNode@@@Z 10019ef0 f   libvcruntime:undname.obj
 0001:00018f47       ?composeDeclaration@UnDecorator@@CA?AVDName@@ABV2@@Z 10019f47 f i libvcruntime:undname.obj
 0001:00019f82       ?doAccessSpecifiers@UnDecorator@@SAHXZ 1001af82 f i libvcruntime:undname.obj
 0001:00019f93       ?doAllocationLanguage@UnDecorator@@SAHXZ 1001af93 f i libvcruntime:undname.obj
 0001:00019fa4       ?doAllocationModel@UnDecorator@@SAHXZ 1001afa4 f i libvcruntime:undname.obj
 0001:00019fb5       ?doEcsu@UnDecorator@@SAHXZ 1001afb5 f i libvcruntime:undname.obj
 0001:00019fc6       ?doEllipsis@UnDecorator@@SAHXZ 1001afc6 f i libvcruntime:undname.obj
 0001:00019fd7       ?doFunctionReturns@UnDecorator@@SAHXZ 1001afd7 f i libvcruntime:undname.obj
 0001:00019fe8       ?doMSKeywords@UnDecorator@@SAHXZ 1001afe8 f i libvcruntime:undname.obj
 0001:00019ff8       ?doMemberTypes@UnDecorator@@SAHXZ 1001aff8 f i libvcruntime:undname.obj
 0001:0001a009       ?doNameOnly@UnDecorator@@SAHXZ 1001b009 f i libvcruntime:undname.obj
 0001:0001a016       ?doNoIdentCharCheck@UnDecorator@@SAHXZ 1001b016 f i libvcruntime:undname.obj
 0001:0001a023       ?doPchar@DName@@AAEXPBDH@Z 1001b023 f   libvcruntime:undname.obj
 0001:0001a0cf       ?doPtr64@UnDecorator@@SAHXZ 1001b0cf f i libvcruntime:undname.obj
 0001:0001a0e0       ?doRestrictionSpec@UnDecorator@@SAHXZ 1001b0e0 f i libvcruntime:undname.obj
 0001:0001a0f1       ?doThisTypes@UnDecorator@@SAHXZ 1001b0f1 f i libvcruntime:undname.obj
 0001:0001a107       ?doThrowTypes@UnDecorator@@SAHXZ 1001b107 f i libvcruntime:undname.obj
 0001:0001a118       ?doTypeOnly@UnDecorator@@SAHXZ 1001b118 f i libvcruntime:undname.obj
 0001:0001a125       ?doUnderScore@UnDecorator@@SAHXZ 1001b125 f i libvcruntime:undname.obj
 0001:0001a132       ?getArgumentList@UnDecorator@@CA?AVDName@@XZ 1001b132 f   libvcruntime:undname.obj
 0001:0001a281       ?getArgumentTypes@UnDecorator@@CA?AVDName@@XZ 1001b281 f   libvcruntime:undname.obj
 0001:0001a399       ?getArrayType@UnDecorator@@CA?AVDName@@ABV2@@Z 1001b399 f i libvcruntime:undname.obj
 0001:0001a61b       ?getBasedType@UnDecorator@@CA?AVDName@@XZ 1001b61b f   libvcruntime:undname.obj
 0001:0001a6da       ?getBasicDataType@UnDecorator@@CA?AVDName@@ABV2@@Z 1001b6da f   libvcruntime:undname.obj
 0001:0001abc4       ?getCallIndex@UnDecorator@@CA?AVDName@@XZ 1001bbc4 f i libvcruntime:undname.obj
 0001:0001abdd       ?getCallingConvention@UnDecorator@@CA?AVDName@@XZ 1001bbdd f   libvcruntime:undname.obj
 0001:0001accb       ?getDataIndirectType@UnDecorator@@CA?AVDName@@ABV2@PBD0H@Z 1001bccb f   libvcruntime:undname.obj
 0001:0001b476       ?getDataIndirectType@UnDecorator@@CA?AVDName@@XZ 1001c476 f i libvcruntime:undname.obj
 0001:0001b4bd       ?getDataType@UnDecorator@@CA?AVDName@@PAV2@@Z 1001c4bd f   libvcruntime:undname.obj
 0001:0001b5c3       ?getDecoratedName@UnDecorator@@CA?AVDName@@XZ 1001c5c3 f   libvcruntime:undname.obj
 0001:0001b8a2       ?getDimension@UnDecorator@@CA?AVDName@@_N@Z 1001c8a2 f   libvcruntime:undname.obj
 0001:0001ba26       ?getDispatchTarget@UnDecorator@@CA?AVDName@@XZ 1001ca26 f   libvcruntime:undname.obj
 0001:0001ba97       ?getDisplacement@UnDecorator@@CA?AVDName@@XZ 1001ca97 f i libvcruntime:undname.obj
 0001:0001bab0       ?getECSUDataType@UnDecorator@@CA?AVDName@@XZ 1001cab0 f   libvcruntime:undname.obj
 0001:0001bc14       ?getECSUName@UnDecorator@@CA?AVDName@@XZ 1001cc14 f i libvcruntime:undname.obj
 0001:0001bc29       ?getEnumType@UnDecorator@@CA?AVDName@@XZ 1001cc29 f i libvcruntime:undname.obj
 0001:0001bd50       ?getExtendedDataIndirectType@UnDecorator@@CA?AVDName@@AAPBDAA_NH@Z 1001cd50 f   libvcruntime:undname.obj
 0001:0001bf63       ?getExternalDataType@UnDecorator@@CA?AVDName@@ABV2@@Z 1001cf63 f i libvcruntime:undname.obj
 0001:0001bffa       ?getFunctionIndirectType@UnDecorator@@CA?AVDName@@ABV2@@Z 1001cffa f   libvcruntime:undname.obj
 0001:0001c505       ?getGuardNumber@UnDecorator@@CA?AVDName@@XZ 1001d505 f i libvcruntime:undname.obj
 0001:0001c51e       ?getLastChar@DName@@QBEDXZ 1001d51e f i libvcruntime:undname.obj
 0001:0001c544       ?getLastChar@DNameStatusNode@@UBEDXZ 1001d544 f i libvcruntime:undname.obj
 0001:0001c553       ?getLastChar@charNode@@UBEDXZ 1001d553 f i libvcruntime:undname.obj
 0001:0001c557       ?getLastChar@pDNameNode@@UBEDXZ 1001d557 f i libvcruntime:undname.obj
 0001:0001c568       ?getLastChar@pairNode@@UBEDXZ 1001d568 f i libvcruntime:undname.obj
 0001:0001c5a7       ?getLastChar@pcharNode@@UBEDXZ 1001d5a7 f i libvcruntime:undname.obj
 0001:0001c5bd       ?getLexicalFrame@UnDecorator@@CA?AVDName@@XZ 1001d5bd f i libvcruntime:undname.obj
 0001:0001c609       ?getMemory@_HeapManager@@QAEPAXIH@Z 1001d609 f   libvcruntime:undname.obj
 0001:0001c6ba       ?getNumberOfDimensions@UnDecorator@@CAHXZ 1001d6ba f   libvcruntime:undname.obj
 0001:0001c733       ?getOperatorName@UnDecorator@@CA?AVDName@@_NPA_N@Z 1001d733 f i libvcruntime:undname.obj
 0001:0001cee3       ?getPointerType@UnDecorator@@CA?AVDName@@ABV2@0@Z 1001dee3 f i libvcruntime:undname.obj
 0001:0001cf08       ?getPointerTypeArray@UnDecorator@@CA?AVDName@@ABV2@0@Z 1001df08 f i libvcruntime:undname.obj
 0001:0001cf2d       ?getPrimaryDataType@UnDecorator@@CA?AVDName@@ABV2@@Z 1001df2d f   libvcruntime:undname.obj
 0001:0001d19e       ?getPtrRefDataType@UnDecorator@@CA?AVDName@@ABV2@H@Z 1001e19e f   libvcruntime:undname.obj
 0001:0001d2e0       ?getPtrRefType@UnDecorator@@CA?AVDName@@ABV2@0PBD@Z 1001e2e0 f   libvcruntime:undname.obj
 0001:0001d41b       ?getReferenceType@UnDecorator@@CA?AVDName@@ABV2@0PBD@Z 1001e41b f i libvcruntime:undname.obj
 0001:0001d43e       ?getRestrictionSpec@UnDecorator@@CA?AVDName@@XZ 1001e43e f   libvcruntime:undname.obj
 0001:0001d56c       ?getReturnType@UnDecorator@@CA?AVDName@@PAV2@@Z 1001e56c f   libvcruntime:undname.obj
 0001:0001d5a6       ?getScope@UnDecorator@@CA?AVDName@@XZ 1001e5a6 f   libvcruntime:undname.obj
 0001:0001da7b       ?getScopedName@UnDecorator@@CA?AVDName@@XZ 1001ea7b f   libvcruntime:undname.obj
 0001:0001dbb4       ?getSignedDimension@UnDecorator@@CA?AVDName@@XZ 1001ebb4 f   libvcruntime:undname.obj
 0001:0001dc1b       ?getStorageConvention@UnDecorator@@CA?AVDName@@XZ 1001ec1b f i libvcruntime:undname.obj
 0001:0001dc30       ?getString@DName@@QBEPADPAD0@Z 1001ec30 f i libvcruntime:undname.obj
 0001:0001dc67       ?getString@DName@@QBEPADPADH@Z 1001ec67 f i libvcruntime:undname.obj
 0001:0001dcd2       ?getString@DNameStatusNode@@UBEPADPAD0@Z 1001ecd2 f i libvcruntime:undname.obj
 0001:0001dd02       ?getString@charNode@@UBEPADPAD0@Z 1001ed02 f i libvcruntime:undname.obj
 0001:0001dd1c       ?getString@pDNameNode@@UBEPADPAD0@Z 1001ed1c f i libvcruntime:undname.obj
 0001:0001dd38       ?getString@pairNode@@UBEPADPAD0@Z 1001ed38 f i libvcruntime:undname.obj
 0001:0001dd8d       ?getString@pcharNode@@UBEPADPAD0@Z 1001ed8d f i libvcruntime:undname.obj
 0001:0001ddae       ?getStringEncoding@UnDecorator@@CA?AVDName@@PADH@Z 1001edae f   libvcruntime:undname.obj
 0001:0001de79       ?getStringHelper@@YAPADPAD00H@Z 1001ee79 f i libvcruntime:undname.obj
 0001:0001debd       ?getSymbolName@UnDecorator@@CA?AVDName@@XZ 1001eebd f i libvcruntime:undname.obj
 0001:0001df17       ?getTemplateArgumentList@UnDecorator@@CA?AVDName@@XZ 1001ef17 f   libvcruntime:undname.obj
 0001:0001e264       ?getTemplateConstant@UnDecorator@@CA?AVDName@@XZ 1001f264 f   libvcruntime:undname.obj
 0001:0001e679       ?getTemplateName@UnDecorator@@CA?AVDName@@_N@Z 1001f679 f   libvcruntime:undname.obj
 0001:0001e824       ?getThisType@UnDecorator@@CA?AVDName@@XZ 1001f824 f i libvcruntime:undname.obj
 0001:0001e86c       ?getThrowTypes@UnDecorator@@CA?AVDName@@XZ 1001f86c f   libvcruntime:undname.obj
 0001:0001e918       ?getTypeEncoding@UnDecorator@@CAHXZ 1001f918 f i libvcruntime:undname.obj
 0001:0001ed14       ?getVCallThunkType@UnDecorator@@CA?AVDName@@XZ 1001fd14 f i libvcruntime:undname.obj
 0001:0001ed5d       ?getVbTableType@UnDecorator@@CA?AVDName@@ABV2@@Z 1001fd5d f i libvcruntime:undname.obj
 0001:0001ed77       ?getVdispMapType@UnDecorator@@CA?AVDName@@ABV2@@Z 1001fd77 f i libvcruntime:undname.obj
 0001:0001ede2       ?getVfTableType@UnDecorator@@CA?AVDName@@ABV2@@Z 1001fde2 f i libvcruntime:undname.obj
 0001:0001efa0       ?getZName@UnDecorator@@CA?AVDName@@_N0@Z 1001ffa0 f   libvcruntime:undname.obj
 0001:0001f270       ?haveTemplateParameters@UnDecorator@@SAHXZ 10020270 f i libvcruntime:undname.obj
 0001:0001f27d       ?isArray@DName@@QBEHXZ     1002027d f i libvcruntime:undname.obj
 0001:0001f289       ?isComArray@DName@@QBEHXZ  10020289 f i libvcruntime:undname.obj
 0001:0001f295       ?isEmpty@DName@@QBEHXZ     10020295 f i libvcruntime:undname.obj
 0001:0001f29f       ?isFull@Replicator@@QBEHXZ 1002029f f i libvcruntime:undname.obj
 0001:0001f2aa       ?isNoTE@DName@@QBEHXZ      100202aa f i libvcruntime:undname.obj
 0001:0001f2b6       ?isPinPtr@DName@@QBEHXZ    100202b6 f i libvcruntime:undname.obj
 0001:0001f2c2       ?isPtrRef@DName@@QBEHXZ    100202c2 f i libvcruntime:undname.obj
 0001:0001f2ce       ?isUDC@DName@@QBEHXZ       100202ce f i libvcruntime:undname.obj
 0001:0001f2e3       ?isUDTThunk@DName@@QBEHXZ  100202e3 f i libvcruntime:undname.obj
 0001:0001f2f8       ?isVCallThunk@DName@@QBEHXZ 100202f8 f i libvcruntime:undname.obj
 0001:0001f304       ?isValid@DName@@QBEHXZ     10020304 f i libvcruntime:undname.obj
 0001:0001f310       ?length@DName@@QBEHXZ      10020310 f i libvcruntime:undname.obj
 0001:0001f335       ?length@DNameStatusNode@@UBEHXZ 10020335 f i libvcruntime:undname.obj
 0001:0001f339       ?length@charNode@@UBEHXZ   10020339 f i libvcruntime:undname.obj
 0001:0001f33d       ?length@pDNameNode@@UBEHXZ 1002033d f i libvcruntime:undname.obj
 0001:0001f34e       ?length@pairNode@@UBEHXZ   1002034e f i libvcruntime:undname.obj
 0001:0001f3aa       ?length@pcharNode@@UBEHXZ  100203aa f i libvcruntime:undname.obj
 0001:0001f3ae       ?make@DNameStatusNode@@SAPAV1@W4DNameStatus@@@Z 100203ae f i libvcruntime:undname.obj
 0001:0001f455       ?setIsArray@DName@@QAEXXZ  10020455 f i libvcruntime:undname.obj
 0001:0001f45f       ?setIsComArray@DName@@QAEXXZ 1002045f f i libvcruntime:undname.obj
 0001:0001f469       ?setIsNoTE@DName@@QAEXXZ   10020469 f i libvcruntime:undname.obj
 0001:0001f473       ?setIsPinPtr@DName@@QAEXXZ 10020473 f i libvcruntime:undname.obj
 0001:0001f47d       ?setIsUDC@DName@@QAEXXZ    1002047d f i libvcruntime:undname.obj
 0001:0001f48d       ?setIsVCallThunk@DName@@QAEXXZ 1002048d f i libvcruntime:undname.obj
 0001:0001f497       ?setPtrRef@DName@@QAEAAV1@XZ 10020497 f i libvcruntime:undname.obj
 0001:0001f4a3       ?status@DName@@QBE?AW4DNameStatus@@XZ 100204a3 f i libvcruntime:undname.obj
 0001:0001f528       ___unDName                 10020528 f   libvcruntime:undname.obj
 0001:0001f5e2       ___unDNameEx               100205e2 f   libvcruntime:undname.obj
 0001:0001f69c       __vsprintf_s_l             1002069c f i libvcruntime:undname.obj
 0001:0001f6d4       _sprintf_s                 100206d4 f i libvcruntime:undname.obj
 0001:0001f700       __global_unwind2           10020700 f   libvcruntime:_exsup_.obj
 0001:0001f765       __local_unwind2            10020765 f   libvcruntime:_exsup_.obj
 0001:0001f7e9       __abnormal_termination     100207e9 f   libvcruntime:_exsup_.obj
 0001:0001f80c       __NLG_Notify1              1002080c f   libvcruntime:_exsup_.obj
 0001:0001f815       __NLG_Notify               10020815 f   libvcruntime:_exsup_.obj
 0001:0001f82c       __NLG_Dispatch             1002082c     libvcruntime:_exsup_.obj
 0001:0001f82c       __NLG_Dispatch2            1002082c     libvcruntime:_exsup_.obj
 0001:0001f834       __NLG_Call                 10020834 f   libvcruntime:_exsup_.obj
 0001:0001f836       __NLG_Return2              10020836     libvcruntime:_exsup_.obj
 0001:0001f884       ??$__crt_fast_decode_pointer@P6AXXZ@@YAP6AXXZQ6AXXZ@Z 10020884 f i libvcruntime:purevirt.obj
 0001:0001f89d       ??$__crt_interlocked_compare_exchange_pointer@$$A6AXXZ$$T$$T@@YAP6AXXZPDS6AXXZ$$T1@Z 1002089d f i libvcruntime:purevirt.obj
 0001:0001f8b3       ??$__crt_interlocked_exchange_pointer@$$A6AXXZP6AXXZ@@YAP6AXXZPDS6AXXZQ6AXXZ@Z 100208b3 f i libvcruntime:purevirt.obj
 0001:0001f8c3       ??$__crt_interlocked_read_pointer@$$A6AXXZ@@YAP6AXXZPDS6AXXZ@Z 100208c3 f i libvcruntime:purevirt.obj
 0001:0001f8d7       __get_purecall_handler     100208d7 f   libvcruntime:purevirt.obj
 0001:0001f8fd       __purecall                 100208fd f   libvcruntime:purevirt.obj
 0001:0001f91e       __set_purecall_handler     1002091e f   libvcruntime:purevirt.obj
 0001:0001f94c       _malloc                    1002094c f   libucrt:malloc.obj
 0001:0001f959       ??$?RPAU__crt_stdio_stream_data@@@__crt_internal_free_policy@@QBEXQBQAU__crt_stdio_stream_data@@@Z 10020959 f i libucrt:_file.obj
 0001:0001f96f       ??0?$__crt_unique_heap_ptr@PAU__crt_stdio_stream_data@@U__crt_internal_free_policy@@@@QAE@QAPAU__crt_stdio_stream_data@@@Z 1002096f f i libucrt:_file.obj
 0001:0001f983       ??0__crt_stdio_stream@@QAE@QAU_iobuf@@@Z 10020983 f i libucrt:_file.obj
 0001:0001f997       ??1?$__crt_unique_heap_ptr@PAU__crt_stdio_stream_data@@U__crt_internal_free_policy@@@@QAE@XZ 10020997 f i libucrt:_file.obj
 0001:0001f9ad       ??C__crt_stdio_stream@@QBEPAU__crt_stdio_stream_data@@XZ 100209ad f i libucrt:_file.obj
 0001:0001f9b0       ?detach@?$__crt_unique_heap_ptr@PAU__crt_stdio_stream_data@@U__crt_internal_free_policy@@@@QAEPAPAU__crt_stdio_stream_data@@XZ 100209b0 f i libucrt:_file.obj
 0001:0001f9b6       ?release@?$__crt_unique_heap_ptr@PAU__crt_stdio_stream_data@@U__crt_internal_free_policy@@@@QAEXXZ 100209b6 f i libucrt:_file.obj
 0001:0001f9cc       ___acrt_initialize_stdio   100209cc f   libucrt:_file.obj
 0001:0001fac6       ___acrt_iob_func           10020ac6 f   libucrt:_file.obj
 0001:0001fada       ___acrt_uninitialize_stdio 10020ada f   libucrt:_file.obj
 0001:0001fb39       __get_stream_buffer_pointers 10020b39 f   libucrt:_file.obj
 0001:0001fb90       __lock_file                10020b90 f   libucrt:_file.obj
 0001:0001fba9       __unlock_file              10020ba9 f   libucrt:_file.obj
 0001:0001fbc2       ??$?0ABV?$stream_output_adapter@D@__crt_stdio_output@@AB_KABQBDABQAU__crt_locale_pointers@@ABQAD@?$format_validation_base@DV?$stream_output_adapter@D@__crt_stdio_output@@@__crt_stdio_output@@IAE@ABV?$stream_output_adapter@D@1@AB_KABQBDABQAU__crt_locale_pointers@@ABQAD@Z 10020bc2 f i libucrt:output.obj
 0001:0001fbed       ??$?0ABV?$stream_output_adapter@D@__crt_stdio_output@@AB_KABQBDABQAU__crt_locale_pointers@@ABQAD@?$positional_parameter_base@DV?$stream_output_adapter@D@__crt_stdio_output@@@__crt_stdio_output@@IAE@ABV?$stream_output_adapter@D@1@AB_KABQBDABQAU__crt_locale_pointers@@ABQAD@Z 10020bed f i libucrt:output.obj
 0001:0001fc47       ??$?0ABV?$stream_output_adapter@D@__crt_stdio_output@@AB_KABQBDABQAU__crt_locale_pointers@@ABQAD@?$standard_base@DV?$stream_output_adapter@D@__crt_stdio_output@@@__crt_stdio_output@@IAE@ABV?$stream_output_adapter@D@1@AB_KABQBDABQAU__crt_locale_pointers@@ABQAD@Z 10020c47 f i libucrt:output.obj
 0001:0001fc89       ??$?0ABV?$stream_output_adapter@_W@__crt_stdio_output@@AB_KABQB_WABQAU__crt_locale_pointers@@ABQAD@?$format_validation_base@_WV?$stream_output_adapter@_W@__crt_stdio_output@@@__crt_stdio_output@@IAE@ABV?$stream_output_adapter@_W@1@AB_KABQB_WABQAU__crt_locale_pointers@@ABQAD@Z 10020c89 f i libucrt:output.obj
 0001:0001fcb4       ??$?0ABV?$stream_output_adapter@_W@__crt_stdio_output@@AB_KABQB_WABQAU__crt_locale_pointers@@ABQAD@?$positional_parameter_base@_WV?$stream_output_adapter@_W@__crt_stdio_output@@@__crt_stdio_output@@IAE@ABV?$stream_output_adapter@_W@1@AB_KABQB_WABQAU__crt_locale_pointers@@ABQAD@Z 10020cb4 f i libucrt:output.obj
 0001:0001fd0e       ??$?0ABV?$stream_output_adapter@_W@__crt_stdio_output@@AB_KABQB_WABQAU__crt_locale_pointers@@ABQAD@?$standard_base@_WV?$stream_output_adapter@_W@__crt_stdio_output@@@__crt_stdio_output@@IAE@ABV?$stream_output_adapter@_W@1@AB_KABQB_WABQAU__crt_locale_pointers@@ABQAD@Z 10020d0e f i libucrt:output.obj
 0001:0001fd50       ??$?0ABV?$string_output_adapter@D@__crt_stdio_output@@AB_KABQBDABQAU__crt_locale_pointers@@ABQAD@?$format_validation_base@DV?$string_output_adapter@D@__crt_stdio_output@@@__crt_stdio_output@@IAE@ABV?$string_output_adapter@D@1@AB_KABQBDABQAU__crt_locale_pointers@@ABQAD@Z 10020d50 f i libucrt:output.obj
 0001:0001fd7b       ??$?0ABV?$string_output_adapter@D@__crt_stdio_output@@AB_KABQBDABQAU__crt_locale_pointers@@ABQAD@?$positional_parameter_base@DV?$string_output_adapter@D@__crt_stdio_output@@@__crt_stdio_output@@IAE@ABV?$string_output_adapter@D@1@AB_KABQBDABQAU__crt_locale_pointers@@ABQAD@Z 10020d7b f i libucrt:output.obj
 0001:0001fdd5       ??$?0ABV?$string_output_adapter@D@__crt_stdio_output@@AB_KABQBDABQAU__crt_locale_pointers@@ABQAD@?$standard_base@DV?$string_output_adapter@D@__crt_stdio_output@@@__crt_stdio_output@@IAE@ABV?$string_output_adapter@D@1@AB_KABQBDABQAU__crt_locale_pointers@@ABQAD@Z 10020dd5 f i libucrt:output.obj
 0001:0001fe17       ??$?0ABV?$string_output_adapter@_W@__crt_stdio_output@@AB_KABQB_WABQAU__crt_locale_pointers@@ABQAD@?$format_validation_base@_WV?$string_output_adapter@_W@__crt_stdio_output@@@__crt_stdio_output@@IAE@ABV?$string_output_adapter@_W@1@AB_KABQB_WABQAU__crt_locale_pointers@@ABQAD@Z 10020e17 f i libucrt:output.obj
 0001:0001fe42       ??$?0ABV?$string_output_adapter@_W@__crt_stdio_output@@AB_KABQB_WABQAU__crt_locale_pointers@@ABQAD@?$positional_parameter_base@_WV?$string_output_adapter@_W@__crt_stdio_output@@@__crt_stdio_output@@IAE@ABV?$string_output_adapter@_W@1@AB_KABQB_WABQAU__crt_locale_pointers@@ABQAD@Z 10020e42 f i libucrt:output.obj
 0001:0001fe9c       ??$?0ABV?$string_output_adapter@_W@__crt_stdio_output@@AB_KABQB_WABQAU__crt_locale_pointers@@ABQAD@?$standard_base@_WV?$string_output_adapter@_W@__crt_stdio_output@@@__crt_stdio_output@@IAE@ABV?$string_output_adapter@_W@1@AB_KABQB_WABQAU__crt_locale_pointers@@ABQAD@Z 10020e9c f i libucrt:output.obj
 0001:0001fede       ??$?RV<lambda_2293f24e3ce1ad6fe22ccfb9dec07671>@@AAV<lambda_2565fc715a641e539f44ad02d6823606>@@V<lambda_d3217f279b832965d9ca670dc2993570>@@@?$__crt_seh_guarded_call@H@@QAEH$$QAV<lambda_2293f24e3ce1ad6fe22ccfb9dec07671>@@AAV<lambda_2565fc715a641e539f44ad02d6823606>@@$$QAV<lambda_d3217f279b832965d9ca670dc2993570>@@@Z 10020ede f i libucrt:output.obj
 0001:0001ff43       ??$?RV<lambda_4d4ac866be0fa3c441830420fabdd2cb>@@AAV<lambda_63a10c2dc8dbb9e4dd1890be52af7c93>@@V<lambda_002af9fa0f8fe472b648c51882d4fc32>@@@?$__crt_seh_guarded_call@H@@QAEH$$QAV<lambda_4d4ac866be0fa3c441830420fabdd2cb>@@AAV<lambda_63a10c2dc8dbb9e4dd1890be52af7c93>@@$$QAV<lambda_002af9fa0f8fe472b648c51882d4fc32>@@@Z 10020f43 f i libucrt:output.obj
 0001:0001ffa8       ??$?RV<lambda_5be909dfbae0a631386585770cd7b676>@@AAV<lambda_e516058a9c289d98c8ca9fea99247804>@@V<lambda_afe2e0cdc5e0ecf6f0d6f5e2f8985e38>@@@?$__crt_seh_guarded_call@H@@QAEH$$QAV<lambda_5be909dfbae0a631386585770cd7b676>@@AAV<lambda_e516058a9c289d98c8ca9fea99247804>@@$$QAV<lambda_afe2e0cdc5e0ecf6f0d6f5e2f8985e38>@@@Z 10020fa8 f i libucrt:output.obj
 0001:0002000d       ??$?RV<lambda_823d65812123d985753d53e2a8c25d20>@@AAV<lambda_0a97c9e57da7be065955385c79108ff2>@@V<lambda_4d2973f3ad2d226f00468307185dca1b>@@@?$__crt_seh_guarded_call@H@@QAEH$$QAV<lambda_823d65812123d985753d53e2a8c25d20>@@AAV<lambda_0a97c9e57da7be065955385c79108ff2>@@$$QAV<lambda_4d2973f3ad2d226f00468307185dca1b>@@@Z 1002100d f i libucrt:output.obj
 0001:00020072       ??$?RV<lambda_ab9923ffb5d694ec0d78876dd103e44f>@@AAV<lambda_481dd5778c961fbcd3b60b650e9b9dc4>@@V<lambda_7923d86c9e3f319b415918ec4b39749c>@@@?$__crt_seh_guarded_call@H@@QAEH$$QAV<lambda_ab9923ffb5d694ec0d78876dd103e44f>@@AAV<lambda_481dd5778c961fbcd3b60b650e9b9dc4>@@$$QAV<lambda_7923d86c9e3f319b415918ec4b39749c>@@@Z 10021072 f i libucrt:output.obj
 0001:000200d7       ??$?RV<lambda_db08b09ef7aa9d4f8620ce68402612bc>@@AAV<lambda_4f2c1eaeead2a5fc776db5b62ea0fb9b>@@V<lambda_3ae262bc35d4ba6a3825c4f6bcaaf95c>@@@?$__crt_seh_guarded_call@H@@QAEH$$QAV<lambda_db08b09ef7aa9d4f8620ce68402612bc>@@AAV<lambda_4f2c1eaeead2a5fc776db5b62ea0fb9b>@@$$QAV<lambda_3ae262bc35d4ba6a3825c4f6bcaaf95c>@@@Z 100210d7 f i libucrt:output.obj
 0001:0002013c       ??$__acrt_lock_stream_and_call@V<lambda_0a97c9e57da7be065955385c79108ff2>@@@@YAHQAU_iobuf@@$$QAV<lambda_0a97c9e57da7be065955385c79108ff2>@@@Z 1002113c f i libucrt:output.obj
 0001:0002016e       ??$__acrt_lock_stream_and_call@V<lambda_2565fc715a641e539f44ad02d6823606>@@@@YAHQAU_iobuf@@$$QAV<lambda_2565fc715a641e539f44ad02d6823606>@@@Z 1002116e f i libucrt:output.obj
 0001:000201a0       ??$__acrt_lock_stream_and_call@V<lambda_481dd5778c961fbcd3b60b650e9b9dc4>@@@@YAHQAU_iobuf@@$$QAV<lambda_481dd5778c961fbcd3b60b650e9b9dc4>@@@Z 100211a0 f i libucrt:output.obj
 0001:000201d2       ??$__acrt_lock_stream_and_call@V<lambda_4f2c1eaeead2a5fc776db5b62ea0fb9b>@@@@YAHQAU_iobuf@@$$QAV<lambda_4f2c1eaeead2a5fc776db5b62ea0fb9b>@@@Z 100211d2 f i libucrt:output.obj
 0001:00020204       ??$__acrt_lock_stream_and_call@V<lambda_63a10c2dc8dbb9e4dd1890be52af7c93>@@@@YAHQAU_iobuf@@$$QAV<lambda_63a10c2dc8dbb9e4dd1890be52af7c93>@@@Z 10021204 f i libucrt:output.obj
 0001:00020236       ??$__acrt_lock_stream_and_call@V<lambda_e516058a9c289d98c8ca9fea99247804>@@@@YAHQAU_iobuf@@$$QAV<lambda_e516058a9c289d98c8ca9fea99247804>@@@Z 10021236 f i libucrt:output.obj
 0001:00020268       ??$__crt_interlocked_read@J@@YAJPDJ@Z 10021268 f i libucrt:output.obj
 0001:000214b3       ??$count@D@formatting_buffer@__crt_stdio_output@@QBEIXZ 100224b3 f i libucrt:output.obj
 0001:000214d1       ??$data@D@formatting_buffer@__crt_stdio_output@@QAEPADXZ 100224d1 f i libucrt:output.obj
 0001:000214e1       ??$data@_W@formatting_buffer@__crt_stdio_output@@QAEPA_WXZ 100224e1 f i libucrt:output.obj
 0001:000214f1       ??$ensure_buffer_is_big_enough@D@formatting_buffer@__crt_stdio_output@@QAE_NI@Z 100224f1 f i libucrt:output.obj
 0001:00021598       ??$extract_argument_from_va_list@C_J@?$positional_parameter_base@DV?$stream_output_adapter@D@__crt_stdio_output@@@__crt_stdio_output@@IAE_NAA_J@Z 10022598 f i libucrt:output.obj
 0001:00021636       ??$extract_argument_from_va_list@C_J@?$positional_parameter_base@DV?$string_output_adapter@D@__crt_stdio_output@@@__crt_stdio_output@@IAE_NAA_J@Z 10022636 f i libucrt:output.obj
 0001:000216d4       ??$extract_argument_from_va_list@C_J@?$positional_parameter_base@_WV?$stream_output_adapter@_W@__crt_stdio_output@@@__crt_stdio_output@@IAE_NAA_J@Z 100226d4 f i libucrt:output.obj
 0001:00021772       ??$extract_argument_from_va_list@C_J@?$positional_parameter_base@_WV?$string_output_adapter@_W@__crt_stdio_output@@@__crt_stdio_output@@IAE_NAA_J@Z 10022772 f i libucrt:output.obj
 0001:00021810       ??$extract_argument_from_va_list@C_J@?$standard_base@DV?$stream_output_adapter@D@__crt_stdio_output@@@__crt_stdio_output@@IAE_NAA_J@Z 10022810 f i libucrt:output.obj
 0001:00021836       ??$extract_argument_from_va_list@C_J@?$standard_base@DV?$string_output_adapter@D@__crt_stdio_output@@@__crt_stdio_output@@IAE_NAA_J@Z 10022836 f i libucrt:output.obj
 0001:0002185c       ??$extract_argument_from_va_list@C_J@?$standard_base@_WV?$stream_output_adapter@_W@__crt_stdio_output@@@__crt_stdio_output@@IAE_NAA_J@Z 1002285c f i libucrt:output.obj
 0001:00021882       ??$extract_argument_from_va_list@C_J@?$standard_base@_WV?$string_output_adapter@_W@__crt_stdio_output@@@__crt_stdio_output@@IAE_NAA_J@Z 10022882 f i libucrt:output.obj
 0001:000218a8       ??$extract_argument_from_va_list@E_J@?$positional_parameter_base@DV?$stream_output_adapter@D@__crt_stdio_output@@@__crt_stdio_output@@IAE_NAA_J@Z 100228a8 f i libucrt:output.obj
 0001:00021946       ??$extract_argument_from_va_list@E_J@?$positional_parameter_base@DV?$string_output_adapter@D@__crt_stdio_output@@@__crt_stdio_output@@IAE_NAA_J@Z 10022946 f i libucrt:output.obj
 0001:000219e4       ??$extract_argument_from_va_list@E_J@?$positional_parameter_base@_WV?$stream_output_adapter@_W@__crt_stdio_output@@@__crt_stdio_output@@IAE_NAA_J@Z 100229e4 f i libucrt:output.obj
 0001:00021a82       ??$extract_argument_from_va_list@E_J@?$positional_parameter_base@_WV?$string_output_adapter@_W@__crt_stdio_output@@@__crt_stdio_output@@IAE_NAA_J@Z 10022a82 f i libucrt:output.obj
 0001:00021b20       ??$extract_argument_from_va_list@E_J@?$standard_base@DV?$stream_output_adapter@D@__crt_stdio_output@@@__crt_stdio_output@@IAE_NAA_J@Z 10022b20 f i libucrt:output.obj
 0001:00021b46       ??$extract_argument_from_va_list@E_J@?$standard_base@DV?$string_output_adapter@D@__crt_stdio_output@@@__crt_stdio_output@@IAE_NAA_J@Z 10022b46 f i libucrt:output.obj
 0001:00021b6c       ??$extract_argument_from_va_list@E_J@?$standard_base@_WV?$stream_output_adapter@_W@__crt_stdio_output@@@__crt_stdio_output@@IAE_NAA_J@Z 10022b6c f i libucrt:output.obj
 0001:00021b92       ??$extract_argument_from_va_list@E_J@?$standard_base@_WV?$string_output_adapter@_W@__crt_stdio_output@@@__crt_stdio_output@@IAE_NAA_J@Z 10022b92 f i libucrt:output.obj
 0001:00021bb8       ??$extract_argument_from_va_list@F_J@?$positional_parameter_base@DV?$stream_output_adapter@D@__crt_stdio_output@@@__crt_stdio_output@@IAE_NAA_J@Z 10022bb8 f i libucrt:output.obj
 0001:00021c56       ??$extract_argument_from_va_list@F_J@?$positional_parameter_base@DV?$string_output_adapter@D@__crt_stdio_output@@@__crt_stdio_output@@IAE_NAA_J@Z 10022c56 f i libucrt:output.obj
 0001:00021cf4       ??$extract_argument_from_va_list@F_J@?$positional_parameter_base@_WV?$stream_output_adapter@_W@__crt_stdio_output@@@__crt_stdio_output@@IAE_NAA_J@Z 10022cf4 f i libucrt:output.obj
 0001:00021d92       ??$extract_argument_from_va_list@F_J@?$positional_parameter_base@_WV?$string_output_adapter@_W@__crt_stdio_output@@@__crt_stdio_output@@IAE_NAA_J@Z 10022d92 f i libucrt:output.obj
 0001:00021e30       ??$extract_argument_from_va_list@F_J@?$standard_base@DV?$stream_output_adapter@D@__crt_stdio_output@@@__crt_stdio_output@@IAE_NAA_J@Z 10022e30 f i libucrt:output.obj
 0001:00021e56       ??$extract_argument_from_va_list@F_J@?$standard_base@DV?$string_output_adapter@D@__crt_stdio_output@@@__crt_stdio_output@@IAE_NAA_J@Z 10022e56 f i libucrt:output.obj
 0001:00021e7c       ??$extract_argument_from_va_list@F_J@?$standard_base@_WV?$stream_output_adapter@_W@__crt_stdio_output@@@__crt_stdio_output@@IAE_NAA_J@Z 10022e7c f i libucrt:output.obj
 0001:00021ea2       ??$extract_argument_from_va_list@F_J@?$standard_base@_WV?$string_output_adapter@_W@__crt_stdio_output@@@__crt_stdio_output@@IAE_NAA_J@Z 10022ea2 f i libucrt:output.obj
 0001:00021ec8       ??$extract_argument_from_va_list@GD@?$positional_parameter_base@DV?$stream_output_adapter@D@__crt_stdio_output@@@__crt_stdio_output@@IAE_NAAD@Z 10022ec8 f i libucrt:output.obj
 0001:00021f65       ??$extract_argument_from_va_list@GD@?$positional_parameter_base@DV?$string_output_adapter@D@__crt_stdio_output@@@__crt_stdio_output@@IAE_NAAD@Z 10022f65 f i libucrt:output.obj
 0001:00022002       ??$extract_argument_from_va_list@GD@?$standard_base@DV?$stream_output_adapter@D@__crt_stdio_output@@@__crt_stdio_output@@IAE_NAAD@Z 10023002 f i libucrt:output.obj
 0001:00022022       ??$extract_argument_from_va_list@GD@?$standard_base@DV?$string_output_adapter@D@__crt_stdio_output@@@__crt_stdio_output@@IAE_NAAD@Z 10023022 f i libucrt:output.obj
 0001:00022042       ??$extract_argument_from_va_list@G_J@?$positional_parameter_base@DV?$stream_output_adapter@D@__crt_stdio_output@@@__crt_stdio_output@@IAE_NAA_J@Z 10023042 f i libucrt:output.obj
 0001:000220e0       ??$extract_argument_from_va_list@G_J@?$positional_parameter_base@DV?$string_output_adapter@D@__crt_stdio_output@@@__crt_stdio_output@@IAE_NAA_J@Z 100230e0 f i libucrt:output.obj
 0001:0002217e       ??$extract_argument_from_va_list@G_J@?$positional_parameter_base@_WV?$stream_output_adapter@_W@__crt_stdio_output@@@__crt_stdio_output@@IAE_NAA_J@Z 1002317e f i libucrt:output.obj
 0001:0002221c       ??$extract_argument_from_va_list@G_J@?$positional_parameter_base@_WV?$string_output_adapter@_W@__crt_stdio_output@@@__crt_stdio_output@@IAE_NAA_J@Z 1002321c f i libucrt:output.obj
 0001:000222ba       ??$extract_argument_from_va_list@G_J@?$standard_base@DV?$stream_output_adapter@D@__crt_stdio_output@@@__crt_stdio_output@@IAE_NAA_J@Z 100232ba f i libucrt:output.obj
 0001:000222e0       ??$extract_argument_from_va_list@G_J@?$standard_base@DV?$string_output_adapter@D@__crt_stdio_output@@@__crt_stdio_output@@IAE_NAA_J@Z 100232e0 f i libucrt:output.obj
 0001:00022306       ??$extract_argument_from_va_list@G_J@?$standard_base@_WV?$stream_output_adapter@_W@__crt_stdio_output@@@__crt_stdio_output@@IAE_NAA_J@Z 10023306 f i libucrt:output.obj
 0001:0002232c       ??$extract_argument_from_va_list@G_J@?$standard_base@_WV?$string_output_adapter@_W@__crt_stdio_output@@@__crt_stdio_output@@IAE_NAA_J@Z 1002332c f i libucrt:output.obj
 0001:00022352       ??$extract_argument_from_va_list@H_J@?$positional_parameter_base@DV?$stream_output_adapter@D@__crt_stdio_output@@@__crt_stdio_output@@IAE_NAA_J@Z 10023352 f i libucrt:output.obj
 0001:000223ee       ??$extract_argument_from_va_list@H_J@?$positional_parameter_base@DV?$string_output_adapter@D@__crt_stdio_output@@@__crt_stdio_output@@IAE_NAA_J@Z 100233ee f i libucrt:output.obj
 0001:0002248a       ??$extract_argument_from_va_list@H_J@?$positional_parameter_base@_WV?$stream_output_adapter@_W@__crt_stdio_output@@@__crt_stdio_output@@IAE_NAA_J@Z 1002348a f i libucrt:output.obj
 0001:00022526       ??$extract_argument_from_va_list@H_J@?$positional_parameter_base@_WV?$string_output_adapter@_W@__crt_stdio_output@@@__crt_stdio_output@@IAE_NAA_J@Z 10023526 f i libucrt:output.obj
 0001:000225c2       ??$extract_argument_from_va_list@H_J@?$standard_base@DV?$stream_output_adapter@D@__crt_stdio_output@@@__crt_stdio_output@@IAE_NAA_J@Z 100235c2 f i libucrt:output.obj
 0001:000225e7       ??$extract_argument_from_va_list@H_J@?$standard_base@DV?$string_output_adapter@D@__crt_stdio_output@@@__crt_stdio_output@@IAE_NAA_J@Z 100235e7 f i libucrt:output.obj
 0001:0002260c       ??$extract_argument_from_va_list@H_J@?$standard_base@_WV?$stream_output_adapter@_W@__crt_stdio_output@@@__crt_stdio_output@@IAE_NAA_J@Z 1002360c f i libucrt:output.obj
 0001:00022631       ??$extract_argument_from_va_list@H_J@?$standard_base@_WV?$string_output_adapter@_W@__crt_stdio_output@@@__crt_stdio_output@@IAE_NAA_J@Z 10023631 f i libucrt:output.obj
 0001:00022656       ??$extract_argument_from_va_list@I_J@?$positional_parameter_base@DV?$stream_output_adapter@D@__crt_stdio_output@@@__crt_stdio_output@@IAE_NAA_J@Z 10023656 f i libucrt:output.obj
 0001:000226fd       ??$extract_argument_from_va_list@I_J@?$positional_parameter_base@DV?$string_output_adapter@D@__crt_stdio_output@@@__crt_stdio_output@@IAE_NAA_J@Z 100236fd f i libucrt:output.obj
 0001:000227a4       ??$extract_argument_from_va_list@I_J@?$positional_parameter_base@_WV?$stream_output_adapter@_W@__crt_stdio_output@@@__crt_stdio_output@@IAE_NAA_J@Z 100237a4 f i libucrt:output.obj
 0001:0002284b       ??$extract_argument_from_va_list@I_J@?$positional_parameter_base@_WV?$string_output_adapter@_W@__crt_stdio_output@@@__crt_stdio_output@@IAE_NAA_J@Z 1002384b f i libucrt:output.obj
 0001:000228f2       ??$extract_argument_from_va_list@I_J@?$standard_base@DV?$stream_output_adapter@D@__crt_stdio_output@@@__crt_stdio_output@@IAE_NAA_J@Z 100238f2 f i libucrt:output.obj
 0001:00022917       ??$extract_argument_from_va_list@I_J@?$standard_base@DV?$string_output_adapter@D@__crt_stdio_output@@@__crt_stdio_output@@IAE_NAA_J@Z 10023917 f i libucrt:output.obj
 0001:0002293c       ??$extract_argument_from_va_list@I_J@?$standard_base@_WV?$stream_output_adapter@_W@__crt_stdio_output@@@__crt_stdio_output@@IAE_NAA_J@Z 1002393c f i libucrt:output.obj
 0001:00022961       ??$extract_argument_from_va_list@I_J@?$standard_base@_WV?$string_output_adapter@_W@__crt_stdio_output@@@__crt_stdio_output@@IAE_NAA_J@Z 10023961 f i libucrt:output.obj
 0001:00022986       ??$extract_argument_from_va_list@PADPAD@?$positional_parameter_base@DV?$stream_output_adapter@D@__crt_stdio_output@@@__crt_stdio_output@@IAE_NAAPAD@Z 10023986 f i libucrt:output.obj
 0001:00022a23       ??$extract_argument_from_va_list@PADPAD@?$positional_parameter_base@DV?$string_output_adapter@D@__crt_stdio_output@@@__crt_stdio_output@@IAE_NAAPAD@Z 10023a23 f i libucrt:output.obj
 0001:00022ac0       ??$extract_argument_from_va_list@PADPAD@?$positional_parameter_base@_WV?$stream_output_adapter@_W@__crt_stdio_output@@@__crt_stdio_output@@IAE_NAAPAD@Z 10023ac0 f i libucrt:output.obj
 0001:00022b5d       ??$extract_argument_from_va_list@PADPAD@?$positional_parameter_base@_WV?$string_output_adapter@_W@__crt_stdio_output@@@__crt_stdio_output@@IAE_NAAPAD@Z 10023b5d f i libucrt:output.obj
 0001:00022bfa       ??$extract_argument_from_va_list@PADPAD@?$standard_base@DV?$stream_output_adapter@D@__crt_stdio_output@@@__crt_stdio_output@@IAE_NAAPAD@Z 10023bfa f i libucrt:output.obj
 0001:00022c1a       ??$extract_argument_from_va_list@PADPAD@?$standard_base@DV?$string_output_adapter@D@__crt_stdio_output@@@__crt_stdio_output@@IAE_NAAPAD@Z 10023c1a f i libucrt:output.obj
 0001:00022c3a       ??$extract_argument_from_va_list@PADPAD@?$standard_base@_WV?$stream_output_adapter@_W@__crt_stdio_output@@@__crt_stdio_output@@IAE_NAAPAD@Z 10023c3a f i libucrt:output.obj
 0001:00022c5a       ??$extract_argument_from_va_list@PADPAD@?$standard_base@_WV?$string_output_adapter@_W@__crt_stdio_output@@@__crt_stdio_output@@IAE_NAAPAD@Z 10023c5a f i libucrt:output.obj
 0001:00022c7a       ??$extract_argument_from_va_list@PAUansi_string@?1??type_case_Z@?$output_processor@DV?$stream_output_adapter@D@__crt_stdio_output@@V?$format_validation_base@DV?$stream_output_adapter@D@__crt_stdio_output@@@2@@__crt_stdio_output@@AAE_NXZ@PAU1?1??234@AAE_NXZ@@?$standard_base@DV?$stream_output_adapter@D@__crt_stdio_output@@@__crt_stdio_output@@IAE_NAAPAUansi_string@?1??type_case_Z@?$output_processor@DV?$stream_output_adapter@D@__crt_stdio_output@@V?$format_validation_base@DV?$stream_output_adapter@D@__crt_stdio_output@@@2@@1@AAE_NXZ@@Z 10023c7a f i libucrt:output.obj
 0001:00022c9a       ??$extract_argument_from_va_list@PAUansi_string@?1??type_case_Z@?$output_processor@DV?$stream_output_adapter@D@__crt_stdio_output@@V?$positional_parameter_base@DV?$stream_output_adapter@D@__crt_stdio_output@@@2@@__crt_stdio_output@@AAE_NXZ@PAU1?1??234@AAE_NXZ@@?$positional_parameter_base@DV?$stream_output_adapter@D@__crt_stdio_output@@@__crt_stdio_output@@IAE_NAAPAUansi_string@?1??type_case_Z@?$output_processor@DV?$stream_output_adapter@D@__crt_stdio_output@@V?$positional_parameter_base@DV?$stream_output_adapter@D@__crt_stdio_output@@@2@@1@AAE_NXZ@@Z 10023c9a f i libucrt:output.obj
 0001:00022d37       ??$extract_argument_from_va_list@PAUansi_string@?1??type_case_Z@?$output_processor@DV?$stream_output_adapter@D@__crt_stdio_output@@V?$positional_parameter_base@DV?$stream_output_adapter@D@__crt_stdio_output@@@2@@__crt_stdio_output@@AAE_NXZ@PAU1?1??234@AAE_NXZ@@?$standard_base@DV?$stream_output_adapter@D@__crt_stdio_output@@@__crt_stdio_output@@IAE_NAAPAUansi_string@?1??type_case_Z@?$output_processor@DV?$stream_output_adapter@D@__crt_stdio_output@@V?$positional_parameter_base@DV?$stream_output_adapter@D@__crt_stdio_output@@@2@@1@AAE_NXZ@@Z 10023d37 f i libucrt:output.obj
 0001:00022d57       ??$extract_argument_from_va_list@PAUansi_string@?1??type_case_Z@?$output_processor@DV?$stream_output_adapter@D@__crt_stdio_output@@V?$standard_base@DV?$stream_output_adapter@D@__crt_stdio_output@@@2@@__crt_stdio_output@@AAE_NXZ@PAU1?1??234@AAE_NXZ@@?$standard_base@DV?$stream_output_adapter@D@__crt_stdio_output@@@__crt_stdio_output@@IAE_NAAPAUansi_string@?1??type_case_Z@?$output_processor@DV?$stream_output_adapter@D@__crt_stdio_output@@V?$standard_base@DV?$stream_output_adapter@D@__crt_stdio_output@@@2@@1@AAE_NXZ@@Z 10023d57 f i libucrt:output.obj
 0001:00022d77       ??$extract_argument_from_va_list@PAUansi_string@?1??type_case_Z@?$output_processor@DV?$string_output_adapter@D@__crt_stdio_output@@V?$format_validation_base@DV?$string_output_adapter@D@__crt_stdio_output@@@2@@__crt_stdio_output@@AAE_NXZ@PAU1?1??234@AAE_NXZ@@?$standard_base@DV?$string_output_adapter@D@__crt_stdio_output@@@__crt_stdio_output@@IAE_NAAPAUansi_string@?1??type_case_Z@?$output_processor@DV?$string_output_adapter@D@__crt_stdio_output@@V?$format_validation_base@DV?$string_output_adapter@D@__crt_stdio_output@@@2@@1@AAE_NXZ@@Z 10023d77 f i libucrt:output.obj
 0001:00022d97       ??$extract_argument_from_va_list@PAUansi_string@?1??type_case_Z@?$output_processor@DV?$string_output_adapter@D@__crt_stdio_output@@V?$positional_parameter_base@DV?$string_output_adapter@D@__crt_stdio_output@@@2@@__crt_stdio_output@@AAE_NXZ@PAU1?1??234@AAE_NXZ@@?$positional_parameter_base@DV?$string_output_adapter@D@__crt_stdio_output@@@__crt_stdio_output@@IAE_NAAPAUansi_string@?1??type_case_Z@?$output_processor@DV?$string_output_adapter@D@__crt_stdio_output@@V?$positional_parameter_base@DV?$string_output_adapter@D@__crt_stdio_output@@@2@@1@AAE_NXZ@@Z 10023d97 f i libucrt:output.obj
 0001:00022e34       ??$extract_argument_from_va_list@PAUansi_string@?1??type_case_Z@?$output_processor@DV?$string_output_adapter@D@__crt_stdio_output@@V?$positional_parameter_base@DV?$string_output_adapter@D@__crt_stdio_output@@@2@@__crt_stdio_output@@AAE_NXZ@PAU1?1??234@AAE_NXZ@@?$standard_base@DV?$string_output_adapter@D@__crt_stdio_output@@@__crt_stdio_output@@IAE_NAAPAUansi_string@?1??type_case_Z@?$output_processor@DV?$string_output_adapter@D@__crt_stdio_output@@V?$positional_parameter_base@DV?$string_output_adapter@D@__crt_stdio_output@@@2@@1@AAE_NXZ@@Z 10023e34 f i libucrt:output.obj
 0001:00022e54       ??$extract_argument_from_va_list@PAUansi_string@?1??type_case_Z@?$output_processor@DV?$string_output_adapter@D@__crt_stdio_output@@V?$standard_base@DV?$string_output_adapter@D@__crt_stdio_output@@@2@@__crt_stdio_output@@AAE_NXZ@PAU1?1??234@AAE_NXZ@@?$standard_base@DV?$string_output_adapter@D@__crt_stdio_output@@@__crt_stdio_output@@IAE_NAAPAUansi_string@?1??type_case_Z@?$output_processor@DV?$string_output_adapter@D@__crt_stdio_output@@V?$standard_base@DV?$string_output_adapter@D@__crt_stdio_output@@@2@@1@AAE_NXZ@@Z 10023e54 f i libucrt:output.obj
 0001:00022e74       ??$extract_argument_from_va_list@PAUansi_string@?1??type_case_Z@?$output_processor@_WV?$stream_output_adapter@_W@__crt_stdio_output@@V?$format_validation_base@_WV?$stream_output_adapter@_W@__crt_stdio_output@@@2@@__crt_stdio_output@@AAE_NXZ@PAU1?1??234@AAE_NXZ@@?$standard_base@_WV?$stream_output_adapter@_W@__crt_stdio_output@@@__crt_stdio_output@@IAE_NAAPAUansi_string@?1??type_case_Z@?$output_processor@_WV?$stream_output_adapter@_W@__crt_stdio_output@@V?$format_validation_base@_WV?$stream_output_adapter@_W@__crt_stdio_output@@@2@@1@AAE_NXZ@@Z 10023e74 f i libucrt:output.obj
 0001:00022e94       ??$extract_argument_from_va_list@PAUansi_string@?1??type_case_Z@?$output_processor@_WV?$stream_output_adapter@_W@__crt_stdio_output@@V?$positional_parameter_base@_WV?$stream_output_adapter@_W@__crt_stdio_output@@@2@@__crt_stdio_output@@AAE_NXZ@PAU1?1??234@AAE_NXZ@@?$positional_parameter_base@_WV?$stream_output_adapter@_W@__crt_stdio_output@@@__crt_stdio_output@@IAE_NAAPAUansi_string@?1??type_case_Z@?$output_processor@_WV?$stream_output_adapter@_W@__crt_stdio_output@@V?$positional_parameter_base@_WV?$stream_output_adapter@_W@__crt_stdio_output@@@2@@1@AAE_NXZ@@Z 10023e94 f i libucrt:output.obj
 0001:00022f31       ??$extract_argument_from_va_list@PAUansi_string@?1??type_case_Z@?$output_processor@_WV?$stream_output_adapter@_W@__crt_stdio_output@@V?$positional_parameter_base@_WV?$stream_output_adapter@_W@__crt_stdio_output@@@2@@__crt_stdio_output@@AAE_NXZ@PAU1?1??234@AAE_NXZ@@?$standard_base@_WV?$stream_output_adapter@_W@__crt_stdio_output@@@__crt_stdio_output@@IAE_NAAPAUansi_string@?1??type_case_Z@?$output_processor@_WV?$stream_output_adapter@_W@__crt_stdio_output@@V?$positional_parameter_base@_WV?$stream_output_adapter@_W@__crt_stdio_output@@@2@@1@AAE_NXZ@@Z 10023f31 f i libucrt:output.obj
 0001:00022f51       ??$extract_argument_from_va_list@PAUansi_string@?1??type_case_Z@?$output_processor@_WV?$stream_output_adapter@_W@__crt_stdio_output@@V?$standard_base@_WV?$stream_output_adapter@_W@__crt_stdio_output@@@2@@__crt_stdio_output@@AAE_NXZ@PAU1?1??234@AAE_NXZ@@?$standard_base@_WV?$stream_output_adapter@_W@__crt_stdio_output@@@__crt_stdio_output@@IAE_NAAPAUansi_string@?1??type_case_Z@?$output_processor@_WV?$stream_output_adapter@_W@__crt_stdio_output@@V?$standard_base@_WV?$stream_output_adapter@_W@__crt_stdio_output@@@2@@1@AAE_NXZ@@Z 10023f51 f i libucrt:output.obj
 0001:00022f71       ??$extract_argument_from_va_list@PAUansi_string@?1??type_case_Z@?$output_processor@_WV?$string_output_adapter@_W@__crt_stdio_output@@V?$format_validation_base@_WV?$string_output_adapter@_W@__crt_stdio_output@@@2@@__crt_stdio_output@@AAE_NXZ@PAU1?1??234@AAE_NXZ@@?$standard_base@_WV?$string_output_adapter@_W@__crt_stdio_output@@@__crt_stdio_output@@IAE_NAAPAUansi_string@?1??type_case_Z@?$output_processor@_WV?$string_output_adapter@_W@__crt_stdio_output@@V?$format_validation_base@_WV?$string_output_adapter@_W@__crt_stdio_output@@@2@@1@AAE_NXZ@@Z 10023f71 f i libucrt:output.obj
 0001:00022f91       ??$extract_argument_from_va_list@PAUansi_string@?1??type_case_Z@?$output_processor@_WV?$string_output_adapter@_W@__crt_stdio_output@@V?$positional_parameter_base@_WV?$string_output_adapter@_W@__crt_stdio_output@@@2@@__crt_stdio_output@@AAE_NXZ@PAU1?1??234@AAE_NXZ@@?$positional_parameter_base@_WV?$string_output_adapter@_W@__crt_stdio_output@@@__crt_stdio_output@@IAE_NAAPAUansi_string@?1??type_case_Z@?$output_processor@_WV?$string_output_adapter@_W@__crt_stdio_output@@V?$positional_parameter_base@_WV?$string_output_adapter@_W@__crt_stdio_output@@@2@@1@AAE_NXZ@@Z 10023f91 f i libucrt:output.obj
 0001:0002302e       ??$extract_argument_from_va_list@PAUansi_string@?1??type_case_Z@?$output_processor@_WV?$string_output_adapter@_W@__crt_stdio_output@@V?$positional_parameter_base@_WV?$string_output_adapter@_W@__crt_stdio_output@@@2@@__crt_stdio_output@@AAE_NXZ@PAU1?1??234@AAE_NXZ@@?$standard_base@_WV?$string_output_adapter@_W@__crt_stdio_output@@@__crt_stdio_output@@IAE_NAAPAUansi_string@?1??type_case_Z@?$output_processor@_WV?$string_output_adapter@_W@__crt_stdio_output@@V?$positional_parameter_base@_WV?$string_output_adapter@_W@__crt_stdio_output@@@2@@1@AAE_NXZ@@Z 1002402e f i libucrt:output.obj
 0001:0002304e       ??$extract_argument_from_va_list@PAUansi_string@?1??type_case_Z@?$output_processor@_WV?$string_output_adapter@_W@__crt_stdio_output@@V?$standard_base@_WV?$string_output_adapter@_W@__crt_stdio_output@@@2@@__crt_stdio_output@@AAE_NXZ@PAU1?1??234@AAE_NXZ@@?$standard_base@_WV?$string_output_adapter@_W@__crt_stdio_output@@@__crt_stdio_output@@IAE_NAAPAUansi_string@?1??type_case_Z@?$output_processor@_WV?$string_output_adapter@_W@__crt_stdio_output@@V?$standard_base@_WV?$string_output_adapter@_W@__crt_stdio_output@@@2@@1@AAE_NXZ@@Z 1002404e f i libucrt:output.obj
 0001:0002306e       ??$extract_argument_from_va_list@PAXPAX@?$positional_parameter_base@DV?$stream_output_adapter@D@__crt_stdio_output@@@__crt_stdio_output@@IAE_NAAPAX@Z 1002406e f i libucrt:output.obj
 0001:0002310b       ??$extract_argument_from_va_list@PAXPAX@?$positional_parameter_base@DV?$string_output_adapter@D@__crt_stdio_output@@@__crt_stdio_output@@IAE_NAAPAX@Z 1002410b f i libucrt:output.obj
 0001:000231a8       ??$extract_argument_from_va_list@PAXPAX@?$positional_parameter_base@_WV?$stream_output_adapter@_W@__crt_stdio_output@@@__crt_stdio_output@@IAE_NAAPAX@Z 100241a8 f i libucrt:output.obj
 0001:00023245       ??$extract_argument_from_va_list@PAXPAX@?$positional_parameter_base@_WV?$string_output_adapter@_W@__crt_stdio_output@@@__crt_stdio_output@@IAE_NAAPAX@Z 10024245 f i libucrt:output.obj
 0001:000232e2       ??$extract_argument_from_va_list@PAXPAX@?$standard_base@DV?$stream_output_adapter@D@__crt_stdio_output@@@__crt_stdio_output@@IAE_NAAPAX@Z 100242e2 f i libucrt:output.obj
 0001:00023302       ??$extract_argument_from_va_list@PAXPAX@?$standard_base@DV?$string_output_adapter@D@__crt_stdio_output@@@__crt_stdio_output@@IAE_NAAPAX@Z 10024302 f i libucrt:output.obj
 0001:00023322       ??$extract_argument_from_va_list@PAXPAX@?$standard_base@_WV?$stream_output_adapter@_W@__crt_stdio_output@@@__crt_stdio_output@@IAE_NAAPAX@Z 10024322 f i libucrt:output.obj
 0001:00023342       ??$extract_argument_from_va_list@PAXPAX@?$standard_base@_WV?$string_output_adapter@_W@__crt_stdio_output@@@__crt_stdio_output@@IAE_NAAPAX@Z 10024342 f i libucrt:output.obj
 0001:00023362       ??$extract_argument_from_va_list@U_CRT_DOUBLE@@U1@@?$positional_parameter_base@DV?$stream_output_adapter@D@__crt_stdio_output@@@__crt_stdio_output@@IAE_NAAU_CRT_DOUBLE@@@Z 10024362 f i libucrt:output.obj
 0001:00023413       ??$extract_argument_from_va_list@U_CRT_DOUBLE@@U1@@?$positional_parameter_base@DV?$string_output_adapter@D@__crt_stdio_output@@@__crt_stdio_output@@IAE_NAAU_CRT_DOUBLE@@@Z 10024413 f i libucrt:output.obj
 0001:000234c4       ??$extract_argument_from_va_list@U_CRT_DOUBLE@@U1@@?$positional_parameter_base@_WV?$stream_output_adapter@_W@__crt_stdio_output@@@__crt_stdio_output@@IAE_NAAU_CRT_DOUBLE@@@Z 100244c4 f i libucrt:output.obj
 0001:00023575       ??$extract_argument_from_va_list@U_CRT_DOUBLE@@U1@@?$positional_parameter_base@_WV?$string_output_adapter@_W@__crt_stdio_output@@@__crt_stdio_output@@IAE_NAAU_CRT_DOUBLE@@@Z 10024575 f i libucrt:output.obj
 0001:00023626       ??$extract_argument_from_va_list@U_CRT_DOUBLE@@U1@@?$standard_base@DV?$stream_output_adapter@D@__crt_stdio_output@@@__crt_stdio_output@@IAE_NAAU_CRT_DOUBLE@@@Z 10024626 f i libucrt:output.obj
 0001:0002364e       ??$extract_argument_from_va_list@U_CRT_DOUBLE@@U1@@?$standard_base@DV?$string_output_adapter@D@__crt_stdio_output@@@__crt_stdio_output@@IAE_NAAU_CRT_DOUBLE@@@Z 1002464e f i libucrt:output.obj
 0001:00023676       ??$extract_argument_from_va_list@U_CRT_DOUBLE@@U1@@?$standard_base@_WV?$stream_output_adapter@_W@__crt_stdio_output@@@__crt_stdio_output@@IAE_NAAU_CRT_DOUBLE@@@Z 10024676 f i libucrt:output.obj
 0001:0002369e       ??$extract_argument_from_va_list@U_CRT_DOUBLE@@U1@@?$standard_base@_WV?$string_output_adapter@_W@__crt_stdio_output@@@__crt_stdio_output@@IAE_NAAU_CRT_DOUBLE@@@Z 1002469e f i libucrt:output.obj
 0001:000236c6       ??$extract_argument_from_va_list@_J_J@?$positional_parameter_base@DV?$stream_output_adapter@D@__crt_stdio_output@@@__crt_stdio_output@@IAE_NAA_J@Z 100246c6 f i libucrt:output.obj
 0001:00023777       ??$extract_argument_from_va_list@_J_J@?$positional_parameter_base@DV?$string_output_adapter@D@__crt_stdio_output@@@__crt_stdio_output@@IAE_NAA_J@Z 10024777 f i libucrt:output.obj
 0001:00023828       ??$extract_argument_from_va_list@_J_J@?$positional_parameter_base@_WV?$stream_output_adapter@_W@__crt_stdio_output@@@__crt_stdio_output@@IAE_NAA_J@Z 10024828 f i libucrt:output.obj
 0001:000238d9       ??$extract_argument_from_va_list@_J_J@?$positional_parameter_base@_WV?$string_output_adapter@_W@__crt_stdio_output@@@__crt_stdio_output@@IAE_NAA_J@Z 100248d9 f i libucrt:output.obj
 0001:0002398a       ??$extract_argument_from_va_list@_J_J@?$standard_base@DV?$stream_output_adapter@D@__crt_stdio_output@@@__crt_stdio_output@@IAE_NAA_J@Z 1002498a f i libucrt:output.obj
 0001:000239b2       ??$extract_argument_from_va_list@_J_J@?$standard_base@DV?$string_output_adapter@D@__crt_stdio_output@@@__crt_stdio_output@@IAE_NAA_J@Z 100249b2 f i libucrt:output.obj
 0001:000239da       ??$extract_argument_from_va_list@_J_J@?$standard_base@_WV?$stream_output_adapter@_W@__crt_stdio_output@@@__crt_stdio_output@@IAE_NAA_J@Z 100249da f i libucrt:output.obj
 0001:00023a02       ??$extract_argument_from_va_list@_J_J@?$standard_base@_WV?$string_output_adapter@_W@__crt_stdio_output@@@__crt_stdio_output@@IAE_NAA_J@Z 10024a02 f i libucrt:output.obj
 0001:00023a2a       ??$extract_argument_from_va_list@_K_J@?$positional_parameter_base@DV?$stream_output_adapter@D@__crt_stdio_output@@@__crt_stdio_output@@IAE_NAA_J@Z 10024a2a f i libucrt:output.obj
 0001:00023adb       ??$extract_argument_from_va_list@_K_J@?$positional_parameter_base@DV?$string_output_adapter@D@__crt_stdio_output@@@__crt_stdio_output@@IAE_NAA_J@Z 10024adb f i libucrt:output.obj
 0001:00023b8c       ??$extract_argument_from_va_list@_K_J@?$positional_parameter_base@_WV?$stream_output_adapter@_W@__crt_stdio_output@@@__crt_stdio_output@@IAE_NAA_J@Z 10024b8c f i libucrt:output.obj
 0001:00023c3d       ??$extract_argument_from_va_list@_K_J@?$positional_parameter_base@_WV?$string_output_adapter@_W@__crt_stdio_output@@@__crt_stdio_output@@IAE_NAA_J@Z 10024c3d f i libucrt:output.obj
[...]
 0003:000072c0       _CANAC2_1_send_mb3         1007b2c0     <common>
 0003:000075e0       _CANAC2_2_receiveindex_mb2 1007b5e0     <common>
 0003:00007900       _CANAC2_2_receivemaxindex_mb2 1007b900     <common>
 0003:00007920       _CANAC2_2_sendindex_mb2    1007b920     <common>
 0003:00007c40       _CANAC2_2_sendmaxindex_mb2 1007bc40     <common>
 0003:00007c60       _CANAC2_1_receiveindex_mb2 1007bc60     <common>
 0003:00007f80       _CANAC2_1_receivemaxindex_mb2 1007bf80     <common>
 0003:00007fa0       _CANAC2_1_sendindex_mb2    1007bfa0     <common>
 0003:000082c0       _CANAC2_1_sendmaxindex_mb2 1007c2c0     <common>
 0003:000082e0       _CANAC2_2_receive_mb2      1007c2e0     <common>
 0003:00008600       _CANAC2_2_send_mb2         1007c600     <common>
 0003:00008920       _CANAC2_1_receive_mb2      1007c920     <common>
 0003:00008c40       _CANAC2_1_send_mb2         1007cc40     <common>
 0003:00008f60       _CANAC2_2_receiveindex_mb1 1007cf60     <common>
 0003:00009280       _CANAC2_2_receivemaxindex_mb1 1007d280     <common>
 0003:000092a0       _CANAC2_2_sendindex_mb1    1007d2a0     <common>
 0003:000095c0       _CANAC2_2_sendmaxindex_mb1 1007d5c0     <common>
 0003:000095e0       _CANAC2_1_receiveindex_mb1 1007d5e0     <common>
 0003:00009900       _CANAC2_1_receivemaxindex_mb1 1007d900     <common>
 0003:00009920       _CANAC2_1_sendindex_mb1    1007d920     <common>
 0003:00009c40       _CANAC2_1_sendmaxindex_mb1 1007dc40     <common>
 0003:00009c60       _CANAC2_2_receive_mb1      1007dc60     <common>
 0003:00009f80       _CANAC2_2_send_mb1         1007df80     <common>
 0003:0000a2a0       _CANAC2_1_receive_mb1      1007e2a0     <common>
 0003:0000a5c0       _CANAC2_1_send_mb1         1007e5c0     <common>
 0003:0000a8e0       _CANAC2_2_receiveindex     1007e8e0     <common>
 0003:0000ac00       _CANAC2_2_receivemaxindex  1007ec00     <common>
 0003:0000ac20       _CANAC2_2_sendindex        1007ec20     <common>
 0003:0000af40       _CANAC2_2_sendmaxindex     1007ef40     <common>
 0003:0000af60       _CANAC2_1_receiveindex     1007ef60     <common>
 0003:0000b280       _CANAC2_1_receivemaxindex  1007f280     <common>
 0003:0000b2a0       _CANAC2_1_sendindex        1007f2a0     <common>
 0003:0000b5c0       _CANAC2_1_sendmaxindex     1007f5c0     <common>
 0003:0000b5e0       _CANAC2_2_receive          1007f5e0     <common>
 0003:0000b900       _CANAC2_2_send             1007f900     <common>
 0003:0000bc20       _CANAC2_1_receive          1007fc20     <common>
 0003:0000bf40       _CANAC2_1_send             1007ff40     <common>
 0003:0000c260       _siepowercan_can_object_buffer_port2 10080260     <common>
 0003:00010280       _siepowercan_can_object_buffer_port1 10084280     <common>
 0003:00014280       _rtNaNF                    10088280     <common>
 0003:00014294       _rtMinusInfF               10088294     <common>
 0003:00014298       _rtInfF                    10088298     <common>
 0003:000142a0       _rtNaN                     100882a0     <common>
 0003:000142a8       _rtMinusInf                100882a8     <common>
 0003:000142b0       _rtInf                     100882b0     <common>
 0003:000142b8       ?_OptionsStorage@?1??__local_stdio_printf_options@@9@9 100882b8     <common>
 0003:000145a0       _PIDcontrol_M_             100885a0     <common>
 0003:00015200       _PIDcontrol_Y              10089200     <common>
 0003:00015220       _PIDcontrol_DW             10089220     <common>
 0003:000152e8       _PIDcontrol_X              100892e8     <common>
 0003:00015300       _PIDcontrol_B              10089300     <common>
 0003:000153b0       _CloseClientSocket         100893b0     <common>
 0003:00015418       _ConnectClientSocket       10089418     <common>
 0003:0001541c       _BindClientSocket          1008941c     <common>
 0003:00015420       _CreateClientSocket        10089420     <common>
 0003:00015424       _CloseServerSocket         10089424     <common>
 0003:00015428       _ConnectServerSocket       10089428     <common>
 0003:0001542c       _OpenServerListen          1008942c     <common>
 0003:00015430       _CreateServerSocket        10089430     <common>
 0003:00015434       _SocketReceive             10089434     <common>
 0003:00015438       _SocketSend                10089438     <common>
 0003:0001543c       _GetSocketState            1008943c     <common>
 0003:00015440       _GetSocket                 10089440     <common>
 0003:00015444       _socket                    10089444     <common>
 0003:00015448       _inet_addr                 10089448     <common>
 0003:0001544c       _sendto                    1008944c     <common>
 0003:00015450       _recvfrom                  10089450     <common>
 0003:00015454       _listen                    10089454     <common>
 0003:00015458       _ioctlsocket               10089458     <common>
 0003:0001545c       _connect                   1008945c     <common>
 0003:00015460       _closesocket               10089460     <common>
 0003:00015464       _setsockopt                10089464     <common>
 0003:00015468       _bind                      10089468     <common>
 0003:0001546c       _accept                    1008946c     <common>
 0003:00015470       _GetHostTarIPAdd           10089470     <common>
 0003:00015474       _GetDCUUsage               10089474     <common>
 0003:00015478       _DeleteRoute               10089478     <common>
 0003:0001547c       _AddGatewayRoute           1008947c     <common>
 0003:00015480       _SetIP                     10089480     <common>
 0003:00015484       _CloseInterface            10089484     <common>
 0003:00015488       _OpenInterface             10089488     <common>
 0003:0001548c       _SetIPTASKPriority         1008948c     <common>
 0003:00015490       _isUsedByRTIP              10089490     <common>
 0003:00015494       _slrtWarning               10089494     <common>
 0003:00015498       _slrtGetCPUTCelsius        10089498     <common>
 0003:0001549c       _geterrorstring            1008949c     <common>
 0003:000154a0       _getlasterror              100894a0     <common>
 0003:000154a4       _slrtLogEvent              100894a4     <common>
 0003:000154a8       _slrtGetDefaultDrive       100894a8     <common>
 0003:000154ac       _slrtfsFread               100894ac     <common>
 0003:000154b0       _slrtfsGetFileStatus       100894b0     <common>
 0003:000154b4       _slrtfsOpenFileAsync       100894b4     <common>
 0003:000154b8       _slrtfsCloseFileAsync      100894b8     <common>
 0003:000154bc       _slrtfsGetFileErrorMessage 100894bc     <common>
 0003:000154c0       _slrtfsGetFileError        100894c0     <common>
 0003:000154c4       _slrtfsWriteToFile         100894c4     <common>
 0003:000154c8       _slrtfsCloseFile           100894c8     <common>
 0003:000154cc       _slrtfsOpenFile            100894cc     <common>
 0003:000154d0       _slrtGetSgCRBSpace         100894d0     <common>
 0003:000154d4       _slrtGetCRBScratchSpace    100894d4     <common>
 0003:000154d8       _slrteSetupMSI             100894d8     <common>
 0003:000154dc       _slTestRegAssessment       100894dc     <common>
 0003:000154e0       _slTestTerminate           100894e0     <common>
 0003:000154e4       _slTestEvalOnFail          100894e4     <common>
 0003:000154e8       _slTestLogAssessments      100894e8     <common>
 0003:000154ec       _slTestInitialize          100894ec     <common>
 0003:000154f0       _unRegisterPTPTimeRead     100894f0     <common>
 0003:000154f4       _registerPTPTimeRead       100894f4     <common>
 0003:000154f8       _slrteGetCurrentStepSize   100894f8     <common>
 0003:000154fc       _slrteSetStepSizeDelta     100894fc     <common>
 0003:00015500       _xpceGetIntTimerGranularityNS 10089500     <common>
 0003:00015504       _xpceDAQUpdateTimeStamp    10089504     <common>
 0003:00015508       _xpceDAQPostEvent          10089508     <common>
 0003:0001550c       _StreamVideo               1008950c     <common>
 0003:00015510       _StopVideoDisplay          10089510     <common>
 0003:00015514       _StartVideoDisplay         10089514     <common>
 0003:00015518       _DestroyVideoDisplay       10089518     <common>
 0003:0001551c       _CreateVideoDisplay        1008951c     <common>
 0003:00015520       _ConvertUImage             10089520     <common>
 0003:00015524       _StopVideo                 10089524     <common>
 0003:00015528       _ReadFrameBuffer           10089528     <common>
 0003:0001552c       _StartVideo                1008952c     <common>
 0003:00015530       _GetVideoConfigs           10089530     <common>
 0003:00015534       _FindUsbVideoDevice        10089534     <common>
 0003:00015538       _xpceDeleteSemaphore       10089538     <common>
 0003:0001553c       _xpceSignalSemaphore       1008953c     <common>
 0003:00015540       _xpceWaitSemaphore         10089540     <common>
 0003:00015544       _xpceCreateSemaphore       10089544     <common>
 0003:00015548       _TBGiveSpinFast            10089548     <common>
 0003:0001554c       _TBTakeSpinFast            1008954c     <common>
 0003:00015550       _TBDeleteSpin              10089550     <common>
 0003:00015554       _TBCreateSpin              10089554     <common>
 0003:00015558       _xpceScopeAcqOK            10089558     <common>
 0003:0001555c       _rl32eRestartAcquisition   1008955c     <common>
 0003:00015560       _rl32eSetTargetScopeSigFt  10089560     <common>
 0003:00015564       _rl32eSetTargetScope       10089564     <common>
 0003:00015568       _xpceFSScopeSet            10089568     <common>
 0003:0001556c       _rl32eSetScope             1008956c     <common>
 0003:00015570       _rl32eAddSignal            10089570     <common>
 0003:00015574       _rl32eGetSignalNo          10089574     <common>
 0003:00015578       _rl32eDefScope             10089578     <common>
 0003:0001557c       _rl32eScopeExists          1008957c     <common>
 0003:00015580       _xpceGetParamDims          10089580     <common>
 0003:00015584       _xpceGetParameter          10089584     <common>
 0003:00015588       _xpceSetParameter          10089588     <common>
 0003:0001558c       _xpceGetSignalValue        1008958c     <common>
 0003:00015590       _xpceAssignPCIInterrupt    10089590     <common>
 0003:00015594       _rl32eGetPCIInfoAtSlot     10089594     <common>
 0003:00015598       _rl32eGetPCIInfo           10089598     <common>
 0003:0001559c       _rl32eShowPCIInfo          1008959c     <common>
 0003:000155a0       _rl32eShowPCIDev           100895a0     <common>
 0003:000155a4       _xpceGetTET                100895a4     <common>
 0003:000155a8       _xpceaddEvent              100895a8     <common>
 0003:000155ac       _xpceDeRegisterISR         100895ac     <common>
 0003:000155b0       _xpceRegisterISR           100895b0     <common>
 0003:000155b4       _xpcIsModelInit            100895b4     <common>
 0003:000155b8       _xpcGetElapsedTime         100895b8     <common>
 0003:000155bc       _xpcBusyWait               100895bc     <common>
 0003:000155c0       _xpcFreePhysicalMemory     100895c0     <common>
 0003:000155c4       _xpcAllocPhysicalMemory    100895c4     <common>
 0003:000155c8       _xpcReserveMemoryRegion    100895c8     <common>
 0003:000155cc       _xpcOutpB                  100895cc     <common>
 0003:000155d0       _xpcOutpW                  100895d0     <common>
 0003:000155d4       _xpcOutpDW                 100895d4     <common>
 0003:000155d8       _xpcInpB                   100895d8     <common>
 0003:000155dc       _xpcInpW                   100895dc     <common>
 0003:000155e0       _xpcInpDW                  100895e0     <common>
 0003:000155e4       ___scrt_ucrt_dll_is_in_use 100895e4     <common>
 0003:000155f0       ___dyn_tls_init_callback   100895f0     <common>
 0003:000155fc       __pDestructExceptionObject 100895fc     <common>
 0003:00015608       __pmatherr                 10089608     <common>
 0003:00015614       ___use_sse2_mathfcns       10089614     <common>
 0004:00000000       __imp__GetModuleHandleA@4  1008a000     kernel32:KERNEL32.dll
 0004:00000004       __imp__GetProcAddress@8    1008a004     kernel32:KERNEL32.dll
 0004:00000008       __imp__UnhandledExceptionFilter@4 1008a008     kernel32:KERNEL32.dll
 0004:0000000c       __imp__SetUnhandledExceptionFilter@4 1008a00c     kernel32:KERNEL32.dll
 0004:00000010       __imp__GetCurrentProcess@0 1008a010     kernel32:KERNEL32.dll
 0004:00000014       __imp__TerminateProcess@8  1008a014     kernel32:KERNEL32.dll
 0004:00000018       __imp__IsProcessorFeaturePresent@4 1008a018     kernel32:KERNEL32.dll
 0004:0000001c       __imp__QueryPerformanceCounter@4 1008a01c     kernel32:KERNEL32.dll
 0004:00000020       __imp__GetCurrentProcessId@0 1008a020     kernel32:KERNEL32.dll
 0004:00000024       __imp__GetCurrentThreadId@0 1008a024     kernel32:KERNEL32.dll
 0004:00000028       __imp__GetSystemTimeAsFileTime@4 1008a028     kernel32:KERNEL32.dll
 0004:0000002c       __imp__InitializeSListHead@4 1008a02c     kernel32:KERNEL32.dll
 0004:00000030       __imp__IsDebuggerPresent@0 1008a030     kernel32:KERNEL32.dll
 0004:00000034       __imp__GetStartupInfoW@4   1008a034     kernel32:KERNEL32.dll
 0004:00000038       __imp__GetModuleHandleW@4  1008a038     kernel32:KERNEL32.dll
 0004:0000003c       __imp__InterlockedPushEntrySList@8 1008a03c     kernel32:KERNEL32.dll
 0004:00000040       __imp__InterlockedFlushSList@4 1008a040     kernel32:KERNEL32.dll
 0004:00000044       __imp__RtlUnwind@16        1008a044     kernel32:KERNEL32.dll
 0004:00000048       __imp__GetLastError@0      1008a048     kernel32:KERNEL32.dll
 0004:0000004c       __imp__SetLastError@4      1008a04c     kernel32:KERNEL32.dll
 0004:00000050       __imp__EnterCriticalSection@4 1008a050     kernel32:KERNEL32.dll
 0004:00000054       __imp__LeaveCriticalSection@4 1008a054     kernel32:KERNEL32.dll
 0004:00000058       __imp__DeleteCriticalSection@4 1008a058     kernel32:KERNEL32.dll
 0004:0000005c       __imp__InitializeCriticalSectionAndSpinCount@8 1008a05c     kernel32:KERNEL32.dll
 0004:00000060       __imp__TlsAlloc@0          1008a060     kernel32:KERNEL32.dll
 0004:00000064       __imp__TlsGetValue@4       1008a064     kernel32:KERNEL32.dll
 0004:00000068       __imp__TlsSetValue@8       1008a068     kernel32:KERNEL32.dll
 0004:0000006c       __imp__TlsFree@4           1008a06c     kernel32:KERNEL32.dll
 0004:00000070       __imp__FreeLibrary@4       1008a070     kernel32:KERNEL32.dll
 0004:00000074       __imp__LoadLibraryExW@12   1008a074     kernel32:KERNEL32.dll
 0004:00000078       __imp__GetStdHandle@4      1008a078     kernel32:KERNEL32.dll
 0004:0000007c       __imp__GetFileType@4       1008a07c     kernel32:KERNEL32.dll
 0004:00000080       __imp__GetModuleFileNameA@12 1008a080     kernel32:KERNEL32.dll
 0004:00000084       __imp__GetModuleFileNameW@12 1008a084     kernel32:KERNEL32.dll
 0004:00000088       __imp__GetModuleHandleExW@12 1008a088     kernel32:KERNEL32.dll
 0004:0000008c       __imp__WriteConsoleW@20    1008a08c     kernel32:KERNEL32.dll
 0004:00000090       __imp__ExitProcess@4       1008a090     kernel32:KERNEL32.dll
 0004:00000094       __imp__RaiseException@16   1008a094     kernel32:KERNEL32.dll
 0004:00000098       __imp__MultiByteToWideChar@24 1008a098     kernel32:KERNEL32.dll
 0004:0000009c       __imp__WideCharToMultiByte@32 1008a09c     kernel32:KERNEL32.dll
 0004:000000a0       __imp__HeapFree@12         1008a0a0     kernel32:KERNEL32.dll
 0004:000000a4       __imp__HeapAlloc@12        1008a0a4     kernel32:KERNEL32.dll
 0004:000000a8       __imp__GetDateFormatW@24   1008a0a8     kernel32:KERNEL32.dll
 0004:000000ac       __imp__GetTimeFormatW@24   1008a0ac     kernel32:KERNEL32.dll
 0004:000000b0       __imp__CompareStringW@24   1008a0b0     kernel32:KERNEL32.dll
 0004:000000b4       __imp__LCMapStringW@24     1008a0b4     kernel32:KERNEL32.dll
 0004:000000b8       __imp__GetLocaleInfoW@16   1008a0b8     kernel32:KERNEL32.dll
 0004:000000bc       __imp__IsValidLocale@8     1008a0bc     kernel32:KERNEL32.dll
 0004:000000c0       __imp__GetUserDefaultLCID@0 1008a0c0     kernel32:KERNEL32.dll
 0004:000000c4       __imp__EnumSystemLocalesW@8 1008a0c4     kernel32:KERNEL32.dll
 0004:000000c8       __imp__GetCurrentThread@0  1008a0c8     kernel32:KERNEL32.dll
 0004:000000cc       __imp__GetACP@0            1008a0cc     kernel32:KERNEL32.dll
 0004:000000d0       __imp__WriteFile@20        1008a0d0     kernel32:KERNEL32.dll
 0004:000000d4       __imp__OutputDebugStringA@4 1008a0d4     kernel32:KERNEL32.dll
 0004:000000d8       __imp__OutputDebugStringW@4 1008a0d8     kernel32:KERNEL32.dll
 0004:000000dc       __imp__CloseHandle@4       1008a0dc     kernel32:KERNEL32.dll
 0004:000000e0       __imp__WaitForSingleObjectEx@12 1008a0e0     kernel32:KERNEL32.dll
 0004:000000e4       __imp__CreateThread@24     1008a0e4     kernel32:KERNEL32.dll
 0004:000000e8       __imp__SetConsoleCtrlHandler@8 1008a0e8     kernel32:KERNEL32.dll
 0004:000000ec       __imp__HeapReAlloc@16      1008a0ec     kernel32:KERNEL32.dll
 0004:000000f0       __imp__ReadFile@20         1008a0f0     kernel32:KERNEL32.dll
 0004:000000f4       __imp__GetConsoleMode@8    1008a0f4     kernel32:KERNEL32.dll
 0004:000000f8       __imp__ReadConsoleW@20     1008a0f8     kernel32:KERNEL32.dll
 0004:000000fc       __imp__GetConsoleCP@0      1008a0fc     kernel32:KERNEL32.dll
 0004:00000100       __imp__DeleteFileW@4       1008a100     kernel32:KERNEL32.dll
 0004:00000104       __imp__SetFilePointerEx@20 1008a104     kernel32:KERNEL32.dll
 0004:00000108       __imp__FindClose@4         1008a108     kernel32:KERNEL32.dll
 0004:0000010c       __imp__FindFirstFileExA@24 1008a10c     kernel32:KERNEL32.dll
 0004:00000110       __imp__FindFirstFileExW@24 1008a110     kernel32:KERNEL32.dll
 0004:00000114       __imp__FindNextFileA@8     1008a114     kernel32:KERNEL32.dll
 0004:00000118       __imp__FindNextFileW@8     1008a118     kernel32:KERNEL32.dll
 0004:0000011c       __imp__IsValidCodePage@4   1008a11c     kernel32:KERNEL32.dll
 0004:00000120       __imp__GetOEMCP@0          1008a120     kernel32:KERNEL32.dll
 0004:00000124       __imp__GetCPInfo@8         1008a124     kernel32:KERNEL32.dll
 0004:00000128       __imp__GetCommandLineA@0   1008a128     kernel32:KERNEL32.dll
 0004:0000012c       __imp__GetCommandLineW@0   1008a12c     kernel32:KERNEL32.dll
 0004:00000130       __imp__GetEnvironmentStringsW@0 1008a130     kernel32:KERNEL32.dll
 0004:00000134       __imp__FreeEnvironmentStringsW@4 1008a134     kernel32:KERNEL32.dll
 0004:00000138       __imp__SetEnvironmentVariableA@8 1008a138     kernel32:KERNEL32.dll
 0004:0000013c       __imp__SetEnvironmentVariableW@8 1008a13c     kernel32:KERNEL32.dll
 0004:00000140       __imp__GetProcessHeap@0    1008a140     kernel32:KERNEL32.dll
 0004:00000144       __imp__GetStringTypeW@16   1008a144     kernel32:KERNEL32.dll
 0004:00000148       __imp__FlushFileBuffers@4  1008a148     kernel32:KERNEL32.dll
 0004:0000014c       __imp__SetStdHandle@8      1008a14c     kernel32:KERNEL32.dll
 0004:00000150       __imp__CreateFileW@28      1008a150     kernel32:KERNEL32.dll
 0004:00000154       __imp__HeapSize@12         1008a154     kernel32:KERNEL32.dll
 0004:00000158       __imp__SetEndOfFile@4      1008a158     kernel32:KERNEL32.dll
 0004:0000015c       __imp__EncodePointer@4     1008a15c     kernel32:KERNEL32.dll
 0004:00000160       __imp__DecodePointer@4     1008a160     kernel32:KERNEL32.dll
 0004:00000164       \177KERNEL32_NULL_THUNK_DATA 1008a164     kernel32:KERNEL32.dll
 0004:000001d4       __IMPORT_DESCRIPTOR_KERNEL32 1008a1d4     kernel32:KERNEL32.dll
 0004:000001e8       __NULL_IMPORT_DESCRIPTOR   1008a1e8     kernel32:KERNEL32.dll
 0006:00000000       ___guard_check_icall_fptr  1008c000     LIBCMT:guard_support.obj
