 PID_LoadCell_Magnet_slrt

 Timestamp is 5ad69b27 (Tue Apr 17 21:11:03 2018)

 Preferred load address is 10000000

 Start         Length     Name                   Class
 0001:00000000 00063c28H .text$mn                CODE
 0002:00000000 00000104H .CRT$XCA                DATA
 0002:00000104 00000104H .CRT$XCZ                DATA
 0002:00000208 00000104H .CRT$XIA                DATA
 0002:0000030c 00000110H .CRT$XIC                DATA
 0002:0000041c 00000104H .CRT$XIZ                DATA
 0002:00000520 00000104H .CRT$XPA                DATA
 0002:00000624 0000010cH .CRT$XPX                DATA
 0002:00000730 00000104H .CRT$XPXA               DATA
 0002:00000834 00000104H .CRT$XPZ                DATA
 0002:00000938 00000104H .CRT$XTA                DATA
 0002:00000a3c 00000104H .CRT$XTZ                DATA
 0002:00000b40 0000ddb0H .rdata                  DATA
 0002:0000e8f0 00000390H .rdata$r                DATA
 0002:0000ec80 00000110H .rdata$sxdata           DATA
 0002:0000ed90 000001ccH .rdata$zzzdbg           DATA
 0002:0000ef5c 00000104H .rtc$IAA                DATA
 0002:0000f060 00000104H .rtc$IZZ                DATA
 0002:0000f164 00000104H .rtc$TAA                DATA
 0002:0000f268 00000108H .rtc$TZZ                DATA
 0002:0000f370 00000ac0H .xdata$x                DATA
 0002:0000fe30 000001eeH .edata                  DATA
 0003:00000000 000014c0H .data                   DATA
 0003:000014c0 000001e0H .data$r                 DATA
 0003:000016a0 00014868H .bss                    DATA
 0004:00000000 000001d4H .idata$5                DATA
 0004:000001d4 00000014H .idata$2                DATA
 0004:000001e8 00000014H .idata$3                DATA
 0004:000001fc 000001d4H .idata$4                DATA
 0004:000003d0 00000843H .idata$6                DATA
 0005:00000000 00000224H .gfids$x                DATA
 0005:00000224 000001a5H .gfids$y                DATA
 0006:00000000 00000104H .00cfg                  DATA

  Address         Publics by Value              Rva+Base       Lib:Object

 0000:00000000       __except_list              00000000     <absolute>
 0000:00000000       ___guard_iat_table         00000000     <absolute>
 0000:00000000       ___guard_iat_count         00000000     <absolute>
 0000:00000000       ___guard_longjmp_count     00000000     <absolute>
 0000:00000000       ___guard_longjmp_table     00000000     <absolute>
 0000:00000000       ___dynamic_value_reloc_table 00000000     <absolute>
 0000:00000000       ___guard_fids_table        00000000     <absolute>
 0000:00000000       ___guard_fids_count        00000000     <absolute>
 0000:00000003       ___safe_se_handler_count   00000003     <absolute>
 0000:00000100       ___guard_flags             00000100     <absolute>
 0000:00000000       ___ImageBase               10000000     <linker-defined>
 0001:00005f30       _MdlInitialize             10006f30 f   PID_LoadCell_Magnet.obj
 0001:00005f40       _MdlInitializeSampleTimes  10006f40 f   PID_LoadCell_Magnet.obj
 0001:00005f50       _MdlInitializeSizes        10006f50 f   PID_LoadCell_Magnet.obj
 0001:00005f60       _MdlOutputs                10006f60 f   PID_LoadCell_Magnet.obj
 0001:00005f70       _MdlStart                  10006f70 f   PID_LoadCell_Magnet.obj
 0001:00005f80       _MdlTerminate              10006f80 f   PID_LoadCell_Magnet.obj
 0001:00005fd0       _MdlUpdate                 10006fd0 f   PID_LoadCell_Magnet.obj
 0001:00005fe0       _PID_LoadCell_Magnet       10006fe0 f   PID_LoadCell_Magnet.obj
 0001:00006d80       _PID_LoadCell_Magnet_IfSubsystem 10007d80 f   PID_LoadCell_Magnet.obj
 0001:00006da0       _PID_LoadCell_Magnet_derivatives 10007da0 f   PID_LoadCell_Magnet.obj
 0001:00006e40       _PID_LoadCell_Magnet_initialize 10007e40 f   PID_LoadCell_Magnet.obj
 0001:00007760       _PID_LoadCell_Magnet_output 10008760 f   PID_LoadCell_Magnet.obj
 0001:00007d10       _PID_LoadCell_Magnet_terminate 10008d10 f   PID_LoadCell_Magnet.obj
 0001:00007d60       _PID_LoadCell_Magnet_update 10008d60 f   PID_LoadCell_Magnet.obj
 0001:00007eb0       ___local_stdio_printf_options 10008eb0 f i PID_LoadCell_Magnet.obj
 0001:00007ec0       __vfprintf_l               10008ec0 f i PID_LoadCell_Magnet.obj
 0001:00007ef0       _printf                    10008ef0 f i PID_LoadCell_Magnet.obj
 0001:00007f30       _rt_ODECreateIntegrationData 10008f30 f   PID_LoadCell_Magnet.obj
 0001:00007f40       _rt_ODEDestroyIntegrationData 10008f40 f   PID_LoadCell_Magnet.obj
 0001:00007f50       _rt_ODEUpdateContinuousStates 10008f50 f   PID_LoadCell_Magnet.obj
 0001:000083f0       _rt_mxCreateCharMatrixFromStrings 100093f0 f   rt_matrx.obj
 0001:00008550       _rt_mxCreateDoubleMatrix   10009550 f   rt_matrx.obj
 0001:000085b0       _rt_mxCreateNumericArray   100095b0 f   rt_matrx.obj
 0001:00008630       _rt_mxCreateString         10009630 f   rt_matrx.obj
 0001:000086c0       _rt_mxDuplicateArray       100096c0 f   rt_matrx.obj
 0001:00008720       _rt_mxGetDimensions        10009720 f   rt_matrx.obj
 0001:00008760       _rt_mxGetEps               10009760 f   rt_matrx.obj
 0001:00008770       _rt_mxGetString            10009770 f   rt_matrx.obj
 0001:000087f0       _rtPrintfNoOp              100097f0 f   rt_printf.obj
 0001:00008800       _PID_LoadCell_Magnet_GetCAPIStaticMap 10009800 f   PID_LoadCell_Magnet_capi.obj
 0001:00008810       _PID_LoadCell_Magnet_InitializeDataMapInfo 10009810 f   PID_LoadCell_Magnet_capi.obj
 0001:000088a0       _rtGetInf                  100098a0 f   rtGetInf.obj
 0001:000088d0       _rtGetInfF                 100098d0 f   rtGetInf.obj
 0001:000088f0       _rtGetMinusInf             100098f0 f   rtGetInf.obj
 0001:00008920       _rtGetMinusInfF            10009920 f   rtGetInf.obj
 0001:00008940       _rtGetNaN                  10009940 f   rtGetNaN.obj
 0001:00008970       _rtGetNaNF                 10009970 f   rtGetNaN.obj
 0001:00008990       _rtIsInf                   10009990 f   rt_nonfinite.obj
 0001:000089d0       _rtIsInfF                  100099d0 f   rt_nonfinite.obj
 0001:00008a10       _rtIsNaN                   10009a10 f   rt_nonfinite.obj
 0001:00008a30       _rtIsNaNF                  10009a30 f   rt_nonfinite.obj
 0001:00008a50       _rt_InitInfAndNaN          10009a50 f   rt_nonfinite.obj
 0001:00008ab0       _rt_CleanUpForStateLogWithMMI 10009ab0 f   rt_logging_mmi.obj
 0001:00008bc0       _rt_FillStateSigInfoFromMMI 10009bc0 f   rt_logging_mmi.obj
 0001:00008f60       _rtwCAPI_CountSysRan       10009f60 f   rtw_modelmap_utils.obj
 0001:00009000       _rtwCAPI_EncodePath        1000a000 f   rtw_modelmap_utils.obj
 0001:00009100       _rtwCAPI_FillSysRan        1000a100 f   rtw_modelmap_utils.obj
 0001:000091f0       _rtwCAPI_FreeFullPaths     1000a1f0 f   rtw_modelmap_utils.obj
 0001:00009280       _rtwCAPI_GetFullStateBlockPath 1000a280 f   rtw_modelmap_utils.obj
 0001:00009430       _rtwCAPI_GetNumContStateRecords 1000a430 f   rtw_modelmap_utils.obj
 0001:000094f0       _rtwCAPI_GetNumSigLogRecords 1000a4f0 f   rtw_modelmap_utils.obj
 0001:00009540       _rtwCAPI_GetNumSigLogRecordsForRTWLogging 1000a540 f   rtw_modelmap_utils.obj
 0001:000095e0       _rtwCAPI_GetNumStateRecords 1000a5e0 f   rtw_modelmap_utils.obj
 0001:00009630       _rtwCAPI_GetNumStateRecordsForRTWLogging 1000a630 f   rtw_modelmap_utils.obj
 0001:000096d0       _rtwCAPI_GetSigAddrFromMap 1000a6d0 f   rtw_modelmap_utils.obj
 0001:00009790       _rtwCAPI_GetSigLogRecordInfo 1000a790 f   rtw_modelmap_utils.obj
 0001:00009bc0       _rtwCAPI_GetStateRecordInfo 1000abc0 f   rtw_modelmap_utils.obj
 0001:0000a070       _rtwCAPI_GetStateWidth     1000b070 f   rtw_modelmap_utils.obj
 0001:0000a0d0       _rtwCAPI_HasStates         1000b0d0 f   rtw_modelmap_utils.obj
 0001:0000a140       _rtwCAPI_UpdateFullPaths   1000b140 f   rtw_modelmap_utils.obj
 0001:0000a320       __vsnprintf_l              1000b320 f i rt_logging.obj
 0001:0000a360       __vsprintf_l               1000b360 f i rt_logging.obj
 0001:0000a3a0       _fprintf                   1000b3a0 f i rt_logging.obj
 0001:0000acb0       _rt_CreateLogVar           1000bcb0 f   rt_logging.obj
 0001:0000ad40       _rt_CreateLogVarWithConvert 1000bd40 f   rt_logging.obj
 0001:0000b6c0       _rt_CreateStructLogVar     1000c6c0 f   rt_logging.obj
 0001:0000c420       _rt_GetMxIdFromDTypeId     1000d420 f   rt_logging.obj
 0001:0000c450       _rt_GetMxIdFromDTypeIdForRSim 1000d450 f   rt_logging.obj
 0001:0000ed20       _rt_StartDataLogging       1000fd20 f   rt_logging.obj
 0001:0000f1e0       _rt_StartDataLoggingWithStartTime 100101e0 f   rt_logging.obj
 0001:0000fb40       _rt_StopDataLogging        10010b40 f   rt_logging.obj
 0001:0000fb60       _rt_StopDataLoggingImpl    10010b60 f   rt_logging.obj
 0001:0000fe90       _rt_UpdateLogVar           10010e90 f   rt_logging.obj
 0001:00010fb0       _rt_UpdateStructLogVar     10011fb0 f   rt_logging.obj
 0001:00011040       _rt_UpdateTXXFYLogVars     10012040 f   rt_logging.obj
 0001:00011370       _rt_UpdateTXYLogVars       10012370 f   rt_logging.obj
 0001:000115c0       _sprintf                   100125c0 f i rt_logging.obj
 0001:00011600       _DllMain@12                10012600 f   xpctarget.obj
 0001:00011610       _PID_LoadCell_Magnet_ChangeStepSize 10012610 f   xpctarget.obj
 0001:00011680       _SLRTSetErrorStatus        10012680 f   xpctarget.obj
 0001:000116a0       _changeStepSize            100126a0 f   xpctarget.obj
 0001:00011710       _getDLMVersion             10012710 f   xpctarget.obj
 0001:00011720       _getRefMdlPath             10012720 f   xpctarget.obj
 0001:000117a0       _getRefMdlSignalNumber     100127a0 f   xpctarget.obj
 0001:00011850       _getrlmdlinfo              10012850 f   xpctarget.obj
 0001:00011a30       _updateDiscreteEvents      10012a30 f   xpctarget.obj
 0001:00011a40       _getNumRef                 10012a40 f   appmappingData.obj
 0001:00011a50       _vprintf                   10012a50 f i legacy_stdio.obj
 0001:00011a90       _adquanserq8               10012a90 f   adquanserq8.obj
 0001:000121b0       _daquanserq8               100131b0 f   daquanserq8.obj
 0001:00012b20       _encquanserq8              10013b20 f   encquanserq8.obj
 0001:00013660       _GetPCIDeviceFull          10014660 f   xpcruntime:xpcimports.obj
 0001:000136a0       _ShowPCIDevice             100146a0 f   xpcruntime:xpcimports.obj
 0001:00013e60       _xpcGetPciConfigAtSlot     10014e60 f   xpcruntime:xpcimports.obj
 0001:00014170       _xpcInitProcs              10015170 f   xpcruntime:xpcimports.obj
 0001:000154d0       _xpceuploadevent           100164d0 f   xpcruntime:xpcimports.obj
 0001:000154e0       __ftoui3                   100164e0 f   LIBCMT:_ftol3_.obj
 0001:000154ef       __ftoul3                   100164ef f   LIBCMT:_ftol3_.obj
 0001:000154fe       __ftol3                    100164fe f   LIBCMT:_ftol3_.obj
 0001:0001550b       __ftol3_NaN                1001650b f   LIBCMT:_ftol3_.obj
 0001:00015523       __ftol3_work               10016523 f   LIBCMT:_ftol3_.obj
 0001:000155a9       __ftol3_common             100165a9 f   LIBCMT:_ftol3_.obj
 0001:0001566b       __ftol3_arg_error          1001666b f   LIBCMT:_ftol3_.obj
 0001:0001567d       __ftol3_except             1001667d f   LIBCMT:_ftol3_.obj
 0001:000156c1       __dtoui3                   100166c1 f   LIBCMT:_ftol3_.obj
 0001:000156d0       __dtoul3                   100166d0 f   LIBCMT:_ftol3_.obj
 0001:000156df       __dtol3                    100166df f   LIBCMT:_ftol3_.obj
 0001:000156ec       __dtol3_NaN                100166ec f   LIBCMT:_ftol3_.obj
 0001:00015709       __dtol3_work               10016709 f   LIBCMT:_ftol3_.obj
 0001:000157f0       __ultod3                   100167f0 f   LIBCMT:_ftol3_.obj
 0001:00015830       __ltod3                    10016830 f   LIBCMT:_ftol3_.obj
 0001:00015934       ___raise_securityfailure   10016934 f   LIBCMT:gs_report.obj
 0001:00015966       ___report_gsfailure        10016966 f   LIBCMT:gs_report.obj
 0001:00015a9f       ___report_rangecheckfailure 10016a9f f   LIBCMT:gs_report.obj
 0001:00015aae       ___report_securityfailure  10016aae f   LIBCMT:gs_report.obj
 0001:00015bb2       ___report_securityfailureEx 10016bb2 f   LIBCMT:gs_report.obj
 0001:00015d0d       @__security_check_cookie@4 10016d0d f   LIBCMT:_secchk_.obj
 0001:00015d22       ___isa_available_init      10016d22 f   LIBCMT:_cpu_disp_.obj
 0001:000162ea       __CRT_INIT@12              100172ea f   LIBCMT:dll_dllmain.obj
 0001:000162f5       __DllMainCRTStartup@12     100172f5 f   LIBCMT:dll_dllmain.obj
 0001:00016320       ??$__crt_fast_decode_pointer@PAP6AXXZ@@YAPAP6AXXZQAP6AXXZ@Z 10017320 f i LIBCMT:utility.obj
 0001:00016339       ??$__crt_fast_encode_pointer@PAP6AXXZ@@YAPAP6AXXZQAP6AXXZ@Z 10017339 f i LIBCMT:utility.obj
 0001:0001635d       ?__crt_rotate_pointer_value@@YAIIH@Z 1001735d f i LIBCMT:utility.obj
 0001:0001636d       ?configure_argv@__scrt_narrow_argv_policy@@SAHXZ 1001736d f i LIBCMT:utility.obj
 0001:00016411       _NtCurrentTeb              10017411 f i LIBCMT:utility.obj
 0001:00016418       ___scrt_acquire_startup_lock 10017418 f   LIBCMT:utility.obj
 0001:0001645a       ___scrt_dllmain_after_initialize_c 1001745a f   LIBCMT:utility.obj
 0001:0001648f       ___scrt_dllmain_before_initialize_c 1001748f f   LIBCMT:utility.obj
 0001:000164a0       ___scrt_dllmain_crt_thread_attach 100174a0 f   LIBCMT:utility.obj
 0001:000164c6       ___scrt_dllmain_crt_thread_detach 100174c6 f   LIBCMT:utility.obj
 0001:000164d6       ___scrt_dllmain_exception_filter 100174d6 f   LIBCMT:utility.obj
 0001:00016515       ___scrt_dllmain_uninitialize_c 10017515 f   LIBCMT:utility.obj
 0001:00016540       ___scrt_dllmain_uninitialize_critical 10017540 f   LIBCMT:utility.obj
 0001:00016550       ___scrt_initialize_crt     10017550 f   LIBCMT:utility.obj
 0001:00016597       ___scrt_initialize_onexit_tables 10017597 f   LIBCMT:utility.obj
 0001:00016653       ___scrt_is_nonwritable_in_current_image 10017653 f   LIBCMT:utility.obj
 0001:000166ff       ___scrt_release_startup_lock 100176ff f   LIBCMT:utility.obj
 0001:00016723       ___scrt_uninitialize_crt   10017723 f   LIBCMT:utility.obj
 0001:00016755       __onexit                   10017755 f   LIBCMT:utility.obj
 0001:0001679e       _at_quick_exit             1001779e f   LIBCMT:utility.obj
 0001:000167db       _atexit                    100177db f   LIBCMT:utility.obj
 0001:000167f5       ___security_init_cookie    100177f5 f   LIBCMT:gs_support.obj
 0001:000168b8       ?__scrt_initialize_type_info@@YAXXZ 100178b8 f   LIBCMT:tncleanup.obj
 0001:000168c7       ?__scrt_uninitialize_type_info@@YAXXZ 100178c7 f   LIBCMT:tncleanup.obj
 0001:000168d6       ___local_stdio_scanf_options 100178d6 f i LIBCMT:default_local_stdio_options.obj
 0001:000168dc       ___scrt_initialize_default_local_stdio_options 100178dc f   LIBCMT:default_local_stdio_options.obj
 0001:00016900       ___scrt_get_dyn_tls_init_callback 10017900 f   LIBCMT:dyn_tls_init.obj
 0001:00016906       ___scrt_fastfail           10017906 f   LIBCMT:utility_desktop.obj
 0001:00016a67       ___scrt_get_show_window_mode 10017a67 f   LIBCMT:utility_desktop.obj
 0001:00016aa6       ___scrt_initialize_winrt   10017aa6 f   LIBCMT:utility_desktop.obj
 0001:00016aa9       ___scrt_is_managed_app     10017aa9 f   LIBCMT:utility_desktop.obj
 0001:00016afe       ___scrt_set_unhandled_exception_filter 10017afe f   LIBCMT:utility_desktop.obj
 0001:00016b0d       ___scrt_unhandled_exception_filter@4 10017b0d f   LIBCMT:utility_desktop.obj
 0001:00016b5e       __crt_debugger_hook        10017b5e f   LIBCMT:utility_desktop.obj
 0001:00016b68       __RTC_Initialize           10017b68 f   LIBCMT:_initsect_.obj
 0001:00016b9d       __RTC_Terminate            10017b9d f   LIBCMT:_initsect_.obj
 0001:00016bd2       @_guard_check_icall@4      10017bd2 f i LIBCMT:checkcfg.obj
 0001:00016be0       __SEH_prolog4              10017be0 f   LIBCMT:_sehprolg4_.obj
 0001:00016c26       __SEH_epilog4              10017c26 f   LIBCMT:_sehprolg4_.obj
 0001:00016c51       __get_startup_argv_mode    10017c51 f   LIBCMT:argv_mode.obj
 0001:00016c55       ___scrt_is_ucrt_dll_in_use 10017c55 f   LIBCMT:ucrt_detection.obj
 0001:00016c64       @_guard_check_icall_nop@4  10017c64 f i LIBCMT:guard_support.obj
 0001:00016c65       __guard_icall_checks_enforced 10017c65 f i LIBCMT:guard_support.obj
 0001:00016c7c       _GetModuleHandleA@4        10017c7c f   kernel32:KERNEL32.dll
 0001:00016c82       _GetProcAddress@8          10017c82 f   kernel32:KERNEL32.dll
 0001:00016c88       _UnhandledExceptionFilter@4 10017c88 f   kernel32:KERNEL32.dll
 0001:00016c8e       _SetUnhandledExceptionFilter@4 10017c8e f   kernel32:KERNEL32.dll
 0001:00016c94       _GetCurrentProcess@0       10017c94 f   kernel32:KERNEL32.dll
 0001:00016c9a       _TerminateProcess@8        10017c9a f   kernel32:KERNEL32.dll
 0001:00016ca0       _IsProcessorFeaturePresent@4 10017ca0 f   kernel32:KERNEL32.dll
 0001:00016ca6       _QueryPerformanceCounter@4 10017ca6 f   kernel32:KERNEL32.dll
 0001:00016cac       _GetCurrentProcessId@0     10017cac f   kernel32:KERNEL32.dll
 0001:00016cb2       _GetCurrentThreadId@0      10017cb2 f   kernel32:KERNEL32.dll
 0001:00016cb8       _GetSystemTimeAsFileTime@4 10017cb8 f   kernel32:KERNEL32.dll
 0001:00016cbe       _InitializeSListHead@4     10017cbe f   kernel32:KERNEL32.dll
 0001:00016cc4       _IsDebuggerPresent@0       10017cc4 f   kernel32:KERNEL32.dll
 0001:00016cca       _GetStartupInfoW@4         10017cca f   kernel32:KERNEL32.dll
 0001:00016cd0       _GetModuleHandleW@4        10017cd0 f   kernel32:KERNEL32.dll
 0001:00016ce0       _memset                    10017ce0 f   libvcruntime:memset.obj
 0001:00016e90       _memcpy                    10017e90 f   libvcruntime:memcpy.obj
 0001:00017570       _memmove                   10018570 f   libvcruntime:memmove.obj
 0001:00017c50       _strchr                    10018c50 f   libvcruntime:strchr.obj
 0001:00017cbe       ___from_strstr_to_strchr   10018cbe     libvcruntime:strchr.obj
 0001:00017e10       __except_handler4          10018e10 f   libvcruntime:_chandler4_.obj
 0001:00017fcf       ___vcrt_initialize         10018fcf f   libvcruntime:initialization.obj
 0001:00018002       ___vcrt_thread_attach      10019002 f   libvcruntime:initialization.obj
 0001:0001800f       ___vcrt_thread_detach      1001900f f   libvcruntime:initialization.obj
 0001:0001801c       ___vcrt_uninitialize       1001901c f   libvcruntime:initialization.obj
 0001:00018042       ___vcrt_uninitialize_critical 10019042 f   libvcruntime:initialization.obj
 0001:0001805d       ??$?RD@__crt_internal_free_policy@@QBEXQBD@Z 1001905d f i libvcruntime:std_type_info.obj
 0001:00018071       ??$?RX@__crt_internal_free_policy@@QBEXQBX@Z 10019071 f i libvcruntime:std_type_info.obj
 0001:00018085       ??$__crt_interlocked_compare_exchange_pointer@$$CBD$$T$$T@@YAPBDPDSBD$$T1@Z 10019085 f i libvcruntime:std_type_info.obj
 0001:0001809b       ??$__crt_interlocked_compare_exchange_pointer@$$CBDPAD$$T@@YAPBDPDSBDQAD$$T@Z 1001909b f i libvcruntime:std_type_info.obj
 0001:000180b1       ??$__crt_interlocked_read_pointer@$$CBD@@YAPBDPDSBD@Z 100190b1 f i libvcruntime:std_type_info.obj
 0001:000180c5       ??0?$__crt_unique_heap_ptr@DU__crt_internal_free_policy@@@@QAE@QAD@Z 100190c5 f i libvcruntime:std_type_info.obj
 0001:000180d6       ??0?$__crt_unique_heap_ptr@XU__crt_internal_free_policy@@@@QAE@QAX@Z 100190d6 f i libvcruntime:std_type_info.obj
 0001:000180e7       ??1?$__crt_unique_heap_ptr@DU__crt_internal_free_policy@@@@QAE@XZ 100190e7 f i libvcruntime:std_type_info.obj
 0001:000180fb       ??1?$__crt_unique_heap_ptr@XU__crt_internal_free_policy@@@@QAE@XZ 100190fb f i libvcruntime:std_type_info.obj
 0001:0001811b       ??B?$__crt_unique_heap_ptr@DU__crt_internal_free_policy@@@@QBE_NXZ 1001911b f i libvcruntime:std_type_info.obj
 0001:00018122       ??B?$__crt_unique_heap_ptr@XU__crt_internal_free_policy@@@@QBE_NXZ 10019122 f i libvcruntime:std_type_info.obj
 0001:00018151       ?detach@?$__crt_unique_heap_ptr@XU__crt_internal_free_policy@@@@QAEPAXXZ 10019151 f i libvcruntime:std_type_info.obj
 0001:00018157       ?get@?$__crt_unique_heap_ptr@DU__crt_internal_free_policy@@@@QBEPADXZ 10019157 f i libvcruntime:std_type_info.obj
 0001:0001815a       ?get@?$__crt_unique_heap_ptr@XU__crt_internal_free_policy@@@@QBEPAXXZ 1001915a f i libvcruntime:std_type_info.obj
 0001:0001815d       ?is_valid@?$__crt_unique_heap_ptr@DU__crt_internal_free_policy@@@@QBE_NXZ 1001915d f i libvcruntime:std_type_info.obj
 0001:00018164       ?is_valid@?$__crt_unique_heap_ptr@XU__crt_internal_free_policy@@@@QBE_NXZ 10019164 f i libvcruntime:std_type_info.obj
 0001:0001816b       ?release@?$__crt_unique_heap_ptr@DU__crt_internal_free_policy@@@@QAEXXZ 1001916b f i libvcruntime:std_type_info.obj
 0001:0001817f       ?release@?$__crt_unique_heap_ptr@XU__crt_internal_free_policy@@@@QAEXXZ 1001917f f i libvcruntime:std_type_info.obj
 0001:00018193       ___std_type_info_compare   10019193 f   libvcruntime:std_type_info.obj
 0001:000181de       ___std_type_info_destroy_list 100191de f   libvcruntime:std_type_info.obj
 0001:00018209       ___std_type_info_hash      10019209 f   libvcruntime:std_type_info.obj
 0001:00018238       ___std_type_info_name      10019238 f   libvcruntime:std_type_info.obj
 0001:00018340       __local_unwind4            10019340 f   libvcruntime:_exsup4_.obj
 0001:00018416       __seh_longjmp_unwind4@4    10019416 f   libvcruntime:_exsup4_.obj
 0001:0001843e       @_EH4_CallFilterFunc@8     1001943e f   libvcruntime:_exsup4_.obj
 0001:00018455       @_EH4_TransferToHandler@8  10019455 f   libvcruntime:_exsup4_.obj
 0001:0001846e       @_EH4_GlobalUnwind2@8      1001946e f   libvcruntime:_exsup4_.obj
 0001:00018487       @_EH4_LocalUnwind@16       10019487 f   libvcruntime:_exsup4_.obj
 0001:000184f5       ___except_validate_context_record 100194f5 f   libvcruntime:jbcxrval.obj
 0001:000184f6       ___except_validate_jump_buffer 100194f6 f   libvcruntime:jbcxrval.obj
 0001:000184f7       ??$?RU__vcrt_ptd@@@__crt_internal_free_policy@@QBEXQBU__vcrt_ptd@@@Z 100194f7 f i libvcruntime:per_thread_data.obj
 0001:0001850b       ??0?$__crt_unique_heap_ptr@U__vcrt_ptd@@U__crt_internal_free_policy@@@@QAE@QAU__vcrt_ptd@@@Z 1001950b f i libvcruntime:per_thread_data.obj
 0001:0001852e       ??1?$__crt_unique_heap_ptr@U__vcrt_ptd@@U__crt_internal_free_policy@@@@QAE@XZ 1001952e f i libvcruntime:per_thread_data.obj
 0001:0001854d       ??B?$__crt_unique_heap_ptr@U__vcrt_ptd@@U__crt_internal_free_policy@@@@QBE_NXZ 1001954d f i libvcruntime:per_thread_data.obj
 0001:00018554       ?detach@?$__crt_unique_heap_ptr@U__vcrt_ptd@@U__crt_internal_free_policy@@@@QAEPAU__vcrt_ptd@@XZ 10019554 f i libvcruntime:per_thread_data.obj
 0001:0001855a       ?get@?$__crt_unique_heap_ptr@U__vcrt_ptd@@U__crt_internal_free_policy@@@@QBEPAU__vcrt_ptd@@XZ 1001955a f i libvcruntime:per_thread_data.obj
 0001:0001855d       ?is_valid@?$__crt_unique_heap_ptr@U__vcrt_ptd@@U__crt_internal_free_policy@@@@QBE_NXZ 1001955d f i libvcruntime:per_thread_data.obj
 0001:00018564       ?release@?$__crt_unique_heap_ptr@U__vcrt_ptd@@U__crt_internal_free_policy@@@@QAEXXZ 10019564 f i libvcruntime:per_thread_data.obj
 0001:00018598       ___vcrt_freefls@4          10019598 f   libvcruntime:per_thread_data.obj
 0001:000185bb       ___vcrt_freeptd            100195bb f   libvcruntime:per_thread_data.obj
 0001:000185fe       ___vcrt_getptd             100195fe f   libvcruntime:per_thread_data.obj
 0001:0001860f       ___vcrt_getptd_noexit      1001960f f   libvcruntime:per_thread_data.obj
 0001:000186c5       ___vcrt_initialize_ptd     100196c5 f   libvcruntime:per_thread_data.obj
 0001:00018704       ___vcrt_uninitialize_ptd   10019704 f   libvcruntime:per_thread_data.obj
 0001:00018725       ___vcrt_initialize_locks   10019725 f   libvcruntime:locks.obj
 0001:00018770       ___vcrt_lock               10019770 f   libvcruntime:locks.obj
 0001:0001878a       ___vcrt_uninitialize_locks 1001978a f   libvcruntime:locks.obj
 0001:000187c4       ___vcrt_unlock             100197c4 f   libvcruntime:locks.obj
 0001:000187de       ??$?BX@__crt_fast_encoded_nullptr_t@@QBEPAXXZ 100197de f i libvcruntime:winapi_downlevel.obj
 0001:000187fc       ??$__crt_fast_decode_pointer@PAX@@YAPAXQAX@Z 100197fc f i libvcruntime:winapi_downlevel.obj
 0001:00018815       ??$__crt_fast_encode_pointer@PAX@@YAPAXQAX@Z 10019815 f i libvcruntime:winapi_downlevel.obj
 0001:00018839       ??$__crt_interlocked_compare_exchange_pointer@UHINSTANCE__@@$$T$$T@@YAPAUHINSTANCE__@@PDSAU0@$$T1@Z 10019839 f i libvcruntime:winapi_downlevel.obj
 0001:0001884f       ??$__crt_interlocked_compare_exchange_pointer@X$$T$$T@@YAPAXPDSAX$$T1@Z 1001984f f i libvcruntime:winapi_downlevel.obj
 0001:00018865       ??$__crt_interlocked_exchange_pointer@UHINSTANCE__@@PAU1@@@YAPAUHINSTANCE__@@PDSAU0@QAU0@@Z 10019865 f i libvcruntime:winapi_downlevel.obj
 0001:00018875       ??$__crt_interlocked_exchange_pointer@UHINSTANCE__@@PAX@@YAPAUHINSTANCE__@@PDSAU0@QAX@Z 10019875 f i libvcruntime:winapi_downlevel.obj
 0001:00018885       ??$__crt_interlocked_exchange_pointer@XPAX@@YAPAXPDSAXQAX@Z 10019885 f i libvcruntime:winapi_downlevel.obj
 0001:00018895       ??$__crt_interlocked_read_pointer@UHINSTANCE__@@@@YAPAUHINSTANCE__@@PDSAU0@@Z 10019895 f i libvcruntime:winapi_downlevel.obj
 0001:000188a9       ??$__crt_interlocked_read_pointer@X@@YAPAXPDSAX@Z 100198a9 f i libvcruntime:winapi_downlevel.obj
 0001:000188bd       ?__crt_fast_encode_pointer@@YA?AU__crt_fast_encoded_nullptr_t@@$$T@Z 100198bd f i libvcruntime:winapi_downlevel.obj
 0001:00018c01       ___vcrt_EventRegister      10019c01 f   libvcruntime:winapi_downlevel.obj
 0001:00018c51       ___vcrt_EventSetInformation 10019c51 f   libvcruntime:winapi_downlevel.obj
 0001:00018ca4       ___vcrt_EventUnregister    10019ca4 f   libvcruntime:winapi_downlevel.obj
 0001:00018cec       ___vcrt_EventWriteTransfer 10019cec f   libvcruntime:winapi_downlevel.obj
 0001:00018d47       ___vcrt_FlsAlloc           10019d47 f   libvcruntime:winapi_downlevel.obj
 0001:00018d8f       ___vcrt_FlsFree            10019d8f f   libvcruntime:winapi_downlevel.obj
 0001:00018dd7       ___vcrt_FlsGetValue        10019dd7 f   libvcruntime:winapi_downlevel.obj
 0001:00018e1f       ___vcrt_FlsSetValue        10019e1f f   libvcruntime:winapi_downlevel.obj
 0001:00018e6b       ___vcrt_InitializeCriticalSectionEx 10019e6b f   libvcruntime:winapi_downlevel.obj
 0001:00018ec2       ___vcrt_initialize_winapi_thunks 10019ec2 f   libvcruntime:winapi_downlevel.obj
 0001:00018f0a       ___vcrt_uninitialize_winapi_thunks 10019f0a f   libvcruntime:winapi_downlevel.obj
 0001:00018f48       ??$?B$$A6AXXZ@__crt_fast_encoded_nullptr_t@@QBEP6AXXZXZ 10019f48 f i libvcruntime:purevirt_data.obj
 0001:00018f66       ??$__crt_fast_encode_pointer@P6AXXZ@@YAP6AXXZQ6AXXZ@Z 10019f66 f i libvcruntime:purevirt_data.obj
 0001:00018f8a       ___vcrt_initialize_pure_virtual_call_handler 10019f8a f   libvcruntime:purevirt_data.obj
 0001:00018fae       ??$__vcrt_va_start_verify_argument_type@QBD@@YAXXZ 10019fae f i libvcruntime:undname.obj
 0001:00018faf       ??0Block@_HeapManager@@QAE@XZ 10019faf f i libvcruntime:undname.obj
 0001:00018fb5       ??0DName@@QAE@AAPBDD@Z     10019fb5 f   libvcruntime:undname.obj
 0001:0001909c       ??0DName@@QAE@ABV0@@Z      1001a09c f i libvcruntime:undname.obj
 0001:000190b7       ??0DName@@QAE@D@Z          1001a0b7 f   libvcruntime:undname.obj
 0001:000190ee       ??0DName@@QAE@PAV0@@Z      1001a0ee f   libvcruntime:undname.obj
 0001:0001914e       ??0DName@@QAE@PBD@Z        1001a14e f   libvcruntime:undname.obj
 0001:00019196       ??0DName@@QAE@W4DNameStatus@@@Z 1001a196 f   libvcruntime:undname.obj
 0001:000191e9       ??0DName@@QAE@XZ           1001a1e9 f i libvcruntime:undname.obj
 0001:000191fe       ??0DName@@QAE@_J@Z         1001a1fe f   libvcruntime:undname.obj
 0001:000192b8       ??0DName@@QAE@_K@Z         1001a2b8 f   libvcruntime:undname.obj
 0001:00019342       ??0DNameNode@@IAE@XZ       1001a342 f   libvcruntime:undname.obj
 0001:0001934d       ??0DNameStatusNode@@AAE@W4DNameStatus@@@Z 1001a34d f   libvcruntime:undname.obj
 0001:00019378       ??0Replicator@@QAE@XZ      1001a378 f i libvcruntime:undname.obj
 0001:0001937e       ??0UnDecorator@@QAE@PADPBDHP6APADJ@ZK@Z 1001a37e f i libvcruntime:undname.obj
 0001:00019401       ??0charNode@@QAE@D@Z       1001a401 f   libvcruntime:undname.obj
 0001:0001941b       ??0pDNameNode@@QAE@PAVDName@@@Z 1001a41b f   libvcruntime:undname.obj
 0001:0001944d       ??0pairNode@@QAE@PAVDNameNode@@0@Z 1001a44d f   libvcruntime:undname.obj
 0001:00019473       ??0pcharNode@@QAE@PBDH@Z   1001a473 f   libvcruntime:undname.obj
 0001:000194e2       ??2@YAPAXIAAV_HeapManager@@H@Z 1001a4e2 f i libvcruntime:undname.obj
 0001:000194fc       ??4DName@@QAEAAV0@ABV0@@Z  1001a4fc f   libvcruntime:undname.obj
 0001:00019517       ??4DName@@QAEAAV0@D@Z      1001a517 f i libvcruntime:undname.obj
 0001:0001954e       ??4DName@@QAEAAV0@PAV0@@Z  1001a54e f   libvcruntime:undname.obj
 0001:000195a9       ??4DName@@QAEAAV0@PBD@Z    1001a5a9 f   libvcruntime:undname.obj
 0001:000195e7       ??4DName@@QAEAAV0@W4DNameStatus@@@Z 1001a5e7 f   libvcruntime:undname.obj
 0001:00019629       ??AReplicator@@QBE?AVDName@@H@Z 1001a629 f   libvcruntime:undname.obj
 0001:00019674       ??BUnDecorator@@QAEPADXZ   1001a674 f i libvcruntime:undname.obj
 0001:0001984b       ??H@YA?AVDName@@DABV0@@Z   1001a84b f i libvcruntime:undname.obj
 0001:00019878       ??H@YA?AVDName@@PBDABV0@@Z 1001a878 f i libvcruntime:undname.obj
 0001:000198a5       ??H@YA?AVDName@@W4DNameStatus@@ABV0@@Z 1001a8a5 f i libvcruntime:undname.obj
 0001:000198d2       ??HDName@@QBE?AV0@ABV0@@Z  1001a8d2 f   libvcruntime:undname.obj
 0001:000198fc       ??HDName@@QBE?AV0@D@Z      1001a8fc f   libvcruntime:undname.obj
 0001:00019926       ??HDName@@QBE?AV0@PAV0@@Z  1001a926 f   libvcruntime:undname.obj
 0001:00019950       ??HDName@@QBE?AV0@PBD@Z    1001a950 f   libvcruntime:undname.obj
 0001:0001997a       ??HDName@@QBE?AV0@W4DNameStatus@@@Z 1001a97a f   libvcruntime:undname.obj
 0001:000199a4       ??YDName@@QAEAAV0@ABV0@@Z  1001a9a4 f   libvcruntime:undname.obj
 0001:000199f7       ??YDName@@QAEAAV0@D@Z      1001a9f7 f   libvcruntime:undname.obj
 0001:00019a5b       ??YDName@@QAEAAV0@PAV0@@Z  1001aa5b f   libvcruntime:undname.obj
 0001:00019ad9       ??YDName@@QAEAAV0@PBD@Z    1001aad9 f   libvcruntime:undname.obj
 0001:00019b52       ??YDName@@QAEAAV0@W4DNameStatus@@@Z 1001ab52 f   libvcruntime:undname.obj
 0001:00019ba2       ??YReplicator@@QAEAAV0@ABVDName@@@Z 1001aba2 f   libvcruntime:undname.obj
 0001:00019bfe       ??_5DName@@QAEAAV0@ABV0@@Z 1001abfe f   libvcruntime:undname.obj
 0001:00019c21       ?Constructor@_HeapManager@@QAEXP6APAXI@ZP6AXPAX@Z@Z 1001ac21 f i libvcruntime:undname.obj
 0001:00019c45       ?Destructor@_HeapManager@@QAEXXZ 1001ac45 f i libvcruntime:undname.obj
 0001:00019c8c       ?UScore@UnDecorator@@SAPBDW4Tokens@@@Z 1001ac8c f   libvcruntime:undname.obj
 0001:00019cb0       ?append@DName@@AAEXPAVDNameNode@@@Z 1001acb0 f   libvcruntime:undname.obj
 0001:00019d07       ?composeDeclaration@UnDecorator@@CA?AVDName@@ABV2@@Z 1001ad07 f i libvcruntime:undname.obj
 0001:0001ad42       ?doAccessSpecifiers@UnDecorator@@SAHXZ 1001bd42 f i libvcruntime:undname.obj
 0001:0001ad53       ?doAllocationLanguage@UnDecorator@@SAHXZ 1001bd53 f i libvcruntime:undname.obj
 0001:0001ad64       ?doAllocationModel@UnDecorator@@SAHXZ 1001bd64 f i libvcruntime:undname.obj
 0001:0001ad75       ?doEcsu@UnDecorator@@SAHXZ 1001bd75 f i libvcruntime:undname.obj
 0001:0001ad86       ?doEllipsis@UnDecorator@@SAHXZ 1001bd86 f i libvcruntime:undname.obj
 0001:0001ad97       ?doFunctionReturns@UnDecorator@@SAHXZ 1001bd97 f i libvcruntime:undname.obj
 0001:0001ada8       ?doMSKeywords@UnDecorator@@SAHXZ 1001bda8 f i libvcruntime:undname.obj
 0001:0001adb8       ?doMemberTypes@UnDecorator@@SAHXZ 1001bdb8 f i libvcruntime:undname.obj
 0001:0001adc9       ?doNameOnly@UnDecorator@@SAHXZ 1001bdc9 f i libvcruntime:undname.obj
 0001:0001add6       ?doNoIdentCharCheck@UnDecorator@@SAHXZ 1001bdd6 f i libvcruntime:undname.obj
 0001:0001ade3       ?doPchar@DName@@AAEXPBDH@Z 1001bde3 f   libvcruntime:undname.obj
 0001:0001ae8f       ?doPtr64@UnDecorator@@SAHXZ 1001be8f f i libvcruntime:undname.obj
 0001:0001aea0       ?doRestrictionSpec@UnDecorator@@SAHXZ 1001bea0 f i libvcruntime:undname.obj
 0001:0001aeb1       ?doThisTypes@UnDecorator@@SAHXZ 1001beb1 f i libvcruntime:undname.obj
 0001:0001aec7       ?doThrowTypes@UnDecorator@@SAHXZ 1001bec7 f i libvcruntime:undname.obj
 0001:0001aed8       ?doTypeOnly@UnDecorator@@SAHXZ 1001bed8 f i libvcruntime:undname.obj
 0001:0001aee5       ?doUnderScore@UnDecorator@@SAHXZ 1001bee5 f i libvcruntime:undname.obj
 0001:0001aef2       ?getArgumentList@UnDecorator@@CA?AVDName@@XZ 1001bef2 f   libvcruntime:undname.obj
 0001:0001b041       ?getArgumentTypes@UnDecorator@@CA?AVDName@@XZ 1001c041 f   libvcruntime:undname.obj
 0001:0001b159       ?getArrayType@UnDecorator@@CA?AVDName@@ABV2@@Z 1001c159 f i libvcruntime:undname.obj
 0001:0001b3db       ?getBasedType@UnDecorator@@CA?AVDName@@XZ 1001c3db f   libvcruntime:undname.obj
 0001:0001b49a       ?getBasicDataType@UnDecorator@@CA?AVDName@@ABV2@@Z 1001c49a f   libvcruntime:undname.obj
 0001:0001b984       ?getCallIndex@UnDecorator@@CA?AVDName@@XZ 1001c984 f i libvcruntime:undname.obj
 0001:0001b99d       ?getCallingConvention@UnDecorator@@CA?AVDName@@XZ 1001c99d f   libvcruntime:undname.obj
 0001:0001ba8b       ?getDataIndirectType@UnDecorator@@CA?AVDName@@ABV2@PBD0H@Z 1001ca8b f   libvcruntime:undname.obj
 0001:0001c236       ?getDataIndirectType@UnDecorator@@CA?AVDName@@XZ 1001d236 f i libvcruntime:undname.obj
 0001:0001c27d       ?getDataType@UnDecorator@@CA?AVDName@@PAV2@@Z 1001d27d f   libvcruntime:undname.obj
 0001:0001c383       ?getDecoratedName@UnDecorator@@CA?AVDName@@XZ 1001d383 f   libvcruntime:undname.obj
 0001:0001c662       ?getDimension@UnDecorator@@CA?AVDName@@_N@Z 1001d662 f   libvcruntime:undname.obj
 0001:0001c7e6       ?getDispatchTarget@UnDecorator@@CA?AVDName@@XZ 1001d7e6 f   libvcruntime:undname.obj
 0001:0001c857       ?getDisplacement@UnDecorator@@CA?AVDName@@XZ 1001d857 f i libvcruntime:undname.obj
 0001:0001c870       ?getECSUDataType@UnDecorator@@CA?AVDName@@XZ 1001d870 f   libvcruntime:undname.obj
 0001:0001c9d4       ?getECSUName@UnDecorator@@CA?AVDName@@XZ 1001d9d4 f i libvcruntime:undname.obj
 0001:0001c9e9       ?getEnumType@UnDecorator@@CA?AVDName@@XZ 1001d9e9 f i libvcruntime:undname.obj
 0001:0001cb10       ?getExtendedDataIndirectType@UnDecorator@@CA?AVDName@@AAPBDAA_NH@Z 1001db10 f   libvcruntime:undname.obj
 0001:0001cd23       ?getExternalDataType@UnDecorator@@CA?AVDName@@ABV2@@Z 1001dd23 f i libvcruntime:undname.obj
 0001:0001cdba       ?getFunctionIndirectType@UnDecorator@@CA?AVDName@@ABV2@@Z 1001ddba f   libvcruntime:undname.obj
 0001:0001d2c5       ?getGuardNumber@UnDecorator@@CA?AVDName@@XZ 1001e2c5 f i libvcruntime:undname.obj
 0001:0001d2de       ?getLastChar@DName@@QBEDXZ 1001e2de f i libvcruntime:undname.obj
 0001:0001d304       ?getLastChar@DNameStatusNode@@UBEDXZ 1001e304 f i libvcruntime:undname.obj
 0001:0001d313       ?getLastChar@charNode@@UBEDXZ 1001e313 f i libvcruntime:undname.obj
 0001:0001d317       ?getLastChar@pDNameNode@@UBEDXZ 1001e317 f i libvcruntime:undname.obj
 0001:0001d328       ?getLastChar@pairNode@@UBEDXZ 1001e328 f i libvcruntime:undname.obj
 0001:0001d367       ?getLastChar@pcharNode@@UBEDXZ 1001e367 f i libvcruntime:undname.obj
 0001:0001d37d       ?getLexicalFrame@UnDecorator@@CA?AVDName@@XZ 1001e37d f i libvcruntime:undname.obj
 0001:0001d3c9       ?getMemory@_HeapManager@@QAEPAXIH@Z 1001e3c9 f   libvcruntime:undname.obj
 0001:0001d47a       ?getNumberOfDimensions@UnDecorator@@CAHXZ 1001e47a f   libvcruntime:undname.obj
 0001:0001d4f3       ?getOperatorName@UnDecorator@@CA?AVDName@@_NPA_N@Z 1001e4f3 f i libvcruntime:undname.obj
 0001:0001dca3       ?getPointerType@UnDecorator@@CA?AVDName@@ABV2@0@Z 1001eca3 f i libvcruntime:undname.obj
 0001:0001dcc8       ?getPointerTypeArray@UnDecorator@@CA?AVDName@@ABV2@0@Z 1001ecc8 f i libvcruntime:undname.obj
 0001:0001dced       ?getPrimaryDataType@UnDecorator@@CA?AVDName@@ABV2@@Z 1001eced f   libvcruntime:undname.obj
 0001:0001df5e       ?getPtrRefDataType@UnDecorator@@CA?AVDName@@ABV2@H@Z 1001ef5e f   libvcruntime:undname.obj
 0001:0001e0a0       ?getPtrRefType@UnDecorator@@CA?AVDName@@ABV2@0PBD@Z 1001f0a0 f   libvcruntime:undname.obj
 0001:0001e1db       ?getReferenceType@UnDecorator@@CA?AVDName@@ABV2@0PBD@Z 1001f1db f i libvcruntime:undname.obj
 0001:0001e1fe       ?getRestrictionSpec@UnDecorator@@CA?AVDName@@XZ 1001f1fe f   libvcruntime:undname.obj
 0001:0001e32c       ?getReturnType@UnDecorator@@CA?AVDName@@PAV2@@Z 1001f32c f   libvcruntime:undname.obj
 0001:0001e366       ?getScope@UnDecorator@@CA?AVDName@@XZ 1001f366 f   libvcruntime:undname.obj
 0001:0001e83b       ?getScopedName@UnDecorator@@CA?AVDName@@XZ 1001f83b f   libvcruntime:undname.obj
 0001:0001e974       ?getSignedDimension@UnDecorator@@CA?AVDName@@XZ 1001f974 f   libvcruntime:undname.obj
 0001:0001e9db       ?getStorageConvention@UnDecorator@@CA?AVDName@@XZ 1001f9db f i libvcruntime:undname.obj
 0001:0001e9f0       ?getString@DName@@QBEPADPAD0@Z 1001f9f0 f i libvcruntime:undname.obj
 0001:0001ea27       ?getString@DName@@QBEPADPADH@Z 1001fa27 f i libvcruntime:undname.obj
 0001:0001ea92       ?getString@DNameStatusNode@@UBEPADPAD0@Z 1001fa92 f i libvcruntime:undname.obj
 0001:0001eac2       ?getString@charNode@@UBEPADPAD0@Z 1001fac2 f i libvcruntime:undname.obj
 0001:0001eadc       ?getString@pDNameNode@@UBEPADPAD0@Z 1001fadc f i libvcruntime:undname.obj
 0001:0001eaf8       ?getString@pairNode@@UBEPADPAD0@Z 1001faf8 f i libvcruntime:undname.obj
 0001:0001eb4d       ?getString@pcharNode@@UBEPADPAD0@Z 1001fb4d f i libvcruntime:undname.obj
 0001:0001eb6e       ?getStringEncoding@UnDecorator@@CA?AVDName@@PADH@Z 1001fb6e f   libvcruntime:undname.obj
 0001:0001ec39       ?getStringHelper@@YAPADPAD00H@Z 1001fc39 f i libvcruntime:undname.obj
 0001:0001ec7d       ?getSymbolName@UnDecorator@@CA?AVDName@@XZ 1001fc7d f i libvcruntime:undname.obj
 0001:0001ecd7       ?getTemplateArgumentList@UnDecorator@@CA?AVDName@@XZ 1001fcd7 f   libvcruntime:undname.obj
 0001:0001f024       ?getTemplateConstant@UnDecorator@@CA?AVDName@@XZ 10020024 f   libvcruntime:undname.obj
 0001:0001f439       ?getTemplateName@UnDecorator@@CA?AVDName@@_N@Z 10020439 f   libvcruntime:undname.obj
 0001:0001f5e4       ?getThisType@UnDecorator@@CA?AVDName@@XZ 100205e4 f i libvcruntime:undname.obj
 0001:0001f62c       ?getThrowTypes@UnDecorator@@CA?AVDName@@XZ 1002062c f   libvcruntime:undname.obj
 0001:0001f6d8       ?getTypeEncoding@UnDecorator@@CAHXZ 100206d8 f i libvcruntime:undname.obj
 0001:0001fad4       ?getVCallThunkType@UnDecorator@@CA?AVDName@@XZ 10020ad4 f i libvcruntime:undname.obj
 0001:0001fb1d       ?getVbTableType@UnDecorator@@CA?AVDName@@ABV2@@Z 10020b1d f i libvcruntime:undname.obj
 0001:0001fb37       ?getVdispMapType@UnDecorator@@CA?AVDName@@ABV2@@Z 10020b37 f i libvcruntime:undname.obj
 0001:0001fba2       ?getVfTableType@UnDecorator@@CA?AVDName@@ABV2@@Z 10020ba2 f i libvcruntime:undname.obj
 0001:0001fd60       ?getZName@UnDecorator@@CA?AVDName@@_N0@Z 10020d60 f   libvcruntime:undname.obj
 0001:00020030       ?haveTemplateParameters@UnDecorator@@SAHXZ 10021030 f i libvcruntime:undname.obj
 0001:0002003d       ?isArray@DName@@QBEHXZ     1002103d f i libvcruntime:undname.obj
 0001:00020049       ?isComArray@DName@@QBEHXZ  10021049 f i libvcruntime:undname.obj
 0001:00020055       ?isEmpty@DName@@QBEHXZ     10021055 f i libvcruntime:undname.obj
 0001:0002005f       ?isFull@Replicator@@QBEHXZ 1002105f f i libvcruntime:undname.obj
 0001:0002006a       ?isNoTE@DName@@QBEHXZ      1002106a f i libvcruntime:undname.obj
 0001:00020076       ?isPinPtr@DName@@QBEHXZ    10021076 f i libvcruntime:undname.obj
 0001:00020082       ?isPtrRef@DName@@QBEHXZ    10021082 f i libvcruntime:undname.obj
 0001:0002008e       ?isUDC@DName@@QBEHXZ       1002108e f i libvcruntime:undname.obj
 0001:000200a3       ?isUDTThunk@DName@@QBEHXZ  100210a3 f i libvcruntime:undname.obj
 0001:000200b8       ?isVCallThunk@DName@@QBEHXZ 100210b8 f i libvcruntime:undname.obj
 0001:000200c4       ?isValid@DName@@QBEHXZ     100210c4 f i libvcruntime:undname.obj
 0001:000200d0       ?length@DName@@QBEHXZ      100210d0 f i libvcruntime:undname.obj
 0001:000200f5       ?length@DNameStatusNode@@UBEHXZ 100210f5 f i libvcruntime:undname.obj
 0001:000200f9       ?length@charNode@@UBEHXZ   100210f9 f i libvcruntime:undname.obj
 0001:000200fd       ?length@pDNameNode@@UBEHXZ 100210fd f i libvcruntime:undname.obj
 0001:0002010e       ?length@pairNode@@UBEHXZ   1002110e f i libvcruntime:undname.obj
 0001:0002016a       ?length@pcharNode@@UBEHXZ  1002116a f i libvcruntime:undname.obj
 0001:0002016e       ?make@DNameStatusNode@@SAPAV1@W4DNameStatus@@@Z 1002116e f i libvcruntime:undname.obj
 0001:00020215       ?setIsArray@DName@@QAEXXZ  10021215 f i libvcruntime:undname.obj
 0001:0002021f       ?setIsComArray@DName@@QAEXXZ 1002121f f i libvcruntime:undname.obj
 0001:00020229       ?setIsNoTE@DName@@QAEXXZ   10021229 f i libvcruntime:undname.obj
 0001:00020233       ?setIsPinPtr@DName@@QAEXXZ 10021233 f i libvcruntime:undname.obj
 0001:0002023d       ?setIsUDC@DName@@QAEXXZ    1002123d f i libvcruntime:undname.obj
 0001:0002024d       ?setIsVCallThunk@DName@@QAEXXZ 1002124d f i libvcruntime:undname.obj
 0001:00020257       ?setPtrRef@DName@@QAEAAV1@XZ 10021257 f i libvcruntime:undname.obj
 0001:00020263       ?status@DName@@QBE?AW4DNameStatus@@XZ 10021263 f i libvcruntime:undname.obj
 0001:000202e8       ___unDName                 100212e8 f   libvcruntime:undname.obj
 0001:000203a2       ___unDNameEx               100213a2 f   libvcruntime:undname.obj
 0001:0002045c       __vsprintf_s_l             1002145c f i libvcruntime:undname.obj
 0001:00020494       _sprintf_s                 10021494 f i libvcruntime:undname.obj
 0001:000204c0       __global_unwind2           100214c0 f   libvcruntime:_exsup_.obj
 0001:00020525       __local_unwind2            10021525 f   libvcruntime:_exsup_.obj
 0001:000205a9       __abnormal_termination     100215a9 f   libvcruntime:_exsup_.obj
 0001:000205cc       __NLG_Notify1              100215cc f   libvcruntime:_exsup_.obj
 0001:000205d5       __NLG_Notify               100215d5 f   libvcruntime:_exsup_.obj
 0001:000205ec       __NLG_Dispatch             100215ec     libvcruntime:_exsup_.obj
 0001:000205ec       __NLG_Dispatch2            100215ec     libvcruntime:_exsup_.obj
 0001:000205f4       __NLG_Call                 100215f4 f   libvcruntime:_exsup_.obj
 0001:000205f6       __NLG_Return2              100215f6     libvcruntime:_exsup_.obj
 0001:00020644       ??$__crt_fast_decode_pointer@P6AXXZ@@YAP6AXXZQ6AXXZ@Z 10021644 f i libvcruntime:purevirt.obj
 0001:0002065d       ??$__crt_interlocked_compare_exchange_pointer@$$A6AXXZ$$T$$T@@YAP6AXXZPDS6AXXZ$$T1@Z 1002165d f i libvcruntime:purevirt.obj
 0001:00020673       ??$__crt_interlocked_exchange_pointer@$$A6AXXZP6AXXZ@@YAP6AXXZPDS6AXXZQ6AXXZ@Z 10021673 f i libvcruntime:purevirt.obj
 0001:00020683       ??$__crt_interlocked_read_pointer@$$A6AXXZ@@YAP6AXXZPDS6AXXZ@Z 10021683 f i libvcruntime:purevirt.obj
 0001:00020697       __get_purecall_handler     10021697 f   libvcruntime:purevirt.obj
 0001:000206bd       __purecall                 100216bd f   libvcruntime:purevirt.obj
 0001:000206de       __set_purecall_handler     100216de f   libvcruntime:purevirt.obj
 0001:0002070c       _malloc                    1002170c f   libucrt:malloc.obj
 0001:00020719       ??$?RPAU__crt_stdio_stream_data@@@__crt_internal_free_policy@@QBEXQBQAU__crt_stdio_stream_data@@@Z 10021719 f i libucrt:_file.obj
 0001:0002072f       ??0?$__crt_unique_heap_ptr@PAU__crt_stdio_stream_data@@U__crt_internal_free_policy@@@@QAE@QAPAU__crt_stdio_stream_data@@@Z 1002172f f i libucrt:_file.obj
 0001:00020743       ??0__crt_stdio_stream@@QAE@QAU_iobuf@@@Z 10021743 f i libucrt:_file.obj
 0001:00020757       ??1?$__crt_unique_heap_ptr@PAU__crt_stdio_stream_data@@U__crt_internal_free_policy@@@@QAE@XZ 10021757 f i libucrt:_file.obj
 0001:0002076d       ??C__crt_stdio_stream@@QBEPAU__crt_stdio_stream_data@@XZ 1002176d f i libucrt:_file.obj
 0001:00020770       ?detach@?$__crt_unique_heap_ptr@PAU__crt_stdio_stream_data@@U__crt_internal_free_policy@@@@QAEPAPAU__crt_stdio_stream_data@@XZ 10021770 f i libucrt:_file.obj
 0001:00020776       ?release@?$__crt_unique_heap_ptr@PAU__crt_stdio_stream_data@@U__crt_internal_free_policy@@@@QAEXXZ 10021776 f i libucrt:_file.obj
 0001:0002078c       ___acrt_initialize_stdio   1002178c f   libucrt:_file.obj
 0001:00020886       ___acrt_iob_func           10021886 f   libucrt:_file.obj
 0001:0002089a       ___acrt_uninitialize_stdio 1002189a f   libucrt:_file.obj
 0001:000208f9       __get_stream_buffer_pointers 100218f9 f   libucrt:_file.obj
 0001:00020950       __lock_file                10021950 f   libucrt:_file.obj
 0001:00020969       __unlock_file              10021969 f   libucrt:_file.obj
 0001:00020982       ??$?0ABV?$stream_output_adapter@D@__crt_stdio_output@@AB_KABQBDABQAU__crt_locale_pointers@@ABQAD@?$format_validation_base@DV?$stream_output_adapter@D@__crt_stdio_output@@@__crt_stdio_output@@IAE@ABV?$stream_output_adapter@D@1@AB_KABQBDABQAU__crt_locale_pointers@@ABQAD@Z 10021982 f i libucrt:output.obj
 0001:000209ad       ??$?0ABV?$stream_output_adapter@D@__crt_stdio_output@@AB_KABQBDABQAU__crt_locale_pointers@@ABQAD@?$positional_parameter_base@DV?$stream_output_adapter@D@__crt_stdio_output@@@__crt_stdio_output@@IAE@ABV?$stream_output_adapter@D@1@AB_KABQBDABQAU__crt_locale_pointers@@ABQAD@Z 100219ad f i libucrt:output.obj
 0001:00020a07       ??$?0ABV?$stream_output_adapter@D@__crt_stdio_output@@AB_KABQBDABQAU__crt_locale_pointers@@ABQAD@?$standard_base@DV?$stream_output_adapter@D@__crt_stdio_output@@@__crt_stdio_output@@IAE@ABV?$stream_output_adapter@D@1@AB_KABQBDABQAU__crt_locale_pointers@@ABQAD@Z 10021a07 f i libucrt:output.obj
 0001:00020a49       ??$?0ABV?$stream_output_adapter@_W@__crt_stdio_output@@AB_KABQB_WABQAU__crt_locale_pointers@@ABQAD@?$format_validation_base@_WV?$stream_output_adapter@_W@__crt_stdio_output@@@__crt_stdio_output@@IAE@ABV?$stream_output_adapter@_W@1@AB_KABQB_WABQAU__crt_locale_pointers@@ABQAD@Z 10021a49 f i libucrt:output.obj
 0001:00020a74       ??$?0ABV?$stream_output_adapter@_W@__crt_stdio_output@@AB_KABQB_WABQAU__crt_locale_pointers@@ABQAD@?$positional_parameter_base@_WV?$stream_output_adapter@_W@__crt_stdio_output@@@__crt_stdio_output@@IAE@ABV?$stream_output_adapter@_W@1@AB_KABQB_WABQAU__crt_locale_pointers@@ABQAD@Z 10021a74 f i libucrt:output.obj
 0001:00020ace       ??$?0ABV?$stream_output_adapter@_W@__crt_stdio_output@@AB_KABQB_WABQAU__crt_locale_pointers@@ABQAD@?$standard_base@_WV?$stream_output_adapter@_W@__crt_stdio_output@@@__crt_stdio_output@@IAE@ABV?$stream_output_adapter@_W@1@AB_KABQB_WABQAU__crt_locale_pointers@@ABQAD@Z 10021ace f i libucrt:output.obj
 0001:00020b10       ??$?0ABV?$string_output_adapter@D@__crt_stdio_output@@AB_KABQBDABQAU__crt_locale_pointers@@ABQAD@?$format_validation_base@DV?$string_output_adapter@D@__crt_stdio_output@@@__crt_stdio_output@@IAE@ABV?$string_output_adapter@D@1@AB_KABQBDABQAU__crt_locale_pointers@@ABQAD@Z 10021b10 f i libucrt:output.obj
 0001:00020b3b       ??$?0ABV?$string_output_adapter@D@__crt_stdio_output@@AB_KABQBDABQAU__crt_locale_pointers@@ABQAD@?$positional_parameter_base@DV?$string_output_adapter@D@__crt_stdio_output@@@__crt_stdio_output@@IAE@ABV?$string_output_adapter@D@1@AB_KABQBDABQAU__crt_locale_pointers@@ABQAD@Z 10021b3b f i libucrt:output.obj
 0001:00020b95       ??$?0ABV?$string_output_adapter@D@__crt_stdio_output@@AB_KABQBDABQAU__crt_locale_pointers@@ABQAD@?$standard_base@DV?$string_output_adapter@D@__crt_stdio_output@@@__crt_stdio_output@@IAE@ABV?$string_output_adapter@D@1@AB_KABQBDABQAU__crt_locale_pointers@@ABQAD@Z 10021b95 f i libucrt:output.obj
 0001:00020bd7       ??$?0ABV?$string_output_adapter@_W@__crt_stdio_output@@AB_KABQB_WABQAU__crt_locale_pointers@@ABQAD@?$format_validation_base@_WV?$string_output_adapter@_W@__crt_stdio_output@@@__crt_stdio_output@@IAE@ABV?$string_output_adapter@_W@1@AB_KABQB_WABQAU__crt_locale_pointers@@ABQAD@Z 10021bd7 f i libucrt:output.obj
 0001:00020c02       ??$?0ABV?$string_output_adapter@_W@__crt_stdio_output@@AB_KABQB_WABQAU__crt_locale_pointers@@ABQAD@?$positional_parameter_base@_WV?$string_output_adapter@_W@__crt_stdio_output@@@__crt_stdio_output@@IAE@ABV?$string_output_adapter@_W@1@AB_KABQB_WABQAU__crt_locale_pointers@@ABQAD@Z 10021c02 f i libucrt:output.obj
 0001:00020c5c       ??$?0ABV?$string_output_adapter@_W@__crt_stdio_output@@AB_KABQB_WABQAU__crt_locale_pointers@@ABQAD@?$standard_base@_WV?$string_output_adapter@_W@__crt_stdio_output@@@__crt_stdio_output@@IAE@ABV?$string_output_adapter@_W@1@AB_KABQB_WABQAU__crt_locale_pointers@@ABQAD@Z 10021c5c f i libucrt:output.obj
 0001:00020c9e       ??$?RV<lambda_2293f24e3ce1ad6fe22ccfb9dec07671>@@AAV<lambda_2565fc715a641e539f44ad02d6823606>@@V<lambda_d3217f279b832965d9ca670dc2993570>@@@?$__crt_seh_guarded_call@H@@QAEH$$QAV<lambda_2293f24e3ce1ad6fe22ccfb9dec07671>@@AAV<lambda_2565fc715a641e539f44ad02d6823606>@@$$QAV<lambda_d3217f279b832965d9ca670dc2993570>@@@Z 10021c9e f i libucrt:output.obj
 0001:00020d03       ??$?RV<lambda_4d4ac866be0fa3c441830420fabdd2cb>@@AAV<lambda_63a10c2dc8dbb9e4dd1890be52af7c93>@@V<lambda_002af9fa0f8fe472b648c51882d4fc32>@@@?$__crt_seh_guarded_call@H@@QAEH$$QAV<lambda_4d4ac866be0fa3c441830420fabdd2cb>@@AAV<lambda_63a10c2dc8dbb9e4dd1890be52af7c93>@@$$QAV<lambda_002af9fa0f8fe472b648c51882d4fc32>@@@Z 10021d03 f i libucrt:output.obj
 0001:00020d68       ??$?RV<lambda_5be909dfbae0a631386585770cd7b676>@@AAV<lambda_e516058a9c289d98c8ca9fea99247804>@@V<lambda_afe2e0cdc5e0ecf6f0d6f5e2f8985e38>@@@?$__crt_seh_guarded_call@H@@QAEH$$QAV<lambda_5be909dfbae0a631386585770cd7b676>@@AAV<lambda_e516058a9c289d98c8ca9fea99247804>@@$$QAV<lambda_afe2e0cdc5e0ecf6f0d6f5e2f8985e38>@@@Z 10021d68 f i libucrt:output.obj
 0001:00020dcd       ??$?RV<lambda_823d65812123d985753d53e2a8c25d20>@@AAV<lambda_0a97c9e57da7be065955385c79108ff2>@@V<lambda_4d2973f3ad2d226f00468307185dca1b>@@@?$__crt_seh_guarded_call@H@@QAEH$$QAV<lambda_823d65812123d985753d53e2a8c25d20>@@AAV<lambda_0a97c9e57da7be065955385c79108ff2>@@$$QAV<lambda_4d2973f3ad2d226f00468307185dca1b>@@@Z 10021dcd f i libucrt:output.obj
 0001:00020e32       ??$?RV<lambda_ab9923ffb5d694ec0d78876dd103e44f>@@AAV<lambda_481dd5778c961fbcd3b60b650e9b9dc4>@@V<lambda_7923d86c9e3f319b415918ec4b39749c>@@@?$__crt_seh_guarded_call@H@@QAEH$$QAV<lambda_ab9923ffb5d694ec0d78876dd103e44f>@@AAV<lambda_481dd5778c961fbcd3b60b650e9b9dc4>@@$$QAV<lambda_7923d86c9e3f319b415918ec4b39749c>@@@Z 10021e32 f i libucrt:output.obj
 0001:00020e97       ??$?RV<lambda_db08b09ef7aa9d4f8620ce68402612bc>@@AAV<lambda_4f2c1eaeead2a5fc776db5b62ea0fb9b>@@V<lambda_3ae262bc35d4ba6a3825c4f6bcaaf95c>@@@?$__crt_seh_guarded_call@H@@QAEH$$QAV<lambda_db08b09ef7aa9d4f8620ce68402612bc>@@AAV<lambda_4f2c1eaeead2a5fc776db5b62ea0fb9b>@@$$QAV<lambda_3ae262bc35d4ba6a3825c4f6bcaaf95c>@@@Z 10021e97 f i libucrt:output.obj
 0001:00020efc       ??$__acrt_lock_stream_and_call@V<lambda_0a97c9e57da7be065955385c79108ff2>@@@@YAHQAU_iobuf@@$$QAV<lambda_0a97c9e57da7be065955385c79108ff2>@@@Z 10021efc f i libucrt:output.obj
 0001:00020f2e       ??$__acrt_lock_stream_and_call@V<lambda_2565fc715a641e539f44ad02d6823606>@@@@YAHQAU_iobuf@@$$QAV<lambda_2565fc715a641e539f44ad02d6823606>@@@Z 10021f2e f i libucrt:output.obj
 0001:00020f60       ??$__acrt_lock_stream_and_call@V<lambda_481dd5778c961fbcd3b60b650e9b9dc4>@@@@YAHQAU_iobuf@@$$QAV<lambda_481dd5778c961fbcd3b60b650e9b9dc4>@@@Z 10021f60 f i libucrt:output.obj
 0001:00020f92       ??$__acrt_lock_stream_and_call@V<lambda_4f2c1eaeead2a5fc776db5b62ea0fb9b>@@@@YAHQAU_iobuf@@$$QAV<lambda_4f2c1eaeead2a5fc776db5b62ea0fb9b>@@@Z 10021f92 f i libucrt:output.obj
 0001:00020fc4       ??$__acrt_lock_stream_and_call@V<lambda_63a10c2dc8dbb9e4dd1890be52af7c93>@@@@YAHQAU_iobuf@@$$QAV<lambda_63a10c2dc8dbb9e4dd1890be52af7c93>@@@Z 10021fc4 f i libucrt:output.obj
 0001:00020ff6       ??$__acrt_lock_stream_and_call@V<lambda_e516058a9c289d98c8ca9fea99247804>@@@@YAHQAU_iobuf@@$$QAV<lambda_e516058a9c289d98c8ca9fea99247804>@@@Z 10021ff6 f i libucrt:output.obj
 0001:00021028       ??$__crt_interlocked_read@J@@YAJPDJ@Z 10022028 f i libucrt:output.obj
 0001:00022273       ??$count@D@formatting_buffer@__crt_stdio_output@@QBEIXZ 10023273 f i libucrt:output.obj
 0001:00022291       ??$data@D@formatting_buffer@__crt_stdio_output@@QAEPADXZ 10023291 f i libucrt:output.obj
 0001:000222a1       ??$data@_W@formatting_buffer@__crt_stdio_output@@QAEPA_WXZ 100232a1 f i libucrt:output.obj
 0001:000222b1       ??$ensure_buffer_is_big_enough@D@formatting_buffer@__crt_stdio_output@@QAE_NI@Z 100232b1 f i libucrt:output.obj
 0001:00022358       ??$extract_argument_from_va_list@C_J@?$positional_parameter_base@DV?$stream_output_adapter@D@__crt_stdio_output@@@__crt_stdio_output@@IAE_NAA_J@Z 10023358 f i libucrt:output.obj
 0001:000223f6       ??$extract_argument_from_va_list@C_J@?$positional_parameter_base@DV?$string_output_adapter@D@__crt_stdio_output@@@__crt_stdio_output@@IAE_NAA_J@Z 100233f6 f i libucrt:output.obj
 0001:00022494       ??$extract_argument_from_va_list@C_J@?$positional_parameter_base@_WV?$stream_output_adapter@_W@__crt_stdio_output@@@__crt_stdio_output@@IAE_NAA_J@Z 10023494 f i libucrt:output.obj
 0001:00022532       ??$extract_argument_from_va_list@C_J@?$positional_parameter_base@_WV?$string_output_adapter@_W@__crt_stdio_output@@@__crt_stdio_output@@IAE_NAA_J@Z 10023532 f i libucrt:output.obj
 0001:000225d0       ??$extract_argument_from_va_list@C_J@?$standard_base@DV?$stream_output_adapter@D@__crt_stdio_output@@@__crt_stdio_output@@IAE_NAA_J@Z 100235d0 f i libucrt:output.obj
 0001:000225f6       ??$extract_argument_from_va_list@C_J@?$standard_base@DV?$string_output_adapter@D@__crt_stdio_output@@@__crt_stdio_output@@IAE_NAA_J@Z 100235f6 f i libucrt:output.obj
 0001:0002261c       ??$extract_argument_from_va_list@C_J@?$standard_base@_WV?$stream_output_adapter@_W@__crt_stdio_output@@@__crt_stdio_output@@IAE_NAA_J@Z 1002361c f i libucrt:output.obj
 0001:00022642       ??$extract_argument_from_va_list@C_J@?$standard_base@_WV?$string_output_adapter@_W@__crt_stdio_output@@@__crt_stdio_output@@IAE_NAA_J@Z 10023642 f i libucrt:output.obj
 0001:00022668       ??$extract_argument_from_va_list@E_J@?$positional_parameter_base@DV?$stream_output_adapter@D@__crt_stdio_output@@@__crt_stdio_output@@IAE_NAA_J@Z 10023668 f i libucrt:output.obj
 0001:00022706       ??$extract_argument_from_va_list@E_J@?$positional_parameter_base@DV?$string_output_adapter@D@__crt_stdio_output@@@__crt_stdio_output@@IAE_NAA_J@Z 10023706 f i libucrt:output.obj
 0001:000227a4       ??$extract_argument_from_va_list@E_J@?$positional_parameter_base@_WV?$stream_output_adapter@_W@__crt_stdio_output@@@__crt_stdio_output@@IAE_NAA_J@Z 100237a4 f i libucrt:output.obj
 0001:00022842       ??$extract_argument_from_va_list@E_J@?$positional_parameter_base@_WV?$string_output_adapter@_W@__crt_stdio_output@@@__crt_stdio_output@@IAE_NAA_J@Z 10023842 f i libucrt:output.obj
 0001:000228e0       ??$extract_argument_from_va_list@E_J@?$standard_base@DV?$stream_output_adapter@D@__crt_stdio_output@@@__crt_stdio_output@@IAE_NAA_J@Z 100238e0 f i libucrt:output.obj
 0001:00022906       ??$extract_argument_from_va_list@E_J@?$standard_base@DV?$string_output_adapter@D@__crt_stdio_output@@@__crt_stdio_output@@IAE_NAA_J@Z 10023906 f i libucrt:output.obj
 0001:0002292c       ??$extract_argument_from_va_list@E_J@?$standard_base@_WV?$stream_output_adapter@_W@__crt_stdio_output@@@__crt_stdio_output@@IAE_NAA_J@Z 1002392c f i libucrt:output.obj
 0001:00022952       ??$extract_argument_from_va_list@E_J@?$standard_base@_WV?$string_output_adapter@_W@__crt_stdio_output@@@__crt_stdio_output@@IAE_NAA_J@Z 10023952 f i libucrt:output.obj
 0001:00022978       ??$extract_argument_from_va_list@F_J@?$positional_parameter_base@DV?$stream_output_adapter@D@__crt_stdio_output@@@__crt_stdio_output@@IAE_NAA_J@Z 10023978 f i libucrt:output.obj
 0001:00022a16       ??$extract_argument_from_va_list@F_J@?$positional_parameter_base@DV?$string_output_adapter@D@__crt_stdio_output@@@__crt_stdio_output@@IAE_NAA_J@Z 10023a16 f i libucrt:output.obj
 0001:00022ab4       ??$extract_argument_from_va_list@F_J@?$positional_parameter_base@_WV?$stream_output_adapter@_W@__crt_stdio_output@@@__crt_stdio_output@@IAE_NAA_J@Z 10023ab4 f i libucrt:output.obj
 0001:00022b52       ??$extract_argument_from_va_list@F_J@?$positional_parameter_base@_WV?$string_output_adapter@_W@__crt_stdio_output@@@__crt_stdio_output@@IAE_NAA_J@Z 10023b52 f i libucrt:output.obj
 0001:00022bf0       ??$extract_argument_from_va_list@F_J@?$standard_base@DV?$stream_output_adapter@D@__crt_stdio_output@@@__crt_stdio_output@@IAE_NAA_J@Z 10023bf0 f i libucrt:output.obj
 0001:00022c16       ??$extract_argument_from_va_list@F_J@?$standard_base@DV?$string_output_adapter@D@__crt_stdio_output@@@__crt_stdio_output@@IAE_NAA_J@Z 10023c16 f i libucrt:output.obj
 0001:00022c3c       ??$extract_argument_from_va_list@F_J@?$standard_base@_WV?$stream_output_adapter@_W@__crt_stdio_output@@@__crt_stdio_output@@IAE_NAA_J@Z 10023c3c f i libucrt:output.obj
 0001:00022c62       ??$extract_argument_from_va_list@F_J@?$standard_base@_WV?$string_output_adapter@_W@__crt_stdio_output@@@__crt_stdio_output@@IAE_NAA_J@Z 10023c62 f i libucrt:output.obj
 0001:00022c88       ??$extract_argument_from_va_list@GD@?$positional_parameter_base@DV?$stream_output_adapter@D@__crt_stdio_output@@@__crt_stdio_output@@IAE_NAAD@Z 10023c88 f i libucrt:output.obj
 0001:00022d25       ??$extract_argument_from_va_list@GD@?$positional_parameter_base@DV?$string_output_adapter@D@__crt_stdio_output@@@__crt_stdio_output@@IAE_NAAD@Z 10023d25 f i libucrt:output.obj
 0001:00022dc2       ??$extract_argument_from_va_list@GD@?$standard_base@DV?$stream_output_adapter@D@__crt_stdio_output@@@__crt_stdio_output@@IAE_NAAD@Z 10023dc2 f i libucrt:output.obj
 0001:00022de2       ??$extract_argument_from_va_list@GD@?$standard_base@DV?$string_output_adapter@D@__crt_stdio_output@@@__crt_stdio_output@@IAE_NAAD@Z 10023de2 f i libucrt:output.obj
 0001:00022e02       ??$extract_argument_from_va_list@G_J@?$positional_parameter_base@DV?$stream_output_adapter@D@__crt_stdio_output@@@__crt_stdio_output@@IAE_NAA_J@Z 10023e02 f i libucrt:output.obj
 0001:00022ea0       ??$extract_argument_from_va_list@G_J@?$positional_parameter_base@DV?$string_output_adapter@D@__crt_stdio_output@@@__crt_stdio_output@@IAE_NAA_J@Z 10023ea0 f i libucrt:output.obj
 0001:00022f3e       ??$extract_argument_from_va_list@G_J@?$positional_parameter_base@_WV?$stream_output_adapter@_W@__crt_stdio_output@@@__crt_stdio_output@@IAE_NAA_J@Z 10023f3e f i libucrt:output.obj
 0001:00022fdc       ??$extract_argument_from_va_list@G_J@?$positional_parameter_base@_WV?$string_output_adapter@_W@__crt_stdio_output@@@__crt_stdio_output@@IAE_NAA_J@Z 10023fdc f i libucrt:output.obj
 0001:0002307a       ??$extract_argument_from_va_list@G_J@?$standard_base@DV?$stream_output_adapter@D@__crt_stdio_output@@@__crt_stdio_output@@IAE_NAA_J@Z 1002407a f i libucrt:output.obj
 0001:000230a0       ??$extract_argument_from_va_list@G_J@?$standard_base@DV?$string_output_adapter@D@__crt_stdio_output@@@__crt_stdio_output@@IAE_NAA_J@Z 100240a0 f i libucrt:output.obj
 0001:000230c6       ??$extract_argument_from_va_list@G_J@?$standard_base@_WV?$stream_output_adapter@_W@__crt_stdio_output@@@__crt_stdio_output@@IAE_NAA_J@Z 100240c6 f i libucrt:output.obj
 0001:000230ec       ??$extract_argument_from_va_list@G_J@?$standard_base@_WV?$string_output_adapter@_W@__crt_stdio_output@@@__crt_stdio_output@@IAE_NAA_J@Z 100240ec f i libucrt:output.obj
 0001:00023112       ??$extract_argument_from_va_list@H_J@?$positional_parameter_base@DV?$stream_output_adapter@D@__crt_stdio_output@@@__crt_stdio_output@@IAE_NAA_J@Z 10024112 f i libucrt:output.obj
 0001:000231ae       ??$extract_argument_from_va_list@H_J@?$positional_parameter_base@DV?$string_output_adapter@D@__crt_stdio_output@@@__crt_stdio_output@@IAE_NAA_J@Z 100241ae f i libucrt:output.obj
 0001:0002324a       ??$extract_argument_from_va_list@H_J@?$positional_parameter_base@_WV?$stream_output_adapter@_W@__crt_stdio_output@@@__crt_stdio_output@@IAE_NAA_J@Z 1002424a f i libucrt:output.obj
 0001:000232e6       ??$extract_argument_from_va_list@H_J@?$positional_parameter_base@_WV?$string_output_adapter@_W@__crt_stdio_output@@@__crt_stdio_output@@IAE_NAA_J@Z 100242e6 f i libucrt:output.obj
 0001:00023382       ??$extract_argument_from_va_list@H_J@?$standard_base@DV?$stream_output_adapter@D@__crt_stdio_output@@@__crt_stdio_output@@IAE_NAA_J@Z 10024382 f i libucrt:output.obj
 0001:000233a7       ??$extract_argument_from_va_list@H_J@?$standard_base@DV?$string_output_adapter@D@__crt_stdio_output@@@__crt_stdio_output@@IAE_NAA_J@Z 100243a7 f i libucrt:output.obj
 0001:000233cc       ??$extract_argument_from_va_list@H_J@?$standard_base@_WV?$stream_output_adapter@_W@__crt_stdio_output@@@__crt_stdio_output@@IAE_NAA_J@Z 100243cc f i libucrt:output.obj
 0001:000233f1       ??$extract_argument_from_va_list@H_J@?$standard_base@_WV?$string_output_adapter@_W@__crt_stdio_output@@@__crt_stdio_output@@IAE_NAA_J@Z 100243f1 f i libucrt:output.obj
 0001:00023416       ??$extract_argument_from_va_list@I_J@?$positional_parameter_base@DV?$stream_output_adapter@D@__crt_stdio_output@@@__crt_stdio_output@@IAE_NAA_J@Z 10024416 f i libucrt:output.obj
 0001:000234bd       ??$extract_argument_from_va_list@I_J@?$positional_parameter_base@DV?$string_output_adapter@D@__crt_stdio_output@@@__crt_stdio_output@@IAE_NAA_J@Z 100244bd f i libucrt:output.obj
 0001:00023564       ??$extract_argument_from_va_list@I_J@?$positional_parameter_base@_WV?$stream_output_adapter@_W@__crt_stdio_output@@@__crt_stdio_output@@IAE_NAA_J@Z 10024564 f i libucrt:output.obj
 0001:0002360b       ??$extract_argument_from_va_list@I_J@?$positional_parameter_base@_WV?$string_output_adapter@_W@__crt_stdio_output@@@__crt_stdio_output@@IAE_NAA_J@Z 1002460b f i libucrt:output.obj
 0001:000236b2       ??$extract_argument_from_va_list@I_J@?$standard_base@DV?$stream_output_adapter@D@__crt_stdio_output@@@__crt_stdio_output@@IAE_NAA_J@Z 100246b2 f i libucrt:output.obj
 0001:000236d7       ??$extract_argument_from_va_list@I_J@?$standard_base@DV?$string_output_adapter@D@__crt_stdio_output@@@__crt_stdio_output@@IAE_NAA_J@Z 100246d7 f i libucrt:output.obj
 0001:000236fc       ??$extract_argument_from_va_list@I_J@?$standard_base@_WV?$stream_output_adapter@_W@__crt_stdio_output@@@__crt_stdio_output@@IAE_NAA_J@Z 100246fc f i libucrt:output.obj
 0001:00023721       ??$extract_argument_from_va_list@I_J@?$standard_base@_WV?$string_output_adapter@_W@__crt_stdio_output@@@__crt_stdio_output@@IAE_NAA_J@Z 10024721 f i libucrt:output.obj
 0001:00023746       ??$extract_argument_from_va_list@PADPAD@?$positional_parameter_base@DV?$stream_output_adapter@D@__crt_stdio_output@@@__crt_stdio_output@@IAE_NAAPAD@Z 10024746 f i libucrt:output.obj
 0001:000237e3       ??$extract_argument_from_va_list@PADPAD@?$positional_parameter_base@DV?$string_output_adapter@D@__crt_stdio_output@@@__crt_stdio_output@@IAE_NAAPAD@Z 100247e3 f i libucrt:output.obj
 0001:00023880       ??$extract_argument_from_va_list@PADPAD@?$positional_parameter_base@_WV?$stream_output_adapter@_W@__crt_stdio_output@@@__crt_stdio_output@@IAE_NAAPAD@Z 10024880 f i libucrt:output.obj
 0001:0002391d       ??$extract_argument_from_va_list@PADPAD@?$positional_parameter_base@_WV?$string_output_adapter@_W@__crt_stdio_output@@@__crt_stdio_output@@IAE_NAAPAD@Z 1002491d f i libucrt:output.obj
 0001:000239ba       ??$extract_argument_from_va_list@PADPAD@?$standard_base@DV?$stream_output_adapter@D@__crt_stdio_output@@@__crt_stdio_output@@IAE_NAAPAD@Z 100249ba f i libucrt:output.obj
 0001:000239da       ??$extract_argument_from_va_list@PADPAD@?$standard_base@DV?$string_output_adapter@D@__crt_stdio_output@@@__crt_stdio_output@@IAE_NAAPAD@Z 100249da f i libucrt:output.obj
 0001:000239fa       ??$extract_argument_from_va_list@PADPAD@?$standard_base@_WV?$stream_output_adapter@_W@__crt_stdio_output@@@__crt_stdio_output@@IAE_NAAPAD@Z 100249fa f i libucrt:output.obj
 0001:00023a1a       ??$extract_argument_from_va_list@PADPAD@?$standard_base@_WV?$string_output_adapter@_W@__crt_stdio_output@@@__crt_stdio_output@@IAE_NAAPAD@Z 10024a1a f i libucrt:output.obj
 0001:00023a3a       ??$extract_argument_from_va_list@PAUansi_string@?1??type_case_Z@?$output_processor@DV?$stream_output_adapter@D@__crt_stdio_output@@V?$format_validation_base@DV?$stream_output_adapter@D@__crt_stdio_output@@@2@@__crt_stdio_output@@AAE_NXZ@PAU1?1??234@AAE_NXZ@@?$standard_base@DV?$stream_output_adapter@D@__crt_stdio_output@@@__crt_stdio_output@@IAE_NAAPAUansi_string@?1??type_case_Z@?$output_processor@DV?$stream_output_adapter@D@__crt_stdio_output@@V?$format_validation_base@DV?$stream_output_adapter@D@__crt_stdio_output@@@2@@1@AAE_NXZ@@Z 10024a3a f i libucrt:output.obj
 0001:00023a5a       ??$extract_argument_from_va_list@PAUansi_string@?1??type_case_Z@?$output_processor@DV?$stream_output_adapter@D@__crt_stdio_output@@V?$positional_parameter_base@DV?$stream_output_adapter@D@__crt_stdio_output@@@2@@__crt_stdio_output@@AAE_NXZ@PAU1?1??234@AAE_NXZ@@?$positional_parameter_base@DV?$stream_output_adapter@D@__crt_stdio_output@@@__crt_stdio_output@@IAE_NAAPAUansi_string@?1??type_case_Z@?$output_processor@DV?$stream_output_adapter@D@__crt_stdio_output@@V?$positional_parameter_base@DV?$stream_output_adapter@D@__crt_stdio_output@@@2@@1@AAE_NXZ@@Z 10024a5a f i libucrt:output.obj
 0001:00023af7       ??$extract_argument_from_va_list@PAUansi_string@?1??type_case_Z@?$output_processor@DV?$stream_output_adapter@D@__crt_stdio_output@@V?$positional_parameter_base@DV?$stream_output_adapter@D@__crt_stdio_output@@@2@@__crt_stdio_output@@AAE_NXZ@PAU1?1??234@AAE_NXZ@@?$standard_base@DV?$stream_output_adapter@D@__crt_stdio_output@@@__crt_stdio_output@@IAE_NAAPAUansi_string@?1??type_case_Z@?$output_processor@DV?$stream_output_adapter@D@__crt_stdio_output@@V?$positional_parameter_base@DV?$stream_output_adapter@D@__crt_stdio_output@@@2@@1@AAE_NXZ@@Z 10024af7 f i libucrt:output.obj
 0001:00023b17       ??$extract_argument_from_va_list@PAUansi_string@?1??type_case_Z@?$output_processor@DV?$stream_output_adapter@D@__crt_stdio_output@@V?$standard_base@DV?$stream_output_adapter@D@__crt_stdio_output@@@2@@__crt_stdio_output@@AAE_NXZ@PAU1?1??234@AAE_NXZ@@?$standard_base@DV?$stream_output_adapter@D@__crt_stdio_output@@@__crt_stdio_output@@IAE_NAAPAUansi_string@?1??type_case_Z@?$output_processor@DV?$stream_output_adapter@D@__crt_stdio_output@@V?$standard_base@DV?$stream_output_adapter@D@__crt_stdio_output@@@2@@1@AAE_NXZ@@Z 10024b17 f i libucrt:output.obj
 0001:00023b37       ??$extract_argument_from_va_list@PAUansi_string@?1??type_case_Z@?$output_processor@DV?$string_output_adapter@D@__crt_stdio_output@@V?$format_validation_base@DV?$string_output_adapter@D@__crt_stdio_output@@@2@@__crt_stdio_output@@AAE_NXZ@PAU1?1??234@AAE_NXZ@@?$standard_base@DV?$string_output_adapter@D@__crt_stdio_output@@@__crt_stdio_output@@IAE_NAAPAUansi_string@?1??type_case_Z@?$output_processor@DV?$string_output_adapter@D@__crt_stdio_output@@V?$format_validation_base@DV?$string_output_adapter@D@__crt_stdio_output@@@2@@1@AAE_NXZ@@Z 10024b37 f i libucrt:output.obj
 0001:00023b57       ??$extract_argument_from_va_list@PAUansi_string@?1??type_case_Z@?$output_processor@DV?$string_output_adapter@D@__crt_stdio_output@@V?$positional_parameter_base@DV?$string_output_adapter@D@__crt_stdio_output@@@2@@__crt_stdio_output@@AAE_NXZ@PAU1?1??234@AAE_NXZ@@?$positional_parameter_base@DV?$string_output_adapter@D@__crt_stdio_output@@@__crt_stdio_output@@IAE_NAAPAUansi_string@?1??type_case_Z@?$output_processor@DV?$string_output_adapter@D@__crt_stdio_output@@V?$positional_parameter_base@DV?$string_output_adapter@D@__crt_stdio_output@@@2@@1@AAE_NXZ@@Z 10024b57 f i libucrt:output.obj
 0001:00023bf4       ??$extract_argument_from_va_list@PAUansi_string@?1??type_case_Z@?$output_processor@DV?$string_output_adapter@D@__crt_stdio_output@@V?$positional_parameter_base@DV?$string_output_adapter@D@__crt_stdio_output@@@2@@__crt_stdio_output@@AAE_NXZ@PAU1?1??234@AAE_NXZ@@?$standard_base@DV?$string_output_adapter@D@__crt_stdio_output@@@__crt_stdio_output@@IAE_NAAPAUansi_string@?1??type_case_Z@?$output_processor@DV?$string_output_adapter@D@__crt_stdio_output@@V?$positional_parameter_base@DV?$string_output_adapter@D@__crt_stdio_output@@@2@@1@AAE_NXZ@@Z 10024bf4 f i libucrt:output.obj
 0001:00023c14       ??$extract_argument_from_va_list@PAUansi_string@?1??type_case_Z@?$output_processor@DV?$string_output_adapter@D@__crt_stdio_output@@V?$standard_base@DV?$string_output_adapter@D@__crt_stdio_output@@@2@@__crt_stdio_output@@AAE_NXZ@PAU1?1??234@AAE_NXZ@@?$standard_base@DV?$string_output_adapter@D@__crt_stdio_output@@@__crt_stdio_output@@IAE_NAAPAUansi_string@?1??type_case_Z@?$output_processor@DV?$string_output_adapter@D@__crt_stdio_output@@V?$standard_base@DV?$string_output_adapter@D@__crt_stdio_output@@@2@@1@AAE_NXZ@@Z 10024c14 f i libucrt:output.obj
 0001:00023c34       ??$extract_argument_from_va_list@PAUansi_string@?1??type_case_Z@?$output_processor@_WV?$stream_output_adapter@_W@__crt_stdio_output@@V?$format_validation_base@_WV?$stream_output_adapter@_W@__crt_stdio_output@@@2@@__crt_stdio_output@@AAE_NXZ@PAU1?1??234@AAE_NXZ@@?$standard_base@_WV?$stream_output_adapter@_W@__crt_stdio_output@@@__crt_stdio_output@@IAE_NAAPAUansi_string@?1??type_case_Z@?$output_processor@_WV?$stream_output_adapter@_W@__crt_stdio_output@@V?$format_validation_base@_WV?$stream_output_adapter@_W@__crt_stdio_output@@@2@@1@AAE_NXZ@@Z 10024c34 f i libucrt:output.obj
 0001:00023c54       ??$extract_argument_from_va_list@PAUansi_string@?1??type_case_Z@?$output_processor@_WV?$stream_output_adapter@_W@__crt_stdio_output@@V?$positional_parameter_base@_WV?$stream_output_adapter@_W@__crt_stdio_output@@@2@@__crt_stdio_output@@AAE_NXZ@PAU1?1??234@AAE_NXZ@@?$positional_parameter_base@_WV?$stream_output_adapter@_W@__crt_stdio_output@@@__crt_stdio_output@@IAE_NAAPAUansi_string@?1??type_case_Z@?$output_processor@_WV?$stream_output_adapter@_W@__crt_stdio_output@@V?$positional_parameter_base@_WV?$stream_output_adapter@_W@__crt_stdio_output@@@2@@1@AAE_NXZ@@Z 10024c54 f i libucrt:output.obj
 0001:00023cf1       ??$extract_argument_from_va_list@PAUansi_string@?1??type_case_Z@?$output_processor@_WV?$stream_output_adapter@_W@__crt_stdio_output@@V?$positional_parameter_base@_WV?$stream_output_adapter@_W@__crt_stdio_output@@@2@@__crt_stdio_output@@AAE_NXZ@PAU1?1??234@AAE_NXZ@@?$standard_base@_WV?$stream_output_adapter@_W@__crt_stdio_output@@@__crt_stdio_output@@IAE_NAAPAUansi_string@?1??type_case_Z@?$output_processor@_WV?$stream_output_adapter@_W@__crt_stdio_output@@V?$positional_parameter_base@_WV?$stream_output_adapter@_W@__crt_stdio_output@@@2@@1@AAE_NXZ@@Z 10024cf1 f i libucrt:output.obj
 0001:00023d11       ??$extract_argument_from_va_list@PAUansi_string@?1??type_case_Z@?$output_processor@_WV?$stream_output_adapter@_W@__crt_stdio_output@@V?$standard_base@_WV?$stream_output_adapter@_W@__crt_stdio_output@@@2@@__crt_stdio_output@@AAE_NXZ@PAU1?1??234@AAE_NXZ@@?$standard_base@_WV?$stream_output_adapter@_W@__crt_stdio_output@@@__crt_stdio_output@@IAE_NAAPAUansi_string@?1??type_case_Z@?$output_processor@_WV?$stream_output_adapter@_W@__crt_stdio_output@@V?$standard_base@_WV?$stream_output_adapter@_W@__crt_stdio_output@@@2@@1@AAE_NXZ@@Z 10024d11 f i libucrt:output.obj
 0001:00023d31       ??$extract_argument_from_va_list@PAUansi_string@?1??type_case_Z@?$output_processor@_WV?$string_output_adapter@_W@__crt_stdio_output@@V?$format_validation_base@_WV?$string_output_adapter@_W@__crt_stdio_output@@@2@@__crt_stdio_output@@AAE_NXZ@PAU1?1??234@AAE_NXZ@@?$standard_base@_WV?$string_output_adapter@_W@__crt_stdio_output@@@__crt_stdio_output@@IAE_NAAPAUansi_string@?1??type_case_Z@?$output_processor@_WV?$string_output_adapter@_W@__crt_stdio_output@@V?$format_validation_base@_WV?$string_output_adapter@_W@__crt_stdio_output@@@2@@1@AAE_NXZ@@Z 10024d31 f i libucrt:output.obj
 0001:00023d51       ??$extract_argument_from_va_list@PAUansi_string@?1??type_case_Z@?$output_processor@_WV?$string_output_adapter@_W@__crt_stdio_output@@V?$positional_parameter_base@_WV?$string_output_adapter@_W@__crt_stdio_output@@@2@@__crt_stdio_output@@AAE_NXZ@PAU1?1??234@AAE_NXZ@@?$positional_parameter_base@_WV?$string_output_adapter@_W@__crt_stdio_output@@@__crt_stdio_output@@IAE_NAAPAUansi_string@?1??type_case_Z@?$output_processor@_WV?$string_output_adapter@_W@__crt_stdio_output@@V?$positional_parameter_base@_WV?$string_output_adapter@_W@__crt_stdio_output@@@2@@1@AAE_NXZ@@Z 10024d51 f i libucrt:output.obj
 0001:00023dee       ??$extract_argument_from_va_list@PAUansi_string@?1??type_case_Z@?$output_processor@_WV?$string_output_adapter@_W@__crt_stdio_output@@V?$positional_parameter_base@_WV?$string_output_adapter@_W@__crt_stdio_output@@@2@@__crt_stdio_output@@AAE_NXZ@PAU1?1??234@AAE_NXZ@@?$standard_base@_WV?$string_output_adapter@_W@__crt_stdio_output@@@__crt_stdio_output@@IAE_NAAPAUansi_string@?1??type_case_Z@?$output_processor@_WV?$string_output_adapter@_W@__crt_stdio_output@@V?$positional_parameter_base@_WV?$string_output_adapter@_W@__crt_stdio_output@@@2@@1@AAE_NXZ@@Z 10024dee f i libucrt:output.obj
 0001:00023e0e       ??$extract_argument_from_va_list@PAUansi_string@?1??type_case_Z@?$output_processor@_WV?$string_output_adapter@_W@__crt_stdio_output@@V?$standard_base@_WV?$string_output_adapter@_W@__crt_stdio_output@@@2@@__crt_stdio_output@@AAE_NXZ@PAU1?1??234@AAE_NXZ@@?$standard_base@_WV?$string_output_adapter@_W@__crt_stdio_output@@@__crt_stdio_output@@IAE_NAAPAUansi_string@?1??type_case_Z@?$output_processor@_WV?$string_output_adapter@_W@__crt_stdio_output@@V?$standard_base@_WV?$string_output_adapter@_W@__crt_stdio_output@@@2@@1@AAE_NXZ@@Z 10024e0e f i libucrt:output.obj
 0001:00023e2e       ??$extract_argument_from_va_list@PAXPAX@?$positional_parameter_base@DV?$stream_output_adapter@D@__crt_stdio_output@@@__crt_stdio_output@@IAE_NAAPAX@Z 10024e2e f i libucrt:output.obj
 0001:00023ecb       ??$extract_argument_from_va_list@PAXPAX@?$positional_parameter_base@DV?$string_output_adapter@D@__crt_stdio_output@@@__crt_stdio_output@@IAE_NAAPAX@Z 10024ecb f i libucrt:output.obj
 0001:00023f68       ??$extract_argument_from_va_list@PAXPAX@?$positional_parameter_base@_WV?$stream_output_adapter@_W@__crt_stdio_output@@@__crt_stdio_output@@IAE_NAAPAX@Z 10024f68 f i libucrt:output.obj
 0001:00024005       ??$extract_argument_from_va_list@PAXPAX@?$positional_parameter_base@_WV?$string_output_adapter@_W@__crt_stdio_output@@@__crt_stdio_output@@IAE_NAAPAX@Z 10025005 f i libucrt:output.obj
 0001:000240a2       ??$extract_argument_from_va_list@PAXPAX@?$standard_base@DV?$stream_output_adapter@D@__crt_stdio_output@@@__crt_stdio_output@@IAE_NAAPAX@Z 100250a2 f i libucrt:output.obj
 0001:000240c2       ??$extract_argument_from_va_list@PAXPAX@?$standard_base@DV?$string_output_adapter@D@__crt_stdio_output@@@__crt_stdio_output@@IAE_NAAPAX@Z 100250c2 f i libucrt:output.obj
 0001:000240e2       ??$extract_argument_from_va_list@PAXPAX@?$standard_base@_WV?$stream_output_adapter@_W@__crt_stdio_output@@@__crt_stdio_output@@IAE_NAAPAX@Z 100250e2 f i libucrt:output.obj
 0001:00024102       ??$extract_argument_from_va_list@PAXPAX@?$standard_base@_WV?$string_output_adapter@_W@__crt_stdio_output@@@__crt_stdio_output@@IAE_NAAPAX@Z 10025102 f i libucrt:output.obj
 0001:00024122       ??$extract_argument_from_va_list@U_CRT_DOUBLE@@U1@@?$positional_parameter_base@DV?$stream_output_adapter@D@__crt_stdio_output@@@__crt_stdio_output@@IAE_NAAU_CRT_DOUBLE@@@Z 10025122 f i libucrt:output.obj
 0001:000241d3       ??$extract_argument_from_va_list@U_CRT_DOUBLE@@U1@@?$positional_parameter_base@DV?$string_output_adapter@D@__crt_stdio_output@@@__crt_stdio_output@@IAE_NAAU_CRT_DOUBLE@@@Z 100251d3 f i libucrt:output.obj
 0001:00024284       ??$extract_argument_from_va_list@U_CRT_DOUBLE@@U1@@?$positional_parameter_base@_WV?$stream_output_adapter@_W@__crt_stdio_output@@@__crt_stdio_output@@IAE_NAAU_CRT_DOUBLE@@@Z 10025284 f i libucrt:output.obj
 0001:00024335       ??$extract_argument_from_va_list@U_CRT_DOUBLE@@U1@@?$positional_parameter_base@_WV?$string_output_adapter@_W@__crt_stdio_output@@@__crt_stdio_output@@IAE_NAAU_CRT_DOUBLE@@@Z 10025335 f i libucrt:output.obj
 0001:000243e6       ??$extract_argument_from_va_list@U_CRT_DOUBLE@@U1@@?$standard_base@DV?$stream_output_adapter@D@__crt_stdio_output@@@__crt_stdio_output@@IAE_NAAU_CRT_DOUBLE@@@Z 100253e6 f i libucrt:output.obj
 0001:0002440e       ??$extract_argument_from_va_list@U_CRT_DOUBLE@@U1@@?$standard_base@DV?$string_output_adapter@D@__crt_stdio_output@@@__crt_stdio_output@@IAE_NAAU_CRT_DOUBLE@@@Z 1002540e f i libucrt:output.obj
 0001:00024436       ??$extract_argument_from_va_list@U_CRT_DOUBLE@@U1@@?$standard_base@_WV?$stream_output_adapter@_W@__crt_stdio_output@@@__crt_stdio_output@@IAE_NAAU_CRT_DOUBLE@@@Z 10025436 f i libucrt:output.obj
 0001:0002445e       ??$extract_argument_from_va_list@U_CRT_DOUBLE@@U1@@?$standard_base@_WV?$string_output_adapter@_W@__crt_stdio_output@@@__crt_stdio_output@@IAE_NAAU_CRT_DOUBLE@@@Z 1002545e f i libucrt:output.obj
 0001:00024486       ??$extract_argument_from_va_list@_J_J@?$positional_parameter_base@DV?$stream_output_adapter@D@__crt_stdio_output@@@__crt_stdio_output@@IAE_NAA_J@Z 10025486 f i libucrt:output.obj
 0001:00024537       ??$extract_argument_from_va_list@_J_J@?$positional_parameter_base@DV?$string_output_adapter@D@__crt_stdio_output@@@__crt_stdio_output@@IAE_NAA_J@Z 10025537 f i libucrt:output.obj
 0001:000245e8       ??$extract_argument_from_va_list@_J_J@?$positional_parameter_base@_WV?$stream_output_adapter@_W@__crt_stdio_output@@@__crt_stdio_output@@IAE_NAA_J@Z 100255e8 f i libucrt:output.obj
 0001:00024699       ??$extract_argument_from_va_list@_J_J@?$positional_parameter_base@_WV?$string_output_adapter@_W@__crt_stdio_output@@@__crt_stdio_output@@IAE_NAA_J@Z 10025699 f i libucrt:output.obj
 0001:0002474a       ??$extract_argument_from_va_list@_J_J@?$standard_base@DV?$stream_output_adapter@D@__crt_stdio_output@@@__crt_stdio_output@@IAE_NAA_J@Z 1002574a f i libucrt:output.obj
 0001:00024772       ??$extract_argument_from_va_list@_J_J@?$standard_base@DV?$string_output_adapter@D@__crt_stdio_output@@@__crt_stdio_output@@IAE_NAA_J@Z 10025772 f i libucrt:output.obj
 0001:0002479a       ??$extract_argument_from_va_list@_J_J@?$standard_base@_WV?$stream_output_adapter@_W@__crt_stdio_output@@@__crt_stdio_output@@IAE_NAA_J@Z 1002579a f i libucrt:output.obj
 0001:000247c2       ??$extract_argument_from_va_list@_J_J@?$standard_base@_WV?$string_output_adapter@_W@__crt_stdio_output@@@__crt_stdio_output@@IAE_NAA_J@Z 100257c2 f i libucrt:output.obj
 0001:000247ea       ??$extract_argument_from_va_list@_K_J@?$positional_parameter_base@DV?$stream_output_adapter@D@__crt_stdio_output@@@__crt_stdio_output@@IAE_NAA_J@Z 100257ea f i libucrt:output.obj
 0001:0002489b       ??$extract_argument_from_va_list@_K_J@?$positional_parameter_base@DV?$string_output_adapter@D@__crt_stdio_output@@@__crt_stdio_output@@IAE_NAA_J@Z 1002589b f i libucrt:output.obj
[...]
 0003:000075a0       _CANAC2_1_send_mb3         1007d5a0     <common>
 0003:000078c0       _CANAC2_2_receiveindex_mb2 1007d8c0     <common>
 0003:00007be0       _CANAC2_2_receivemaxindex_mb2 1007dbe0     <common>
 0003:00007c00       _CANAC2_2_sendindex_mb2    1007dc00     <common>
 0003:00007f20       _CANAC2_2_sendmaxindex_mb2 1007df20     <common>
 0003:00007f40       _CANAC2_1_receiveindex_mb2 1007df40     <common>
 0003:00008260       _CANAC2_1_receivemaxindex_mb2 1007e260     <common>
 0003:00008280       _CANAC2_1_sendindex_mb2    1007e280     <common>
 0003:000085a0       _CANAC2_1_sendmaxindex_mb2 1007e5a0     <common>
 0003:000085c0       _CANAC2_2_receive_mb2      1007e5c0     <common>
 0003:000088e0       _CANAC2_2_send_mb2         1007e8e0     <common>
 0003:00008c00       _CANAC2_1_receive_mb2      1007ec00     <common>
 0003:00008f20       _CANAC2_1_send_mb2         1007ef20     <common>
 0003:00009240       _CANAC2_2_receiveindex_mb1 1007f240     <common>
 0003:00009560       _CANAC2_2_receivemaxindex_mb1 1007f560     <common>
 0003:00009580       _CANAC2_2_sendindex_mb1    1007f580     <common>
 0003:000098a0       _CANAC2_2_sendmaxindex_mb1 1007f8a0     <common>
 0003:000098c0       _CANAC2_1_receiveindex_mb1 1007f8c0     <common>
 0003:00009be0       _CANAC2_1_receivemaxindex_mb1 1007fbe0     <common>
 0003:00009c00       _CANAC2_1_sendindex_mb1    1007fc00     <common>
 0003:00009f20       _CANAC2_1_sendmaxindex_mb1 1007ff20     <common>
 0003:00009f40       _CANAC2_2_receive_mb1      1007ff40     <common>
 0003:0000a260       _CANAC2_2_send_mb1         10080260     <common>
 0003:0000a580       _CANAC2_1_receive_mb1      10080580     <common>
 0003:0000a8a0       _CANAC2_1_send_mb1         100808a0     <common>
 0003:0000abc0       _CANAC2_2_receiveindex     10080bc0     <common>
 0003:0000aee0       _CANAC2_2_receivemaxindex  10080ee0     <common>
 0003:0000af00       _CANAC2_2_sendindex        10080f00     <common>
 0003:0000b220       _CANAC2_2_sendmaxindex     10081220     <common>
 0003:0000b240       _CANAC2_1_receiveindex     10081240     <common>
 0003:0000b560       _CANAC2_1_receivemaxindex  10081560     <common>
 0003:0000b580       _CANAC2_1_sendindex        10081580     <common>
 0003:0000b8a0       _CANAC2_1_sendmaxindex     100818a0     <common>
 0003:0000b8c0       _CANAC2_2_receive          100818c0     <common>
 0003:0000bbe0       _CANAC2_2_send             10081be0     <common>
 0003:0000bf00       _CANAC2_1_receive          10081f00     <common>
 0003:0000c220       _CANAC2_1_send             10082220     <common>
 0003:0000c540       _siepowercan_can_object_buffer_port2 10082540     <common>
 0003:00010560       _siepowercan_can_object_buffer_port1 10086560     <common>
 0003:00014560       _rtNaNF                    1008a560     <common>
 0003:00014574       _rtMinusInfF               1008a574     <common>
 0003:00014578       _rtInfF                    1008a578     <common>
 0003:00014580       _rtNaN                     1008a580     <common>
 0003:00014588       _rtMinusInf                1008a588     <common>
 0003:00014590       _rtInf                     1008a590     <common>
 0003:00014598       ?_OptionsStorage@?1??__local_stdio_printf_options@@9@9 1008a598     <common>
 0003:00014980       _PID_LoadCell_Magnet_M_    1008a980     <common>
 0003:00015ac0       _PID_LoadCell_Magnet_Y     1008bac0     <common>
 0003:00015ae0       _PID_LoadCell_Magnet_DW    1008bae0     <common>
 0003:00015bc0       _PID_LoadCell_Magnet_X     1008bbc0     <common>
 0003:00015be0       _PID_LoadCell_Magnet_B     1008bbe0     <common>
 0003:00015c98       _CloseClientSocket         1008bc98     <common>
 0003:00015d00       _ConnectClientSocket       1008bd00     <common>
 0003:00015d04       _BindClientSocket          1008bd04     <common>
 0003:00015d08       _CreateClientSocket        1008bd08     <common>
 0003:00015d0c       _CloseServerSocket         1008bd0c     <common>
 0003:00015d10       _ConnectServerSocket       1008bd10     <common>
 0003:00015d14       _OpenServerListen          1008bd14     <common>
 0003:00015d18       _CreateServerSocket        1008bd18     <common>
 0003:00015d1c       _SocketReceive             1008bd1c     <common>
 0003:00015d20       _SocketSend                1008bd20     <common>
 0003:00015d24       _GetSocketState            1008bd24     <common>
 0003:00015d28       _GetSocket                 1008bd28     <common>
 0003:00015d2c       _socket                    1008bd2c     <common>
 0003:00015d30       _inet_addr                 1008bd30     <common>
 0003:00015d34       _sendto                    1008bd34     <common>
 0003:00015d38       _recvfrom                  1008bd38     <common>
 0003:00015d3c       _listen                    1008bd3c     <common>
 0003:00015d40       _ioctlsocket               1008bd40     <common>
 0003:00015d44       _connect                   1008bd44     <common>
 0003:00015d48       _closesocket               1008bd48     <common>
 0003:00015d4c       _setsockopt                1008bd4c     <common>
 0003:00015d50       _bind                      1008bd50     <common>
 0003:00015d54       _accept                    1008bd54     <common>
 0003:00015d58       _GetHostTarIPAdd           1008bd58     <common>
 0003:00015d5c       _GetDCUUsage               1008bd5c     <common>
 0003:00015d60       _DeleteRoute               1008bd60     <common>
 0003:00015d64       _AddGatewayRoute           1008bd64     <common>
 0003:00015d68       _SetIP                     1008bd68     <common>
 0003:00015d6c       _CloseInterface            1008bd6c     <common>
 0003:00015d70       _OpenInterface             1008bd70     <common>
 0003:00015d74       _SetIPTASKPriority         1008bd74     <common>
 0003:00015d78       _isUsedByRTIP              1008bd78     <common>
 0003:00015d7c       _slrtWarning               1008bd7c     <common>
 0003:00015d80       _slrtGetCPUTCelsius        1008bd80     <common>
 0003:00015d84       _geterrorstring            1008bd84     <common>
 0003:00015d88       _getlasterror              1008bd88     <common>
 0003:00015d8c       _slrtLogEvent              1008bd8c     <common>
 0003:00015d90       _slrtGetDefaultDrive       1008bd90     <common>
 0003:00015d94       _slrtfsFread               1008bd94     <common>
 0003:00015d98       _slrtfsGetFileStatus       1008bd98     <common>
 0003:00015d9c       _slrtfsOpenFileAsync       1008bd9c     <common>
 0003:00015da0       _slrtfsCloseFileAsync      1008bda0     <common>
 0003:00015da4       _slrtfsGetFileErrorMessage 1008bda4     <common>
 0003:00015da8       _slrtfsGetFileError        1008bda8     <common>
 0003:00015dac       _slrtfsWriteToFile         1008bdac     <common>
 0003:00015db0       _slrtfsCloseFile           1008bdb0     <common>
 0003:00015db4       _slrtfsOpenFile            1008bdb4     <common>
 0003:00015db8       _slrtGetSgCRBSpace         1008bdb8     <common>
 0003:00015dbc       _slrtGetCRBScratchSpace    1008bdbc     <common>
 0003:00015dc0       _slrteSetupMSI             1008bdc0     <common>
 0003:00015dc4       _slTestRegAssessment       1008bdc4     <common>
 0003:00015dc8       _slTestTerminate           1008bdc8     <common>
 0003:00015dcc       _slTestEvalOnFail          1008bdcc     <common>
 0003:00015dd0       _slTestLogAssessments      1008bdd0     <common>
 0003:00015dd4       _slTestInitialize          1008bdd4     <common>
 0003:00015dd8       _unRegisterPTPTimeRead     1008bdd8     <common>
 0003:00015ddc       _registerPTPTimeRead       1008bddc     <common>
 0003:00015de0       _slrteGetCurrentStepSize   1008bde0     <common>
 0003:00015de4       _slrteSetStepSizeDelta     1008bde4     <common>
 0003:00015de8       _xpceGetIntTimerGranularityNS 1008bde8     <common>
 0003:00015dec       _xpceDAQUpdateTimeStamp    1008bdec     <common>
 0003:00015df0       _xpceDAQPostEvent          1008bdf0     <common>
 0003:00015df4       _StreamVideo               1008bdf4     <common>
 0003:00015df8       _StopVideoDisplay          1008bdf8     <common>
 0003:00015dfc       _StartVideoDisplay         1008bdfc     <common>
 0003:00015e00       _DestroyVideoDisplay       1008be00     <common>
 0003:00015e04       _CreateVideoDisplay        1008be04     <common>
 0003:00015e08       _ConvertUImage             1008be08     <common>
 0003:00015e0c       _StopVideo                 1008be0c     <common>
 0003:00015e10       _ReadFrameBuffer           1008be10     <common>
 0003:00015e14       _StartVideo                1008be14     <common>
 0003:00015e18       _GetVideoConfigs           1008be18     <common>
 0003:00015e1c       _FindUsbVideoDevice        1008be1c     <common>
 0003:00015e20       _xpceDeleteSemaphore       1008be20     <common>
 0003:00015e24       _xpceSignalSemaphore       1008be24     <common>
 0003:00015e28       _xpceWaitSemaphore         1008be28     <common>
 0003:00015e2c       _xpceCreateSemaphore       1008be2c     <common>
 0003:00015e30       _TBGiveSpinFast            1008be30     <common>
 0003:00015e34       _TBTakeSpinFast            1008be34     <common>
 0003:00015e38       _TBDeleteSpin              1008be38     <common>
 0003:00015e3c       _TBCreateSpin              1008be3c     <common>
 0003:00015e40       _xpceScopeAcqOK            1008be40     <common>
 0003:00015e44       _rl32eRestartAcquisition   1008be44     <common>
 0003:00015e48       _rl32eSetTargetScopeSigFt  1008be48     <common>
 0003:00015e4c       _rl32eSetTargetScope       1008be4c     <common>
 0003:00015e50       _xpceFSScopeSet            1008be50     <common>
 0003:00015e54       _rl32eSetScope             1008be54     <common>
 0003:00015e58       _rl32eAddSignal            1008be58     <common>
 0003:00015e5c       _rl32eGetSignalNo          1008be5c     <common>
 0003:00015e60       _rl32eDefScope             1008be60     <common>
 0003:00015e64       _rl32eScopeExists          1008be64     <common>
 0003:00015e68       _xpceGetParamDims          1008be68     <common>
 0003:00015e6c       _xpceGetParameter          1008be6c     <common>
 0003:00015e70       _xpceSetParameter          1008be70     <common>
 0003:00015e74       _xpceGetSignalValue        1008be74     <common>
 0003:00015e78       _xpceAssignPCIInterrupt    1008be78     <common>
 0003:00015e7c       _rl32eGetPCIInfoAtSlot     1008be7c     <common>
 0003:00015e80       _rl32eGetPCIInfo           1008be80     <common>
 0003:00015e84       _rl32eShowPCIInfo          1008be84     <common>
 0003:00015e88       _rl32eShowPCIDev           1008be88     <common>
 0003:00015e8c       _xpceGetTET                1008be8c     <common>
 0003:00015e90       _xpceaddEvent              1008be90     <common>
 0003:00015e94       _xpceDeRegisterISR         1008be94     <common>
 0003:00015e98       _xpceRegisterISR           1008be98     <common>
 0003:00015e9c       _xpcIsModelInit            1008be9c     <common>
 0003:00015ea0       _xpcGetElapsedTime         1008bea0     <common>
 0003:00015ea4       _xpcBusyWait               1008bea4     <common>
 0003:00015ea8       _xpcFreePhysicalMemory     1008bea8     <common>
 0003:00015eac       _xpcAllocPhysicalMemory    1008beac     <common>
 0003:00015eb0       _xpcReserveMemoryRegion    1008beb0     <common>
 0003:00015eb4       _xpcOutpB                  1008beb4     <common>
 0003:00015eb8       _xpcOutpW                  1008beb8     <common>
 0003:00015ebc       _xpcOutpDW                 1008bebc     <common>
 0003:00015ec0       _xpcInpB                   1008bec0     <common>
 0003:00015ec4       _xpcInpW                   1008bec4     <common>
 0003:00015ec8       _xpcInpDW                  1008bec8     <common>
 0003:00015ecc       ___scrt_ucrt_dll_is_in_use 1008becc     <common>
 0003:00015ed8       ___dyn_tls_init_callback   1008bed8     <common>
 0003:00015ee4       __pDestructExceptionObject 1008bee4     <common>
 0003:00015ef0       __pmatherr                 1008bef0     <common>
 0003:00015efc       ___use_sse2_mathfcns       1008befc     <common>
 0004:00000000       __imp__GetModuleHandleA@4  1008c000     kernel32:KERNEL32.dll
 0004:00000004       __imp__GetProcAddress@8    1008c004     kernel32:KERNEL32.dll
 0004:00000008       __imp__UnhandledExceptionFilter@4 1008c008     kernel32:KERNEL32.dll
 0004:0000000c       __imp__SetUnhandledExceptionFilter@4 1008c00c     kernel32:KERNEL32.dll
 0004:00000010       __imp__GetCurrentProcess@0 1008c010     kernel32:KERNEL32.dll
 0004:00000014       __imp__TerminateProcess@8  1008c014     kernel32:KERNEL32.dll
 0004:00000018       __imp__IsProcessorFeaturePresent@4 1008c018     kernel32:KERNEL32.dll
 0004:0000001c       __imp__QueryPerformanceCounter@4 1008c01c     kernel32:KERNEL32.dll
 0004:00000020       __imp__GetCurrentProcessId@0 1008c020     kernel32:KERNEL32.dll
 0004:00000024       __imp__GetCurrentThreadId@0 1008c024     kernel32:KERNEL32.dll
 0004:00000028       __imp__GetSystemTimeAsFileTime@4 1008c028     kernel32:KERNEL32.dll
 0004:0000002c       __imp__InitializeSListHead@4 1008c02c     kernel32:KERNEL32.dll
 0004:00000030       __imp__IsDebuggerPresent@0 1008c030     kernel32:KERNEL32.dll
 0004:00000034       __imp__GetStartupInfoW@4   1008c034     kernel32:KERNEL32.dll
 0004:00000038       __imp__GetModuleHandleW@4  1008c038     kernel32:KERNEL32.dll
 0004:0000003c       __imp__InterlockedPushEntrySList@8 1008c03c     kernel32:KERNEL32.dll
 0004:00000040       __imp__InterlockedFlushSList@4 1008c040     kernel32:KERNEL32.dll
 0004:00000044       __imp__RtlUnwind@16        1008c044     kernel32:KERNEL32.dll
 0004:00000048       __imp__GetLastError@0      1008c048     kernel32:KERNEL32.dll
 0004:0000004c       __imp__SetLastError@4      1008c04c     kernel32:KERNEL32.dll
 0004:00000050       __imp__EnterCriticalSection@4 1008c050     kernel32:KERNEL32.dll
 0004:00000054       __imp__LeaveCriticalSection@4 1008c054     kernel32:KERNEL32.dll
 0004:00000058       __imp__DeleteCriticalSection@4 1008c058     kernel32:KERNEL32.dll
 0004:0000005c       __imp__InitializeCriticalSectionAndSpinCount@8 1008c05c     kernel32:KERNEL32.dll
 0004:00000060       __imp__TlsAlloc@0          1008c060     kernel32:KERNEL32.dll
 0004:00000064       __imp__TlsGetValue@4       1008c064     kernel32:KERNEL32.dll
 0004:00000068       __imp__TlsSetValue@8       1008c068     kernel32:KERNEL32.dll
 0004:0000006c       __imp__TlsFree@4           1008c06c     kernel32:KERNEL32.dll
 0004:00000070       __imp__FreeLibrary@4       1008c070     kernel32:KERNEL32.dll
 0004:00000074       __imp__LoadLibraryExW@12   1008c074     kernel32:KERNEL32.dll
 0004:00000078       __imp__GetStdHandle@4      1008c078     kernel32:KERNEL32.dll
 0004:0000007c       __imp__GetFileType@4       1008c07c     kernel32:KERNEL32.dll
 0004:00000080       __imp__GetModuleFileNameA@12 1008c080     kernel32:KERNEL32.dll
 0004:00000084       __imp__GetModuleFileNameW@12 1008c084     kernel32:KERNEL32.dll
 0004:00000088       __imp__GetModuleHandleExW@12 1008c088     kernel32:KERNEL32.dll
 0004:0000008c       __imp__WriteConsoleW@20    1008c08c     kernel32:KERNEL32.dll
 0004:00000090       __imp__ExitProcess@4       1008c090     kernel32:KERNEL32.dll
 0004:00000094       __imp__RaiseException@16   1008c094     kernel32:KERNEL32.dll
 0004:00000098       __imp__MultiByteToWideChar@24 1008c098     kernel32:KERNEL32.dll
 0004:0000009c       __imp__WideCharToMultiByte@32 1008c09c     kernel32:KERNEL32.dll
 0004:000000a0       __imp__HeapFree@12         1008c0a0     kernel32:KERNEL32.dll
 0004:000000a4       __imp__HeapAlloc@12        1008c0a4     kernel32:KERNEL32.dll
 0004:000000a8       __imp__GetDateFormatW@24   1008c0a8     kernel32:KERNEL32.dll
 0004:000000ac       __imp__GetTimeFormatW@24   1008c0ac     kernel32:KERNEL32.dll
 0004:000000b0       __imp__CompareStringW@24   1008c0b0     kernel32:KERNEL32.dll
 0004:000000b4       __imp__LCMapStringW@24     1008c0b4     kernel32:KERNEL32.dll
 0004:000000b8       __imp__GetLocaleInfoW@16   1008c0b8     kernel32:KERNEL32.dll
 0004:000000bc       __imp__IsValidLocale@8     1008c0bc     kernel32:KERNEL32.dll
 0004:000000c0       __imp__GetUserDefaultLCID@0 1008c0c0     kernel32:KERNEL32.dll
 0004:000000c4       __imp__EnumSystemLocalesW@8 1008c0c4     kernel32:KERNEL32.dll
 0004:000000c8       __imp__GetCurrentThread@0  1008c0c8     kernel32:KERNEL32.dll
 0004:000000cc       __imp__GetACP@0            1008c0cc     kernel32:KERNEL32.dll
 0004:000000d0       __imp__WriteFile@20        1008c0d0     kernel32:KERNEL32.dll
 0004:000000d4       __imp__OutputDebugStringA@4 1008c0d4     kernel32:KERNEL32.dll
 0004:000000d8       __imp__OutputDebugStringW@4 1008c0d8     kernel32:KERNEL32.dll
 0004:000000dc       __imp__CloseHandle@4       1008c0dc     kernel32:KERNEL32.dll
 0004:000000e0       __imp__WaitForSingleObjectEx@12 1008c0e0     kernel32:KERNEL32.dll
 0004:000000e4       __imp__CreateThread@24     1008c0e4     kernel32:KERNEL32.dll
 0004:000000e8       __imp__SetConsoleCtrlHandler@8 1008c0e8     kernel32:KERNEL32.dll
 0004:000000ec       __imp__HeapReAlloc@16      1008c0ec     kernel32:KERNEL32.dll
 0004:000000f0       __imp__ReadFile@20         1008c0f0     kernel32:KERNEL32.dll
 0004:000000f4       __imp__GetConsoleMode@8    1008c0f4     kernel32:KERNEL32.dll
 0004:000000f8       __imp__ReadConsoleW@20     1008c0f8     kernel32:KERNEL32.dll
 0004:000000fc       __imp__GetConsoleCP@0      1008c0fc     kernel32:KERNEL32.dll
 0004:00000100       __imp__DeleteFileW@4       1008c100     kernel32:KERNEL32.dll
 0004:00000104       __imp__SetFilePointerEx@20 1008c104     kernel32:KERNEL32.dll
 0004:00000108       __imp__FindClose@4         1008c108     kernel32:KERNEL32.dll
 0004:0000010c       __imp__FindFirstFileExA@24 1008c10c     kernel32:KERNEL32.dll
 0004:00000110       __imp__FindFirstFileExW@24 1008c110     kernel32:KERNEL32.dll
 0004:00000114       __imp__FindNextFileA@8     1008c114     kernel32:KERNEL32.dll
 0004:00000118       __imp__FindNextFileW@8     1008c118     kernel32:KERNEL32.dll
 0004:0000011c       __imp__IsValidCodePage@4   1008c11c     kernel32:KERNEL32.dll
 0004:00000120       __imp__GetOEMCP@0          1008c120     kernel32:KERNEL32.dll
 0004:00000124       __imp__GetCPInfo@8         1008c124     kernel32:KERNEL32.dll
 0004:00000128       __imp__GetCommandLineA@0   1008c128     kernel32:KERNEL32.dll
 0004:0000012c       __imp__GetCommandLineW@0   1008c12c     kernel32:KERNEL32.dll
 0004:00000130       __imp__GetEnvironmentStringsW@0 1008c130     kernel32:KERNEL32.dll
 0004:00000134       __imp__FreeEnvironmentStringsW@4 1008c134     kernel32:KERNEL32.dll
 0004:00000138       __imp__SetEnvironmentVariableA@8 1008c138     kernel32:KERNEL32.dll
 0004:0000013c       __imp__SetEnvironmentVariableW@8 1008c13c     kernel32:KERNEL32.dll
 0004:00000140       __imp__GetProcessHeap@0    1008c140     kernel32:KERNEL32.dll
 0004:00000144       __imp__GetStringTypeW@16   1008c144     kernel32:KERNEL32.dll
 0004:00000148       __imp__FlushFileBuffers@4  1008c148     kernel32:KERNEL32.dll
 0004:0000014c       __imp__SetStdHandle@8      1008c14c     kernel32:KERNEL32.dll
 0004:00000150       __imp__CreateFileW@28      1008c150     kernel32:KERNEL32.dll
 0004:00000154       __imp__HeapSize@12         1008c154     kernel32:KERNEL32.dll
 0004:00000158       __imp__SetEndOfFile@4      1008c158     kernel32:KERNEL32.dll
 0004:0000015c       __imp__EncodePointer@4     1008c15c     kernel32:KERNEL32.dll
 0004:00000160       __imp__DecodePointer@4     1008c160     kernel32:KERNEL32.dll
 0004:00000164       \177KERNEL32_NULL_THUNK_DATA 1008c164     kernel32:KERNEL32.dll
 0004:000001d4       __IMPORT_DESCRIPTOR_KERNEL32 1008c1d4     kernel32:KERNEL32.dll
 0004:000001e8       __NULL_IMPORT_DESCRIPTOR   1008c1e8     kernel32:KERNEL32.dll
 0006:00000000       ___guard_check_icall_fptr  1008e000     LIBCMT:guard_support.obj
